Archive member included to satisfy reference by file (symbol)

/opt/devkitpro/libnx/lib/libnx.a(applet.o)
                              main.o (appletMainLoop)
/opt/devkitpro/libnx/lib/libnx.a(hid.o)
                              main.o (hidKeysDown)
/opt/devkitpro/libnx/lib/libnx.a(apm.o)
                              /opt/devkitpro/libnx/lib/libnx.a(applet.o) (apmInitialize)
/opt/devkitpro/libnx/lib/libnx.a(fatal.o)
                              /opt/devkitpro/libnx/lib/libnx.a(applet.o) (fatalThrow)
/opt/devkitpro/libnx/lib/libnx.a(sm.o)
                              /opt/devkitpro/libnx/lib/libnx.a(fatal.o) (smExit)
/opt/devkitpro/libnx/lib/libnx.a(hosversion.o)
                              /opt/devkitpro/libnx/lib/libnx.a(applet.o) (hosversionGet)
/opt/devkitpro/libnx/lib/libnx.a(env.o)
                              /opt/devkitpro/libnx/lib/libnx.a(applet.o) (envIsNso)
/opt/devkitpro/libnx/lib/libnx.a(console.o)
                              main.o (consoleInit)
/opt/devkitpro/libnx/lib/libnx.a(console_sw.o)
                              /opt/devkitpro/libnx/lib/libnx.a(console.o) (getDefaultConsoleRenderer)
/opt/devkitpro/libnx/lib/libnx.a(svc.o)
                              /opt/devkitpro/libnx/lib/libnx.a(applet.o) (svcExitProcess)
/opt/devkitpro/libnx/lib/libnx.a(switch_crt0.o)
                              (_start)
/opt/devkitpro/libnx/lib/libnx.a(default_font.bin.o)
                              /opt/devkitpro/libnx/lib/libnx.a(console.o) (default_font_bin)
/opt/devkitpro/libnx/lib/libnx.a(detect.o)
                              /opt/devkitpro/libnx/lib/libnx.a(fatal.o) (detectKernelVersion)
/opt/devkitpro/libnx/lib/libnx.a(shmem.o)
                              /opt/devkitpro/libnx/lib/libnx.a(hid.o) (shmemLoadRemote)
/opt/devkitpro/libnx/lib/libnx.a(wait.o)
                              /opt/devkitpro/libnx/lib/libnx.a(applet.o) (waitObjects)
/opt/devkitpro/libnx/lib/libnx.a(rwlock.o)
                              /opt/devkitpro/libnx/lib/libnx.a(hid.o) (rwlockReadLock)
/opt/devkitpro/libnx/lib/libnx.a(tmem.o)
                              /opt/devkitpro/libnx/lib/libnx.a(applet.o) (tmemCreate)
/opt/devkitpro/libnx/lib/libnx.a(mutex.o)
                              /opt/devkitpro/libnx/lib/libnx.a(applet.o) (mutexLock)
/opt/devkitpro/libnx/lib/libnx.a(virtmem.o)
                              /opt/devkitpro/libnx/lib/libnx.a(shmem.o) (virtmemReserve)
/opt/devkitpro/libnx/lib/libnx.a(event.o)
                              /opt/devkitpro/libnx/lib/libnx.a(applet.o) (eventLoadRemote)
/opt/devkitpro/libnx/lib/libnx.a(condvar.o)
                              /opt/devkitpro/libnx/lib/libnx.a(rwlock.o) (condvarWaitTimeout)
/opt/devkitpro/libnx/lib/libnx.a(framebuffer.o)
                              /opt/devkitpro/libnx/lib/libnx.a(console_sw.o) (framebufferMakeLinear)
/opt/devkitpro/libnx/lib/libnx.a(default_window.o)
                              /opt/devkitpro/libnx/lib/libnx.a(console_sw.o) (nwindowGetDefault)
/opt/devkitpro/libnx/lib/libnx.a(native_window.o)
                              /opt/devkitpro/libnx/lib/libnx.a(framebuffer.o) (nwindowIsValid)
/opt/devkitpro/libnx/lib/libnx.a(dynamic.o)
                              /opt/devkitpro/libnx/lib/libnx.a(switch_crt0.o) (__nx_dynamic)
/opt/devkitpro/libnx/lib/libnx.a(init.o)
                              /opt/devkitpro/libnx/lib/libnx.a(switch_crt0.o) (__libnx_init)
/opt/devkitpro/libnx/lib/libnx.a(newlib.o)
                              /opt/devkitpro/libnx/lib/libnx.a(init.o) (__libnx_init_time)
/opt/devkitpro/libnx/lib/libnx.a(argv.o)
                              /opt/devkitpro/libnx/lib/libnx.a(init.o) (argvSetup)
/opt/devkitpro/libnx/lib/libnx.a(fs_dev.o)
                              /opt/devkitpro/libnx/lib/libnx.a(init.o) (fsdevMountSdmc)
/opt/devkitpro/libnx/lib/libnx.a(decode_utf8.o)
                              /opt/devkitpro/libnx/lib/libnx.a(fs_dev.o) (decode_utf8)
/opt/devkitpro/libnx/lib/libnx.a(cache.o)
                              /opt/devkitpro/libnx/lib/libnx.a(framebuffer.o) (armDCacheFlush)
/opt/devkitpro/libnx/lib/libnx.a(exception.o)
                              /opt/devkitpro/libnx/lib/libnx.a(switch_crt0.o) (__libnx_exception_entry)
/opt/devkitpro/libnx/lib/libnx.a(readtp.o)
                              /opt/devkitpro/libnx/lib/libnx.a(fs_dev.o) (__aarch64_read_tp)
/opt/devkitpro/libnx/lib/libnx.a(thread.o)
                              /opt/devkitpro/libnx/lib/libnx.a(newlib.o) (threadCreate)
/opt/devkitpro/libnx/lib/libnx.a(nv.o)
                              /opt/devkitpro/libnx/lib/libnx.a(framebuffer.o) (nvInitialize)
/opt/devkitpro/libnx/lib/libnx.a(time.o)
                              /opt/devkitpro/libnx/lib/libnx.a(init.o) (timeInitialize)
/opt/devkitpro/libnx/lib/libnx.a(vi.o)
                              /opt/devkitpro/libnx/lib/libnx.a(default_window.o) (viInitialize)
/opt/devkitpro/libnx/lib/libnx.a(set.o)
                              /opt/devkitpro/libnx/lib/libnx.a(init.o) (setsysInitialize)
[...]
Memory Configuration

Name             Origin             Length             Attributes
*default*        0x0000000000000000 0xffffffffffffffff

Linker script and memory map

                0x0000000000000000                PROVIDE (__start__ = 0x0)
                0x0000000000000000                . = __start__
                0x0000000000000000                __code_start = .

.crt0           0x0000000000000000      0x158
 *(.crt0)
 .crt0          0x0000000000000000      0x158 /opt/devkitpro/libnx/lib/libnx.a(switch_crt0.o)
                0x0000000000000000                _start
                0x0000000000000120                __nx_exit
                0x0000000000000130                __nx_mod0
                0x0000000000000158                . = ALIGN (0x8)

.init           0x0000000000000158       0x38
 *(.init)
 .init          0x0000000000000158       0x18 /opt/devkitpro/devkitA64/lib/gcc/aarch64-none-elf/9.2.0/pic/crti.o
                0x0000000000000158                _init
 .init          0x0000000000000170       0x1c /opt/devkitpro/devkitA64/lib/gcc/aarch64-none-elf/9.2.0/pic/crtn.o
                0x0000000000000190                . = ALIGN (0x8)
 *fill*         0x000000000000018c        0x4 

.plt            0x0000000000000190        0x0
 *(.plt)
 .plt           0x0000000000000190        0x0 /opt/devkitpro/devkitA64/lib/gcc/aarch64-none-elf/9.2.0/pic/crti.o
 *(.iplt)
                0x0000000000000190                . = ALIGN (0x8)

.text           0x00000000000001c0    0x27d00
 *(.text.unlikely .text.*_unlikely .text.unlikely.*)
 *(.text.exit .text.exit.*)
 .text.exit     0x00000000000001c0       0x38 /opt/devkitpro/devkitA64/lib/gcc/aarch64-none-elf/9.2.0/../../../../aarch64-none-elf/lib/pic/libg.a(lib_a-exit.o)
                0x00000000000001c0                exit
 *(.text.startup .text.startup.*)
 *fill*         0x00000000000001f8        0x8 
 .text.startup.main
                0x0000000000000200      0x35c main.o
                0x0000000000000200                main
 *(.text.hot .text.hot.*)
 *(.text .stub .text.* .gnu.linkonce.t.*)
 *fill*         0x000000000000055c        0x4 
 .text.deregister_tm_clones
                0x0000000000000560       0x30 /opt/devkitpro/devkitA64/lib/gcc/aarch64-none-elf/9.2.0/pic/crtbegin.o
 .text.register_tm_clones
                0x0000000000000590       0x40 /opt/devkitpro/devkitA64/lib/gcc/aarch64-none-elf/9.2.0/pic/crtbegin.o
 .text.__do_global_dtors_aux
                0x00000000000005d0       0x48 /opt/devkitpro/devkitA64/lib/gcc/aarch64-none-elf/9.2.0/pic/crtbegin.o
 .text.frame_dummy
                0x0000000000000618       0x34 /opt/devkitpro/devkitA64/lib/gcc/aarch64-none-elf/9.2.0/pic/crtbegin.o
 *fill*         0x000000000000064c        0x4 
 .text.diode    0x0000000000000650      0x18c main.o
                0x0000000000000650                diode
 *fill*         0x00000000000007dc        0x4 
 .text._appletInfiniteSleepLoop
                0x00000000000007e0       0x24 /opt/devkitpro/libnx/lib/libnx.a(applet.o)
 *fill*         0x0000000000000804        0xc 
 .text._appletCmdNoIO
                0x0000000000000810       0xc8 /opt/devkitpro/libnx/lib/libnx.a(applet.o)
 *fill*         0x00000000000008d8        0x8 
 .text._appletCmdNoInOutU64
                0x00000000000008e0       0xe0 /opt/devkitpro/libnx/lib/libnx.a(applet.o)
 .text._appletCmdGetSession
                0x00000000000009c0       0xf4 /opt/devkitpro/libnx/lib/libnx.a(applet.o)
 *fill*         0x0000000000000ab4        0xc 
 .text._appletCmdNoInOutU32
                0x0000000000000ac0       0xdc /opt/devkitpro/libnx/lib/libnx.a(applet.o)
 *fill*         0x0000000000000b9c        0x4 
 .text._appletCmdNoInOutU8
                0x0000000000000ba0       0xe4 /opt/devkitpro/libnx/lib/libnx.a(applet.o)
 *fill*         0x0000000000000c84        0xc 
 .text._appletCmdNoInOutBool
                0x0000000000000c90       0x40 /opt/devkitpro/libnx/lib/libnx.a(applet.o)
 .text._appletGetLaunchReason
                0x0000000000000cd0      0x100 /opt/devkitpro/libnx/lib/libnx.a(applet.o)
 .text._appletSetFocusHandlingMode
                0x0000000000000dd0       0xec /opt/devkitpro/libnx/lib/libnx.a(applet.o)
 *fill*         0x0000000000000ebc        0x4 
 .text._appletGetLibraryAppletInfo
                0x0000000000000ec0       0xdc /opt/devkitpro/libnx/lib/libnx.a(applet.o)
 *fill*         0x0000000000000f9c        0x4 
 .text._appletCmdInU8NoOut.isra.0
                0x0000000000000fa0       0xc4 /opt/devkitpro/libnx/lib/libnx.a(applet.o)
 *fill*         0x0000000000001064        0xc 
 .text._appletCmdInU32NoOut.isra.0
                0x0000000000001070       0xc4 /opt/devkitpro/libnx/lib/libnx.a(applet.o)
 *fill*         0x0000000000001134        0xc 
 .text._appletGetSessionProxy.constprop.0
                0x0000000000001140      0x118 /opt/devkitpro/libnx/lib/libnx.a(applet.o)
 *fill*         0x0000000000001258        0x8 
 .text._appletOpenLibraryAppletProxy.constprop.0
                0x0000000000001260      0x134 /opt/devkitpro/libnx/lib/libnx.a(applet.o)
 *fill*         0x0000000000001394        0xc 
 .text._appletCmdGetHandle.constprop.0
                0x00000000000013a0       0xd8 /opt/devkitpro/libnx/lib/libnx.a(applet.o)
 *fill*         0x0000000000001478        0x8 
 .text._appletCmdGetEvent
                0x0000000000001480       0x68 /opt/devkitpro/libnx/lib/libnx.a(applet.o)
 *fill*         0x00000000000014e8        0x8 
 .text.appletGetAppletType
                0x00000000000014f0       0x10 /opt/devkitpro/libnx/lib/libnx.a(applet.o)
                0x00000000000014f0                appletGetAppletType
 .text.appletSetFocusHandlingMode
                0x0000000000001500      0x110 /opt/devkitpro/libnx/lib/libnx.a(applet.o)
                0x0000000000001500                appletSetFocusHandlingMode
 .text.appletSetCpuBoostMode
                0x0000000000001610       0x60 /opt/devkitpro/libnx/lib/libnx.a(applet.o)
                0x0000000000001610                appletSetCpuBoostMode
 .text.appletCreateManagedDisplayLayer
                0x0000000000001670       0x28 /opt/devkitpro/libnx/lib/libnx.a(applet.o)
                0x0000000000001670                appletCreateManagedDisplayLayer
 *fill*         0x0000000000001698        0x8 
 .text.appletGetAppletResourceUserId
                0x00000000000016a0       0x28 /opt/devkitpro/libnx/lib/libnx.a(applet.o)
                0x00000000000016a0                appletGetAppletResourceUserId
 *fill*         0x00000000000016c8        0x8 
 .text._appletGetIndirectLayerConsumerHandle.isra.0
                0x00000000000016d0      0x10c /opt/devkitpro/libnx/lib/libnx.a(applet.o)
 *fill*         0x00000000000017dc        0x4 
 .text._appletHolderCreateState
                0x00000000000017e0       0x78 /opt/devkitpro/libnx/lib/libnx.a(applet.o)
 *fill*         0x0000000000001858        0x8 
 .text.appletHolderClose
                0x0000000000001860       0xb4 /opt/devkitpro/libnx/lib/libnx.a(applet.o)
                0x0000000000001860                appletHolderClose
 *fill*         0x0000000000001914        0xc 
 .text.appletHolderGetLibraryAppletInfo
                0x0000000000001920       0x18 /opt/devkitpro/libnx/lib/libnx.a(applet.o)
                0x0000000000001920                appletHolderGetLibraryAppletInfo
 *fill*         0x0000000000001938        0x8 
 .text.appletNotifyRunning
                0x0000000000001940       0x58 /opt/devkitpro/libnx/lib/libnx.a(applet.o)
                0x0000000000001940                appletNotifyRunning
 *fill*         0x0000000000001998        0x8 
 .text.appletSetGamePlayRecordingState
                0x00000000000019a0       0x88 /opt/devkitpro/libnx/lib/libnx.a(applet.o)
                0x00000000000019a0                appletSetGamePlayRecordingState
 *fill*         0x0000000000001a28        0x8 
 .text._appletCleanup
                0x0000000000001a30      0xad0 /opt/devkitpro/libnx/lib/libnx.a(applet.o)
 .text.appletExit
                0x0000000000002500       0x44 /opt/devkitpro/libnx/lib/libnx.a(applet.o)
                0x0000000000002500                appletExit
 *fill*         0x0000000000002544        0xc 
 .text._appletExitProcess
                0x0000000000002550       0x20 /opt/devkitpro/libnx/lib/libnx.a(applet.o)
 .text.appletGetLibraryAppletInfo
                0x0000000000002570       0x3c /opt/devkitpro/libnx/lib/libnx.a(applet.o)
                0x0000000000002570                appletGetLibraryAppletInfo
 *fill*         0x00000000000025ac        0x4 
 .text.appletInitialize
                0x00000000000025b0      0xa14 /opt/devkitpro/libnx/lib/libnx.a(applet.o)
                0x00000000000025b0                appletInitialize
 *fill*         0x0000000000002fc4        0xc 
 .text.appletGetMessage
                0x0000000000002fd0       0x70 /opt/devkitpro/libnx/lib/libnx.a(applet.o)
                0x0000000000002fd0                appletGetMessage
 .text.appletProcessMessage
                0x0000000000003040      0x230 /opt/devkitpro/libnx/lib/libnx.a(applet.o)
                0x0000000000003040                appletProcessMessage
 .text.appletMainLoop
                0x0000000000003270       0x34 /opt/devkitpro/libnx/lib/libnx.a(applet.o)
                0x0000000000003270                appletMainLoop
 *fill*         0x00000000000032a4        0xc 
 .text._hidCmdWithNoInput
                0x00000000000032b0       0xec /opt/devkitpro/libnx/lib/libnx.a(hid.o)
 *fill*         0x000000000000339c        0x4 
 .text._hidCmdWithInputU32
                0x00000000000033a0      0x104 /opt/devkitpro/libnx/lib/libnx.a(hid.o)
 *fill*         0x00000000000034a4        0xc 
 .text._hidCreateAppletResource.constprop.0
                0x00000000000034b0       0xf8 /opt/devkitpro/libnx/lib/libnx.a(hid.o)
 *fill*         0x00000000000035a8        0x8 
 .text._hidCmdGetHandle.isra.0.constprop.0
                0x00000000000035b0       0xc4 /opt/devkitpro/libnx/lib/libnx.a(hid.o)
 *fill*         0x0000000000003674        0xc 
 .text._hidCmdWithInputU64.constprop.0
                0x0000000000003680       0xf4 /opt/devkitpro/libnx/lib/libnx.a(hid.o)
 *fill*         0x0000000000003774        0xc 
 .text.hidReset
                0x0000000000003780      0x1f8 /opt/devkitpro/libnx/lib/libnx.a(hid.o)
                0x0000000000003780                hidReset
 *fill*         0x0000000000003978        0x8 
 .text.hidGetSharedmemAddr
                0x0000000000003980        0xc /opt/devkitpro/libnx/lib/libnx.a(hid.o)
                0x0000000000003980                hidGetSharedmemAddr
 *fill*         0x000000000000398c        0x4 
 .text.hidKeysDown
                0x0000000000003990       0x6c /opt/devkitpro/libnx/lib/libnx.a(hid.o)
                0x0000000000003990                hidKeysDown
 *fill*         0x00000000000039fc        0x4 
 .text.hidTouchCount
                0x0000000000003a00        0xc /opt/devkitpro/libnx/lib/libnx.a(hid.o)
                0x0000000000003a00                hidTouchCount
 *fill*         0x0000000000003a0c        0x4 
 .text.hidScanInput
                0x0000000000003a10      0x5c0 /opt/devkitpro/libnx/lib/libnx.a(hid.o)
                0x0000000000003a10                hidScanInput
 .text.hidSetSupportedNpadStyleSet
                0x0000000000003fd0        0x8 /opt/devkitpro/libnx/lib/libnx.a(hid.o)
                0x0000000000003fd0                hidSetSupportedNpadStyleSet
 *fill*         0x0000000000003fd8        0x8 
 .text.hidSetSupportedNpadIdType
                0x0000000000003fe0      0x190 /opt/devkitpro/libnx/lib/libnx.a(hid.o)
                0x0000000000003fe0                hidSetSupportedNpadIdType
 .text.hidSetNpadJoyHoldType
                0x0000000000004170        0x8 /opt/devkitpro/libnx/lib/libnx.a(hid.o)
                0x0000000000004170                hidSetNpadJoyHoldType
 *fill*         0x0000000000004178        0x8 
 .text.hidSetNpadJoyAssignmentModeDual
                0x0000000000004180       0x20 /opt/devkitpro/libnx/lib/libnx.a(hid.o)
                0x0000000000004180                hidSetNpadJoyAssignmentModeDual
 .text.hidFinalizeSevenSixAxisSensor
                0x00000000000041a0       0x80 /opt/devkitpro/libnx/lib/libnx.a(hid.o)
                0x00000000000041a0                hidFinalizeSevenSixAxisSensor
 .text._hidCleanup
                0x0000000000004220      0x100 /opt/devkitpro/libnx/lib/libnx.a(hid.o)
 .text.hidInitialize
                0x0000000000004320      0x1d8 /opt/devkitpro/libnx/lib/libnx.a(hid.o)
                0x0000000000004320                hidInitialize
 *fill*         0x00000000000044f8        0x8 
 .text.hidExit  0x0000000000004500       0x44 /opt/devkitpro/libnx/lib/libnx.a(hid.o)
                0x0000000000004500                hidExit
 *fill*         0x0000000000004544        0xc 
 .text._apmCleanup
                0x0000000000004550       0xc0 /opt/devkitpro/libnx/lib/libnx.a(apm.o)
 .text._apmCmdGetSession.constprop.0
                0x0000000000004610       0xdc /opt/devkitpro/libnx/lib/libnx.a(apm.o)
 *fill*         0x00000000000046ec        0x4 
 .text.apmInitialize
                0x00000000000046f0       0xa0 /opt/devkitpro/libnx/lib/libnx.a(apm.o)
                0x00000000000046f0                apmInitialize
 .text.apmExit  0x0000000000004790       0x44 /opt/devkitpro/libnx/lib/libnx.a(apm.o)
                0x0000000000004790                apmExit
 *fill*         0x00000000000047d4        0xc 
 .text.apmSetPerformanceConfiguration
                0x00000000000047e0       0xc4 /opt/devkitpro/libnx/lib/libnx.a(apm.o)
                0x00000000000047e0                apmSetPerformanceConfiguration
 *fill*         0x00000000000048a4        0xc 
 .text._fatalCmd
                0x00000000000048b0      0x1a0 /opt/devkitpro/libnx/lib/libnx.a(fatal.o)
 .text.fatalThrowWithPolicy
                0x0000000000004a50        0xc /opt/devkitpro/libnx/lib/libnx.a(fatal.o)
                0x0000000000004a50                fatalThrowWithPolicy
 *fill*         0x0000000000004a5c        0x4 
 .text.fatalThrow
                0x0000000000004a60       0x14 /opt/devkitpro/libnx/lib/libnx.a(fatal.o)
                0x0000000000004a60                fatalSimple
                0x0000000000004a60                fatalThrow
 *fill*         0x0000000000004a74        0xc 
 .text._smCleanup
                0x0000000000004a80       0x68 /opt/devkitpro/libnx/lib/libnx.a(sm.o)
 *fill*         0x0000000000004ae8        0x8 
 .text.smAddOverrideHandle
                0x0000000000004af0       0x48 /opt/devkitpro/libnx/lib/libnx.a(sm.o)
                0x0000000000004af0                smAddOverrideHandle
 *fill*         0x0000000000004b38        0x8 
 .text.smGetServiceOverride
                0x0000000000004b40       0x54 /opt/devkitpro/libnx/lib/libnx.a(sm.o)
                0x0000000000004b40                smGetServiceOverride
 *fill*         0x0000000000004b94        0xc 
 .text.smExit   0x0000000000004ba0       0x44 /opt/devkitpro/libnx/lib/libnx.a(sm.o)
                0x0000000000004ba0                smExit
 *fill*         0x0000000000004be4        0xc 
 .text.smGetServiceOriginal
                0x0000000000004bf0       0xcc /opt/devkitpro/libnx/lib/libnx.a(sm.o)
                0x0000000000004bf0                smGetServiceOriginal
 *fill*         0x0000000000004cbc        0x4 
 .text.smInitialize
                0x0000000000004cc0      0x27c /opt/devkitpro/libnx/lib/libnx.a(sm.o)
                0x0000000000004cc0                smInitialize
 *fill*         0x0000000000004f3c        0x4 
 .text.smGetServiceWrapper
                0x0000000000004f40      0x110 /opt/devkitpro/libnx/lib/libnx.a(sm.o)
                0x0000000000004f40                smGetServiceWrapper
 .text.hosversionGet
                0x0000000000005050       0x10 /opt/devkitpro/libnx/lib/libnx.a(hosversion.o)
                0x0000000000005050                hosversionGet
 .text.hosversionSet
                0x0000000000005060       0x10 /opt/devkitpro/libnx/lib/libnx.a(hosversion.o)
                0x0000000000005060                hosversionSet
 .text.envSetup
                0x0000000000005070      0x234 /opt/devkitpro/libnx/lib/libnx.a(env.o)
                0x0000000000005070                envSetup
 *fill*         0x00000000000052a4        0xc 
 .text.envGetMainThreadHandle
                0x00000000000052b0       0x20 /opt/devkitpro/libnx/lib/libnx.a(env.o)
                0x00000000000052b0                envGetMainThreadHandle
 .text.envIsNso
                0x00000000000052d0        0xc /opt/devkitpro/libnx/lib/libnx.a(env.o)
                0x00000000000052d0                envIsNso
 *fill*         0x00000000000052dc        0x4 
 .text.envHasHeapOverride
                0x00000000000052e0       0x14 /opt/devkitpro/libnx/lib/libnx.a(env.o)
                0x00000000000052e0                envHasHeapOverride
 *fill*         0x00000000000052f4        0xc 
 .text.envGetHeapOverrideAddr
                0x0000000000005300        0xc /opt/devkitpro/libnx/lib/libnx.a(env.o)
                0x0000000000005300                envGetHeapOverrideAddr
 *fill*         0x000000000000530c        0x4 
 .text.envGetHeapOverrideSize
                0x0000000000005310        0xc /opt/devkitpro/libnx/lib/libnx.a(env.o)
                0x0000000000005310                envGetHeapOverrideSize
 *fill*         0x000000000000531c        0x4 
 .text.envHasArgv
                0x0000000000005320       0x14 /opt/devkitpro/libnx/lib/libnx.a(env.o)
                0x0000000000005320                envHasArgv
 *fill*         0x0000000000005334        0xc 
 .text.envGetArgv
                0x0000000000005340        0xc /opt/devkitpro/libnx/lib/libnx.a(env.o)
                0x0000000000005340                envGetArgv
 *fill*         0x000000000000534c        0x4 
 .text.envGetExitFuncPtr
                0x0000000000005350        0xc /opt/devkitpro/libnx/lib/libnx.a(env.o)
                0x0000000000005350                envGetExitFuncPtr
 *fill*         0x000000000000535c        0x4 
 .text.envSetExitFuncPtr
                0x0000000000005360        0xc /opt/devkitpro/libnx/lib/libnx.a(env.o)
                0x0000000000005360                envSetExitFuncPtr
 *fill*         0x000000000000536c        0x4 
 .text.consoleDrawChar
                0x0000000000005370       0x48 /opt/devkitpro/libnx/lib/libnx.a(console.o)
 *fill*         0x00000000000053b8        0x8 
 .text.consoleClearLine
                0x00000000000053c0      0x140 /opt/devkitpro/libnx/lib/libnx.a(console.o)
 .text.consoleNewRow
                0x0000000000005500       0x48 /opt/devkitpro/libnx/lib/libnx.a(console.o)
 *fill*         0x0000000000005548        0x8 
 .text.consolePrintChar
                0x0000000000005550      0x120 /opt/devkitpro/libnx/lib/libnx.a(console.o)
 .text.consoleCls
                0x0000000000005670      0x150 /opt/devkitpro/libnx/lib/libnx.a(console.o)
 .text.con_write
                0x00000000000057c0      0x814 /opt/devkitpro/libnx/lib/libnx.a(console.o)
 *fill*         0x0000000000005fd4        0xc 
 .text.consoleInit
                0x0000000000005fe0      0x11c /opt/devkitpro/libnx/lib/libnx.a(console.o)
                0x0000000000005fe0                consoleInit
 *fill*         0x00000000000060fc        0x4 
 .text.consoleExit
                0x0000000000006100       0x48 /opt/devkitpro/libnx/lib/libnx.a(console.o)
                0x0000000000006100                consoleExit
 *fill*         0x0000000000006148        0x8 
 .text.consoleUpdate
                0x0000000000006150       0x2c /opt/devkitpro/libnx/lib/libnx.a(console.o)
                0x0000000000006150                consoleUpdate
 *fill*         0x000000000000617c        0x4 
 .text.ConsoleSwRenderer_flushAndSwap
                0x0000000000006180       0x70 /opt/devkitpro/libnx/lib/libnx.a(console_sw.o)
 .text.ConsoleSwRenderer_scrollWindow
                0x00000000000061f0       0xc8 /opt/devkitpro/libnx/lib/libnx.a(console_sw.o)
 *fill*         0x00000000000062b8        0x8 
 .text.ConsoleSwRenderer_drawChar
                0x00000000000062c0      0x194 /opt/devkitpro/libnx/lib/libnx.a(console_sw.o)
 *fill*         0x0000000000006454        0xc 
 .text.ConsoleSwRenderer_deinit
                0x0000000000006460       0x3c /opt/devkitpro/libnx/lib/libnx.a(console_sw.o)
 *fill*         0x000000000000649c        0x4 
 .text.ConsoleSwRenderer_init
                0x00000000000064a0       0xf4 /opt/devkitpro/libnx/lib/libnx.a(console_sw.o)
 *fill*         0x0000000000006594        0xc 
 .text.getDefaultConsoleRenderer
                0x00000000000065a0        0xc /opt/devkitpro/libnx/lib/libnx.a(console_sw.o)
                0x00000000000065a0                getDefaultConsoleRenderer
 .text.svcSetHeapSize
                0x00000000000065ac       0x14 /opt/devkitpro/libnx/lib/libnx.a(svc.o)
                0x00000000000065ac                svcSetHeapSize
 .text.svcSetMemoryAttribute
                0x00000000000065c0        0x8 /opt/devkitpro/libnx/lib/libnx.a(svc.o)
                0x00000000000065c0                svcSetMemoryAttribute
 .text.svcUnmapMemory
                0x00000000000065c8        0x8 /opt/devkitpro/libnx/lib/libnx.a(svc.o)
                0x00000000000065c8                svcUnmapMemory
 .text.svcQueryMemory
                0x00000000000065d0       0x14 /opt/devkitpro/libnx/lib/libnx.a(svc.o)
                0x00000000000065d0                svcQueryMemory
 .text.svcExitProcess
                0x00000000000065e4        0x8 /opt/devkitpro/libnx/lib/libnx.a(svc.o)
                0x00000000000065e4                svcExitProcess
 .text.svcSleepThread
                0x00000000000065ec        0x8 /opt/devkitpro/libnx/lib/libnx.a(svc.o)
                0x00000000000065ec                svcSleepThread
 .text.svcMapSharedMemory
                0x00000000000065f4        0x8 /opt/devkitpro/libnx/lib/libnx.a(svc.o)
                0x00000000000065f4                svcMapSharedMemory
 .text.svcUnmapSharedMemory
                0x00000000000065fc        0x8 /opt/devkitpro/libnx/lib/libnx.a(svc.o)
                0x00000000000065fc                svcUnmapSharedMemory
 .text.svcCreateTransferMemory
                0x0000000000006604       0x14 /opt/devkitpro/libnx/lib/libnx.a(svc.o)
                0x0000000000006604                svcCreateTransferMemory
 .text.svcCloseHandle
                0x0000000000006618        0x8 /opt/devkitpro/libnx/lib/libnx.a(svc.o)
                0x0000000000006618                svcCloseHandle
 .text.svcResetSignal
                0x0000000000006620        0x8 /opt/devkitpro/libnx/lib/libnx.a(svc.o)
                0x0000000000006620                svcResetSignal
 .text.svcWaitSynchronization
                0x0000000000006628       0x14 /opt/devkitpro/libnx/lib/libnx.a(svc.o)
                0x0000000000006628                svcWaitSynchronization
 .text.svcArbitrateLock
                0x000000000000663c        0x8 /opt/devkitpro/libnx/lib/libnx.a(svc.o)
                0x000000000000663c                svcArbitrateLock
 .text.svcArbitrateUnlock
                0x0000000000006644        0x8 /opt/devkitpro/libnx/lib/libnx.a(svc.o)
                0x0000000000006644                svcArbitrateUnlock
 .text.svcWaitProcessWideKeyAtomic
                0x000000000000664c        0x8 /opt/devkitpro/libnx/lib/libnx.a(svc.o)
                0x000000000000664c                svcWaitProcessWideKeyAtomic
 .text.svcSignalProcessWideKey
                0x0000000000006654        0x8 /opt/devkitpro/libnx/lib/libnx.a(svc.o)
                0x0000000000006654                svcSignalProcessWideKey
 .text.svcConnectToNamedPort
                0x000000000000665c       0x14 /opt/devkitpro/libnx/lib/libnx.a(svc.o)
                0x000000000000665c                svcConnectToNamedPort
 .text.svcSendSyncRequest
                0x0000000000006670        0x8 /opt/devkitpro/libnx/lib/libnx.a(svc.o)
                0x0000000000006670                svcSendSyncRequest
 .text.svcBreak
                0x0000000000006678        0x8 /opt/devkitpro/libnx/lib/libnx.a(svc.o)
                0x0000000000006678                svcBreak
 .text.svcReturnFromException
                0x0000000000006680        0x8 /opt/devkitpro/libnx/lib/libnx.a(svc.o)
                0x0000000000006680                svcReturnFromException
 .text.svcGetInfo
                0x0000000000006688       0x14 /opt/devkitpro/libnx/lib/libnx.a(svc.o)
                0x0000000000006688                svcGetInfo
 .text.svcUnmapTransferMemory
                0x000000000000669c        0x8 /opt/devkitpro/libnx/lib/libnx.a(svc.o)
                0x000000000000669c                svcUnmapTransferMemory
 *fill*         0x00000000000066a4        0xc 
 .text.detectKernelVersion
                0x00000000000066b0      0x17c /opt/devkitpro/libnx/lib/libnx.a(detect.o)
                0x00000000000066b0                detectKernelVersion
 *fill*         0x000000000000682c        0x4 
 .text.detectDebugger
                0x0000000000006830       0x30 /opt/devkitpro/libnx/lib/libnx.a(detect.o)
                0x0000000000006830                detectDebugger
 .text.shmemLoadRemote
                0x0000000000006860       0x14 /opt/devkitpro/libnx/lib/libnx.a(shmem.o)
                0x0000000000006860                shmemLoadRemote
 *fill*         0x0000000000006874        0xc 
 .text.shmemMap
                0x0000000000006880       0x84 /opt/devkitpro/libnx/lib/libnx.a(shmem.o)
                0x0000000000006880                shmemMap
 *fill*         0x0000000000006904        0xc 
 .text.shmemUnmap
                0x0000000000006910       0x58 /opt/devkitpro/libnx/lib/libnx.a(shmem.o)
                0x0000000000006910                shmemUnmap
 *fill*         0x0000000000006968        0x8 
 .text.shmemClose
                0x0000000000006970       0x44 /opt/devkitpro/libnx/lib/libnx.a(shmem.o)
                0x0000000000006970                shmemClose
 *fill*         0x00000000000069b4        0xc 
 .text._waitLoop
                0x00000000000069c0      0x104 /opt/devkitpro/libnx/lib/libnx.a(wait.o)
 *fill*         0x0000000000006ac4        0xc 
 .text._waitObjectsImpl
                0x0000000000006ad0      0x328 /opt/devkitpro/libnx/lib/libnx.a(wait.o)
 *fill*         0x0000000000006df8        0x8 
 .text.waitObjects
                0x0000000000006e00        0xc /opt/devkitpro/libnx/lib/libnx.a(wait.o)
                0x0000000000006e00                waitObjects
 *fill*         0x0000000000006e0c        0x4 
 .text.rwlockReadLock
                0x0000000000006e10       0x98 /opt/devkitpro/libnx/lib/libnx.a(rwlock.o)
                0x0000000000006e10                rwlockReadLock
 *fill*         0x0000000000006ea8        0x8 
 .text.rwlockReadUnlock
                0x0000000000006eb0       0xb4 /opt/devkitpro/libnx/lib/libnx.a(rwlock.o)
                0x0000000000006eb0                rwlockReadUnlock
 *fill*         0x0000000000006f64        0xc 
 .text.rwlockWriteLock
                0x0000000000006f70       0xa4 /opt/devkitpro/libnx/lib/libnx.a(rwlock.o)
                0x0000000000006f70                rwlockWriteLock
 *fill*         0x0000000000007014        0xc 
 .text.rwlockWriteUnlock
                0x0000000000007020       0x78 /opt/devkitpro/libnx/lib/libnx.a(rwlock.o)
                0x0000000000007020                rwlockWriteUnlock
 *fill*         0x0000000000007098        0x8 
 .text.tmemCreate
                0x00000000000070a0       0xa8 /opt/devkitpro/libnx/lib/libnx.a(tmem.o)
                0x00000000000070a0                tmemCreate
 *fill*         0x0000000000007148        0x8 
 .text.tmemUnmap
                0x0000000000007150       0x58 /opt/devkitpro/libnx/lib/libnx.a(tmem.o)
                0x0000000000007150                tmemUnmap
 *fill*         0x00000000000071a8        0x8 
 .text.tmemClose
                0x00000000000071b0       0x68 /opt/devkitpro/libnx/lib/libnx.a(tmem.o)
                0x00000000000071b0                tmemClose
 *fill*         0x0000000000007218        0x8 
 .text.mutexLock
                0x0000000000007220       0x8c /opt/devkitpro/libnx/lib/libnx.a(mutex.o)
                0x0000000000007220                mutexLock
 *fill*         0x00000000000072ac        0x4 
 .text.mutexUnlock
                0x00000000000072b0       0x30 /opt/devkitpro/libnx/lib/libnx.a(mutex.o)
                0x00000000000072b0                mutexUnlock
 .text.rmutexLock
                0x00000000000072e0       0x4c /opt/devkitpro/libnx/lib/libnx.a(mutex.o)
                0x00000000000072e0                rmutexLock
 *fill*         0x000000000000732c        0x4 
 .text.rmutexUnlock
                0x0000000000007330       0x1c /opt/devkitpro/libnx/lib/libnx.a(mutex.o)
                0x0000000000007330                rmutexUnlock
 *fill*         0x000000000000734c        0x4 
 .text._GetRegionFromInfo.isra.0
                0x0000000000007350       0x7c /opt/devkitpro/libnx/lib/libnx.a(virtmem.o)
 *fill*         0x00000000000073cc        0x4 
 .text.virtmemSetup
                0x00000000000073d0      0x114 /opt/devkitpro/libnx/lib/libnx.a(virtmem.o)
                0x00000000000073d0                virtmemSetup
 *fill*         0x00000000000074e4        0xc 
 .text.virtmemReserve
                0x00000000000074f0      0x124 /opt/devkitpro/libnx/lib/libnx.a(virtmem.o)
                0x00000000000074f0                virtmemReserve
 *fill*         0x0000000000007614        0xc 
 .text.virtmemFree
                0x0000000000007620        0x4 /opt/devkitpro/libnx/lib/libnx.a(virtmem.o)
                0x0000000000007620                virtmemFree
 *fill*         0x0000000000007624        0xc 
 .text.eventLoadRemote
                0x0000000000007630        0xc /opt/devkitpro/libnx/lib/libnx.a(event.o)
                0x0000000000007630                eventLoadRemote
 *fill*         0x000000000000763c        0x4 
 .text.eventWait
                0x0000000000007640       0x38 /opt/devkitpro/libnx/lib/libnx.a(event.o)
                0x0000000000007640                eventWait
 *fill*         0x0000000000007678        0x8 
 .text.eventClose
                0x0000000000007680       0x50 /opt/devkitpro/libnx/lib/libnx.a(event.o)
                0x0000000000007680                eventClose
 .text.condvarWaitTimeout
                0x00000000000076d0       0x60 /opt/devkitpro/libnx/lib/libnx.a(condvar.o)
                0x00000000000076d0                condvarWaitTimeout
 .text.framebufferMakeLinear
                0x0000000000007730       0x80 /opt/devkitpro/libnx/lib/libnx.a(framebuffer.o)
                0x0000000000007730                framebufferMakeLinear
 .text.framebufferClose
                0x00000000000077b0       0x84 /opt/devkitpro/libnx/lib/libnx.a(framebuffer.o)
                0x00000000000077b0                framebufferClose
 *fill*         0x0000000000007834        0xc 
 .text.framebufferCreate
                0x0000000000007840      0x29c /opt/devkitpro/libnx/lib/libnx.a(framebuffer.o)
                0x0000000000007840                framebufferCreate
 *fill*         0x0000000000007adc        0x4 
 .text.framebufferBegin
                0x0000000000007ae0       0x88 /opt/devkitpro/libnx/lib/libnx.a(framebuffer.o)
                0x0000000000007ae0                framebufferBegin
 *fill*         0x0000000000007b68        0x8 
 .text.framebufferEnd
                0x0000000000007b70      0x174 /opt/devkitpro/libnx/lib/libnx.a(framebuffer.o)
                0x0000000000007b70                framebufferEnd
 *fill*         0x0000000000007ce4        0xc 
 .text.nwindowGetDefault
                0x0000000000007cf0        0xc /opt/devkitpro/libnx/lib/libnx.a(default_window.o)
                0x0000000000007cf0                nwindowGetDefault
 *fill*         0x0000000000007cfc        0x4 
 .text.__nx_win_init
                0x0000000000007d00       0xc0 /opt/devkitpro/libnx/lib/libnx.a(default_window.o)
                0x0000000000007d00                __nx_win_init
 .text.__nx_win_exit
                0x0000000000007dc0       0x34 /opt/devkitpro/libnx/lib/libnx.a(default_window.o)
                0x0000000000007dc0                __nx_win_exit
 *fill*         0x0000000000007df4        0xc 
 .text._nwindowConnect
                0x0000000000007e00       0x54 /opt/devkitpro/libnx/lib/libnx.a(native_window.o)
 *fill*         0x0000000000007e54        0xc 
 .text._nwindowDisconnect
                0x0000000000007e60       0x40 /opt/devkitpro/libnx/lib/libnx.a(native_window.o)
 .text.nwindowIsValid
                0x0000000000007ea0       0x24 /opt/devkitpro/libnx/lib/libnx.a(native_window.o)
                0x0000000000007ea0                nwindowIsValid
 *fill*         0x0000000000007ec4        0xc 
 .text.nwindowClose
                0x0000000000007ed0       0x6c /opt/devkitpro/libnx/lib/libnx.a(native_window.o)
                0x0000000000007ed0                nwindowClose
 *fill*         0x0000000000007f3c        0x4 
 .text.nwindowCreate
                0x0000000000007f40       0xd0 /opt/devkitpro/libnx/lib/libnx.a(native_window.o)
                0x0000000000007f40                nwindowCreate
 .text.nwindowCreateFromLayer
                0x0000000000008010       0x34 /opt/devkitpro/libnx/lib/libnx.a(native_window.o)
                0x0000000000008010                nwindowCreateFromLayer
 *fill*         0x0000000000008044        0xc 
 .text.nwindowSetDimensions
                0x0000000000008050       0x88 /opt/devkitpro/libnx/lib/libnx.a(native_window.o)
                0x0000000000008050                nwindowSetDimensions
 *fill*         0x00000000000080d8        0x8 
 .text.nwindowConfigureBuffer
                0x00000000000080e0      0x154 /opt/devkitpro/libnx/lib/libnx.a(native_window.o)
                0x00000000000080e0                nwindowConfigureBuffer
 *fill*         0x0000000000008234        0xc 
 .text.nwindowDequeueBuffer
                0x0000000000008240      0x1e0 /opt/devkitpro/libnx/lib/libnx.a(native_window.o)
                0x0000000000008240                nwindowDequeueBuffer
 .text.nwindowQueueBuffer
                0x0000000000008420      0x144 /opt/devkitpro/libnx/lib/libnx.a(native_window.o)
                0x0000000000008420                nwindowQueueBuffer
 *fill*         0x0000000000008564        0xc 
 .text.nwindowReleaseBuffers
                0x0000000000008570       0xac /opt/devkitpro/libnx/lib/libnx.a(native_window.o)
                0x0000000000008570                nwindowReleaseBuffers
 *fill*         0x000000000000861c        0x4 
 .text.__nx_dynamic
                0x0000000000008620       0xa0 /opt/devkitpro/libnx/lib/libnx.a(dynamic.o)
                0x0000000000008620                __nx_dynamic
 .text.__libnx_initheap
                0x00000000000086c0       0xd8 /opt/devkitpro/libnx/lib/libnx.a(init.o)
                0x00000000000086c0                __libnx_initheap
 *fill*         0x0000000000008798        0x8 
 .text.__appInit
                0x00000000000087a0       0xe8 /opt/devkitpro/libnx/lib/libnx.a(init.o)
                0x00000000000087a0                __appInit
 *fill*         0x0000000000008888        0x8 
 .text.__appExit
                0x0000000000008890       0x44 /opt/devkitpro/libnx/lib/libnx.a(init.o)
                0x0000000000008890                __appExit
 *fill*         0x00000000000088d4        0xc 
 .text.__libnx_init
                0x00000000000088e0       0x28 /opt/devkitpro/libnx/lib/libnx.a(init.o)
                0x00000000000088e0                __libnx_init
 *fill*         0x0000000000008908        0x8 
 .text.__libnx_exit
                0x0000000000008910       0x20 /opt/devkitpro/libnx/lib/libnx.a(init.o)
                0x0000000000008910                __libnx_exit
 .text.__syscall_exit
                0x0000000000008930       0x1c /opt/devkitpro/libnx/lib/libnx.a(newlib.o)
                0x0000000000008930                __syscall_exit
 *fill*         0x000000000000894c        0x4 
 .text.__syscall_getreent
                0x0000000000008950       0x34 /opt/devkitpro/libnx/lib/libnx.a(newlib.o)
                0x0000000000008950                __syscall_getreent
 *fill*         0x0000000000008984        0xc 
 .text.__syscall_lock_acquire
                0x0000000000008990        0x4 /opt/devkitpro/libnx/lib/libnx.a(newlib.o)
                0x0000000000008990                __syscall_lock_acquire
 *fill*         0x0000000000008994        0xc 
 .text.__syscall_lock_release
                0x00000000000089a0        0x4 /opt/devkitpro/libnx/lib/libnx.a(newlib.o)
                0x00000000000089a0                __syscall_lock_release
 *fill*         0x00000000000089a4        0xc 
 .text.__syscall_lock_acquire_recursive
                0x00000000000089b0        0x4 /opt/devkitpro/libnx/lib/libnx.a(newlib.o)
                0x00000000000089b0                __syscall_lock_acquire_recursive
 *fill*         0x00000000000089b4        0xc 
 .text.__syscall_lock_release_recursive
                0x00000000000089c0        0x4 /opt/devkitpro/libnx/lib/libnx.a(newlib.o)
                0x00000000000089c0                __syscall_lock_release_recursive
 *fill*         0x00000000000089c4        0xc 
 .text.__libnx_init_time
                0x00000000000089d0      0x23c /opt/devkitpro/libnx/lib/libnx.a(newlib.o)
                0x00000000000089d0                __libnx_init_time
 *fill*         0x0000000000008c0c        0x4 
 .text.newlibSetup
                0x0000000000008c10       0x84 /opt/devkitpro/libnx/lib/libnx.a(newlib.o)
                0x0000000000008c10                newlibSetup
 *fill*         0x0000000000008c94        0xc 
 .text.argvSetup
                0x0000000000008ca0      0x328 /opt/devkitpro/libnx/lib/libnx.a(argv.o)
                0x0000000000008ca0                argvSetup
 *fill*         0x0000000000008fc8        0x8 
 .text.fsdev_link
                0x0000000000008fd0       0x14 /opt/devkitpro/libnx/lib/libnx.a(fs_dev.o)
 *fill*         0x0000000000008fe4        0xc 
 .text.fsdev_dirreset
                0x0000000000008ff0       0x14 /opt/devkitpro/libnx/lib/libnx.a(fs_dev.o)
 *fill*         0x0000000000009004        0xc 
 .text.fsdev_chmod
                0x0000000000009010       0x14 /opt/devkitpro/libnx/lib/libnx.a(fs_dev.o)
 *fill*         0x0000000000009024        0xc 
 .text.error_cmp
                0x0000000000009030       0x1c /opt/devkitpro/libnx/lib/libnx.a(fs_dev.o)
 *fill*         0x000000000000904c        0x4 
 .text.fsdev_translate_error
                0x0000000000009050       0x5c /opt/devkitpro/libnx/lib/libnx.a(fs_dev.o)
 *fill*         0x00000000000090ac        0x4 
 .text.fsdev_fsync
                0x00000000000090b0       0x40 /opt/devkitpro/libnx/lib/libnx.a(fs_dev.o)
 .text.fsdev_ftruncate
                0x00000000000090f0       0x58 /opt/devkitpro/libnx/lib/libnx.a(fs_dev.o)
 *fill*         0x0000000000009148        0x8 
 .text.fsdev_dirclose
                0x0000000000009150       0x20 /opt/devkitpro/libnx/lib/libnx.a(fs_dev.o)
 .text.fsdev_close
                0x0000000000009170       0x1c /opt/devkitpro/libnx/lib/libnx.a(fs_dev.o)
 *fill*         0x000000000000918c        0x4 
 .text.fsdev_converttimetoutc
                0x0000000000009190       0x80 /opt/devkitpro/libnx/lib/libnx.a(fs_dev.o)
 .text.fsdev_fstat
                0x0000000000009210       0xd0 /opt/devkitpro/libnx/lib/libnx.a(fs_dev.o)
 .text.fsdev_seek
                0x00000000000092e0       0xb0 /opt/devkitpro/libnx/lib/libnx.a(fs_dev.o)
 .text.fsdev_read_safe.isra.0
                0x0000000000009390      0x10c /opt/devkitpro/libnx/lib/libnx.a(fs_dev.o)
 *fill*         0x000000000000949c        0x4 
 .text.fsdev_read
                0x00000000000094a0       0xc4 /opt/devkitpro/libnx/lib/libnx.a(fs_dev.o)
 *fill*         0x0000000000009564        0xc 
 .text.fsdev_write_safe.isra.0
                0x0000000000009570       0xfc /opt/devkitpro/libnx/lib/libnx.a(fs_dev.o)
 *fill*         0x000000000000966c        0x4 
 .text.fsdev_write
                0x0000000000009670       0xe0 /opt/devkitpro/libnx/lib/libnx.a(fs_dev.o)
 .text.fsdevFindDevice.part.0
                0x0000000000009750       0xb8 /opt/devkitpro/libnx/lib/libnx.a(fs_dev.o)
 *fill*         0x0000000000009808        0x8 
 .text.fsdev_getfspath
                0x0000000000009810      0x214 /opt/devkitpro/libnx/lib/libnx.a(fs_dev.o)
 *fill*         0x0000000000009a24        0xc 
 .text.fsdev_rmdir
                0x0000000000009a30       0x78 /opt/devkitpro/libnx/lib/libnx.a(fs_dev.o)
 *fill*         0x0000000000009aa8        0x8 
 .text.fsdev_statvfs
                0x0000000000009ab0       0xcc /opt/devkitpro/libnx/lib/libnx.a(fs_dev.o)
 *fill*         0x0000000000009b7c        0x4 
 .text.fsdev_diropen
                0x0000000000009b80       0xf0 /opt/devkitpro/libnx/lib/libnx.a(fs_dev.o)
 .text.fsdev_mkdir
                0x0000000000009c70       0x78 /opt/devkitpro/libnx/lib/libnx.a(fs_dev.o)
 *fill*         0x0000000000009ce8        0x8 
 .text.fsdev_rename
                0x0000000000009cf0      0x104 /opt/devkitpro/libnx/lib/libnx.a(fs_dev.o)
 *fill*         0x0000000000009df4        0xc 
 .text.fsdev_chdir
                0x0000000000009e00      0x114 /opt/devkitpro/libnx/lib/libnx.a(fs_dev.o)
 *fill*         0x0000000000009f14        0xc 
 .text.fsdev_unlink
                0x0000000000009f20       0x78 /opt/devkitpro/libnx/lib/libnx.a(fs_dev.o)
 *fill*         0x0000000000009f98        0x8 
 .text.fsdev_stat
                0x0000000000009fa0      0x1c8 /opt/devkitpro/libnx/lib/libnx.a(fs_dev.o)
 *fill*         0x000000000000a168        0x8 
 .text.fsdev_open
                0x000000000000a170      0x190 /opt/devkitpro/libnx/lib/libnx.a(fs_dev.o)
 .text._fsdevUnmountDeviceStruct.part.0
                0x000000000000a300       0xa8 /opt/devkitpro/libnx/lib/libnx.a(fs_dev.o)
 *fill*         0x000000000000a3a8        0x8 
 .text.fsdev_dirnext
                0x000000000000a3b0      0x180 /opt/devkitpro/libnx/lib/libnx.a(fs_dev.o)
 .text.fsdev_fchmod
                0x000000000000a530       0x14 /opt/devkitpro/libnx/lib/libnx.a(fs_dev.o)
 *fill*         0x000000000000a544        0xc 
 .text.fsdevMountDevice
                0x000000000000a550      0x1c8 /opt/devkitpro/libnx/lib/libnx.a(fs_dev.o)
                0x000000000000a550                fsdevMountDevice
 *fill*         0x000000000000a718        0x8 
 .text.fsdevMountSdmc
                0x000000000000a720       0x48 /opt/devkitpro/libnx/lib/libnx.a(fs_dev.o)
                0x000000000000a720                fsdevMountSdmc
 *fill*         0x000000000000a768        0x8 
 .text.__libnx_init_cwd
                0x000000000000a770       0xcc /opt/devkitpro/libnx/lib/libnx.a(fs_dev.o)
                0x000000000000a770                __libnx_init_cwd
 *fill*         0x000000000000a83c        0x4 
 .text.fsdevUnmountAll
                0x000000000000a840       0x64 /opt/devkitpro/libnx/lib/libnx.a(fs_dev.o)
                0x000000000000a840                fsdevUnmountAll
 *fill*         0x000000000000a8a4        0xc 
 .text.decode_utf8
                0x000000000000a8b0      0x12c /opt/devkitpro/libnx/lib/libnx.a(decode_utf8.o)
                0x000000000000a8b0                decode_utf8
 .text.armDCacheFlush
                0x000000000000a9dc       0x3c /opt/devkitpro/libnx/lib/libnx.a(cache.o)
                0x000000000000a9dc                armDCacheFlush
 .text.__libnx_exception_entry
                0x000000000000aa18      0x1c0 /opt/devkitpro/libnx/lib/libnx.a(exception.o)
                0x000000000000aa18                __libnx_exception_entry
 .text.__libnx_exception_returnentry
                0x000000000000abd8       0x18 /opt/devkitpro/libnx/lib/libnx.a(exception.o)
                0x000000000000abd8                __libnx_exception_returnentry
 .text.__aarch64_read_tp
                0x000000000000abf0        0xc /opt/devkitpro/libnx/lib/libnx.a(readtp.o)
                0x000000000000abf0                __aarch64_read_tp
 *fill*         0x000000000000abfc        0x4 
 .text._nvSetClientPID
                0x000000000000ac00       0xcc /opt/devkitpro/libnx/lib/libnx.a(nv.o)
 *fill*         0x000000000000accc        0x4 
 .text._nvCleanup
                0x000000000000acd0       0xd0 /opt/devkitpro/libnx/lib/libnx.a(nv.o)
 .text._nvCmdInitialize.constprop.0
                0x000000000000ada0       0xdc /opt/devkitpro/libnx/lib/libnx.a(nv.o)
 *fill*         0x000000000000ae7c        0x4 
 .text.nvInitialize
                0x000000000000ae80      0x248 /opt/devkitpro/libnx/lib/libnx.a(nv.o)
                0x000000000000ae80                nvInitialize
 *fill*         0x000000000000b0c8        0x8 
 .text.nvExit   0x000000000000b0d0       0x44 /opt/devkitpro/libnx/lib/libnx.a(nv.o)
                0x000000000000b0d0                nvExit
 *fill*         0x000000000000b114        0xc 
 .text.nvConvertError
                0x000000000000b120      0x140 /opt/devkitpro/libnx/lib/libnx.a(nv.o)
                0x000000000000b120                nvConvertError
 .text.nvOpen   0x000000000000b260      0x110 /opt/devkitpro/libnx/lib/libnx.a(nv.o)
                0x000000000000b260                nvOpen
 .text.nvIoctl  0x000000000000b370      0x24c /opt/devkitpro/libnx/lib/libnx.a(nv.o)
                0x000000000000b370                nvIoctl
 *fill*         0x000000000000b5bc        0x4 
 .text.nvClose  0x000000000000b5c0       0xd4 /opt/devkitpro/libnx/lib/libnx.a(nv.o)
                0x000000000000b5c0                nvClose
 *fill*         0x000000000000b694        0xc 
 .text.nvQueryEvent
                0x000000000000b6a0      0x104 /opt/devkitpro/libnx/lib/libnx.a(nv.o)
                0x000000000000b6a0                nvQueryEvent
 *fill*         0x000000000000b7a4        0xc 
 .text._timeCleanup
                0x000000000000b7b0      0x1c8 /opt/devkitpro/libnx/lib/libnx.a(time.o)
 *fill*         0x000000000000b978        0x8 
 .text._timeCmdNoInOutU64.isra.0.constprop.0
                0x000000000000b980       0xc4 /opt/devkitpro/libnx/lib/libnx.a(time.o)
 *fill*         0x000000000000ba44        0xc 
 .text._timeCmdGetSession.constprop.0
                0x000000000000ba50       0xe4 /opt/devkitpro/libnx/lib/libnx.a(time.o)
 *fill*         0x000000000000bb34        0xc 
 .text.timeInitialize
                0x000000000000bb40      0x1d0 /opt/devkitpro/libnx/lib/libnx.a(time.o)
                0x000000000000bb40                timeInitialize
 .text.timeExit
                0x000000000000bd10       0x44 /opt/devkitpro/libnx/lib/libnx.a(time.o)
                0x000000000000bd10                timeExit
 *fill*         0x000000000000bd54        0xc 
 .text.timeGetServiceSession_SystemClock
                0x000000000000bd60       0x38 /opt/devkitpro/libnx/lib/libnx.a(time.o)
                0x000000000000bd60                timeGetServiceSession_SystemClock
 *fill*         0x000000000000bd98        0x8 
 .text.timeGetCurrentTime
                0x000000000000bda0       0x38 /opt/devkitpro/libnx/lib/libnx.a(time.o)
                0x000000000000bda0                timeGetCurrentTime
 *fill*         0x000000000000bdd8        0x8 
 .text.timeToCalendarTimeWithMyRule
                0x000000000000bde0      0x114 /opt/devkitpro/libnx/lib/libnx.a(time.o)
                0x000000000000bde0                timeToCalendarTimeWithMyRule
 *fill*         0x000000000000bef4        0xc 
 .text.timeToPosixTimeWithMyRule
                0x000000000000bf00      0x100 /opt/devkitpro/libnx/lib/libnx.a(time.o)
                0x000000000000bf00                timeToPosixTimeWithMyRule
 .text._viCleanup
                0x000000000000c000      0x1dc /opt/devkitpro/libnx/lib/libnx.a(vi.o)
 *fill*         0x000000000000c1dc        0x4 
 .text._viCmdGetSessionNoParams.constprop.0
                0x000000000000c1e0       0xe4 /opt/devkitpro/libnx/lib/libnx.a(vi.o)
 *fill*         0x000000000000c2c4        0xc 
 .text._viCmdGetSession.constprop.0
                0x000000000000c2d0       0xe0 /opt/devkitpro/libnx/lib/libnx.a(vi.o)
 .text.viInitialize
                0x000000000000c3b0      0x260 /opt/devkitpro/libnx/lib/libnx.a(vi.o)
                0x000000000000c3b0                viInitialize
 .text.viExit   0x000000000000c610       0x44 /opt/devkitpro/libnx/lib/libnx.a(vi.o)
                0x000000000000c610                viExit
 *fill*         0x000000000000c654        0xc 
 .text.viGetSession_IHOSBinderDriverRelay
                0x000000000000c660        0xc /opt/devkitpro/libnx/lib/libnx.a(vi.o)
                0x000000000000c660                viGetSession_IHOSBinderDriverRelay
 *fill*         0x000000000000c66c        0x4 
 .text.viOpenDisplay
                0x000000000000c670      0x11c /opt/devkitpro/libnx/lib/libnx.a(vi.o)
                0x000000000000c670                viOpenDisplay
 *fill*         0x000000000000c78c        0x4 
 .text.viCloseDisplay
                0x000000000000c790       0xf4 /opt/devkitpro/libnx/lib/libnx.a(vi.o)
                0x000000000000c790                viCloseDisplay
 *fill*         0x000000000000c884        0xc 
 .text.viCloseLayer
                0x000000000000c890       0xf4 /opt/devkitpro/libnx/lib/libnx.a(vi.o)
                0x000000000000c890                viCloseLayer
 *fill*         0x000000000000c984        0xc 
 .text.viCreateLayer
                0x000000000000c990      0x3a0 /opt/devkitpro/libnx/lib/libnx.a(vi.o)
                0x000000000000c990                viCreateLayer
 .text.viSetLayerScalingMode
                0x000000000000cd30       0xd4 /opt/devkitpro/libnx/lib/libnx.a(vi.o)
                0x000000000000cd30                viSetLayerScalingMode
 *fill*         0x000000000000ce04        0xc 
 .text._setsysGetFirmwareVersionImpl
                0x000000000000ce10       0xd0 /opt/devkitpro/libnx/lib/libnx.a(set.o)
 .text._setsysCleanup
                0x000000000000cee0       0x68 /opt/devkitpro/libnx/lib/libnx.a(set.o)
 *fill*         0x000000000000cf48        0x8 
 .text.setsysInitialize
                0x000000000000cf50       0xa0 /opt/devkitpro/libnx/lib/libnx.a(set.o)
                0x000000000000cf50                setsysInitialize
 .text.setsysExit
                0x000000000000cff0       0x44 /opt/devkitpro/libnx/lib/libnx.a(set.o)
                0x000000000000cff0                setsysExit
 *fill*         0x000000000000d034        0xc 
 .text.setsysGetFirmwareVersion
                0x000000000000d040       0x44 /opt/devkitpro/libnx/lib/libnx.a(set.o)
                0x000000000000d040                setsysGetFirmwareVersion
 *fill*         0x000000000000d084        0xc 
 .text._fsCleanup
                0x000000000000d090       0xb4 /opt/devkitpro/libnx/lib/libnx.a(fs.o)
 *fill*         0x000000000000d144        0xc 
 .text._fsCmdNoIO
                0x000000000000d150      0x1dc /opt/devkitpro/libnx/lib/libnx.a(fs.o)
 *fill*         0x000000000000d32c        0x4 
 .text._fsFsCmdWithInPath
                0x000000000000d330      0x1d4 /opt/devkitpro/libnx/lib/libnx.a(fs.o)
 *fill*         0x000000000000d504        0xc 
 .text._fsFsCmdWithTwoInPaths
                0x000000000000d510      0x1fc /opt/devkitpro/libnx/lib/libnx.a(fs.o)
 *fill*         0x000000000000d70c        0x4 
 .text._fsFsOpenCommon
                0x000000000000d710      0x22c /opt/devkitpro/libnx/lib/libnx.a(fs.o)
 *fill*         0x000000000000d93c        0x4 
 .text._fsFsCmdWithInPathAndOutU64
                0x000000000000d940      0x1f0 /opt/devkitpro/libnx/lib/libnx.a(fs.o)
 .text._fsObjectClose
                0x000000000000db30       0xf4 /opt/devkitpro/libnx/lib/libnx.a(fs.o)
 *fill*         0x000000000000dc24        0xc 
 .text._fsCmdGetSession.constprop.0
                0x000000000000dc30      0x16c /opt/devkitpro/libnx/lib/libnx.a(fs.o)
 *fill*         0x000000000000dd9c        0x4 
 .text.fsInitialize
                0x000000000000dda0      0x30c /opt/devkitpro/libnx/lib/libnx.a(fs.o)
                0x000000000000dda0                fsInitialize
 *fill*         0x000000000000e0ac        0x4 
 .text.fsExit   0x000000000000e0b0       0x44 /opt/devkitpro/libnx/lib/libnx.a(fs.o)
                0x000000000000e0b0                fsExit
 *fill*         0x000000000000e0f4        0xc 
 .text.fsOpenSdCardFileSystem
                0x000000000000e100        0x8 /opt/devkitpro/libnx/lib/libnx.a(fs.o)
                0x000000000000e100                fsOpenSdCardFileSystem
 *fill*         0x000000000000e108        0x8 
 .text.fsFsCreateFile
                0x000000000000e110      0x1e4 /opt/devkitpro/libnx/lib/libnx.a(fs.o)
                0x000000000000e110                fsFsCreateFile
 *fill*         0x000000000000e2f4        0xc 
 .text.fsFsDeleteFile
                0x000000000000e300        0x8 /opt/devkitpro/libnx/lib/libnx.a(fs.o)
                0x000000000000e300                fsFsDeleteFile
 *fill*         0x000000000000e308        0x8 
 .text.fsFsCreateDirectory
                0x000000000000e310        0x8 /opt/devkitpro/libnx/lib/libnx.a(fs.o)
                0x000000000000e310                fsFsCreateDirectory
 *fill*         0x000000000000e318        0x8 
 .text.fsFsDeleteDirectory
                0x000000000000e320        0x8 /opt/devkitpro/libnx/lib/libnx.a(fs.o)
                0x000000000000e320                fsFsDeleteDirectory
 *fill*         0x000000000000e328        0x8 
 .text.fsFsRenameFile
                0x000000000000e330        0x8 /opt/devkitpro/libnx/lib/libnx.a(fs.o)
                0x000000000000e330                fsFsRenameFile
 *fill*         0x000000000000e338        0x8 
 .text.fsFsRenameDirectory
                0x000000000000e340        0x8 /opt/devkitpro/libnx/lib/libnx.a(fs.o)
                0x000000000000e340                fsFsRenameDirectory
 *fill*         0x000000000000e348        0x8 
 .text.fsFsGetEntryType
                0x000000000000e350      0x1e8 /opt/devkitpro/libnx/lib/libnx.a(fs.o)
                0x000000000000e350                fsFsGetEntryType
 *fill*         0x000000000000e538        0x8 
 .text.fsFsOpenFile
                0x000000000000e540        0x8 /opt/devkitpro/libnx/lib/libnx.a(fs.o)
                0x000000000000e540                fsFsOpenFile
 *fill*         0x000000000000e548        0x8 
 .text.fsFsOpenDirectory
                0x000000000000e550        0x8 /opt/devkitpro/libnx/lib/libnx.a(fs.o)
                0x000000000000e550                fsFsOpenDirectory
 *fill*         0x000000000000e558        0x8 
 .text.fsFsGetFreeSpace
                0x000000000000e560        0x8 /opt/devkitpro/libnx/lib/libnx.a(fs.o)
                0x000000000000e560                fsFsGetFreeSpace
 *fill*         0x000000000000e568        0x8 
 .text.fsFsGetTotalSpace
                0x000000000000e570        0x8 /opt/devkitpro/libnx/lib/libnx.a(fs.o)
                0x000000000000e570                fsFsGetTotalSpace
 *fill*         0x000000000000e578        0x8 
 .text.fsFsGetFileTimeStampRaw
                0x000000000000e580      0x22c /opt/devkitpro/libnx/lib/libnx.a(fs.o)
                0x000000000000e580                fsFsGetFileTimeStampRaw
 *fill*         0x000000000000e7ac        0x4 
 .text.fsFsClose
                0x000000000000e7b0        0x4 /opt/devkitpro/libnx/lib/libnx.a(fs.o)
                0x000000000000e7b0                fsFsClose
 *fill*         0x000000000000e7b4        0xc 
 .text.fsFileRead
                0x000000000000e7c0      0x218 /opt/devkitpro/libnx/lib/libnx.a(fs.o)
                0x000000000000e7c0                fsFileRead
 *fill*         0x000000000000e9d8        0x8 
 .text.fsFileWrite
                0x000000000000e9e0      0x208 /opt/devkitpro/libnx/lib/libnx.a(fs.o)
                0x000000000000e9e0                fsFileWrite
 *fill*         0x000000000000ebe8        0x8 
 .text.fsFileFlush
                0x000000000000ebf0        0x8 /opt/devkitpro/libnx/lib/libnx.a(fs.o)
                0x000000000000ebf0                fsFileFlush
 *fill*         0x000000000000ebf8        0x8 
 .text.fsFileSetSize
                0x000000000000ec00      0x1e0 /opt/devkitpro/libnx/lib/libnx.a(fs.o)
                0x000000000000ec00                fsFileSetSize
 .text.fsFileGetSize
                0x000000000000ede0      0x1f0 /opt/devkitpro/libnx/lib/libnx.a(fs.o)
                0x000000000000ede0                fsFileGetSize
 .text.fsFileClose
                0x000000000000efd0        0x4 /opt/devkitpro/libnx/lib/libnx.a(fs.o)
                0x000000000000efd0                fsFileClose
 *fill*         0x000000000000efd4        0xc 
 .text.fsDirClose
                0x000000000000efe0        0x4 /opt/devkitpro/libnx/lib/libnx.a(fs.o)
                0x000000000000efe0                fsDirClose
 *fill*         0x000000000000efe4        0xc 
 .text.fsDirRead
                0x000000000000eff0      0x200 /opt/devkitpro/libnx/lib/libnx.a(fs.o)
                0x000000000000eff0                fsDirRead
 .text._nvFenceEventWaitCommon
                0x000000000000f1f0       0x60 /opt/devkitpro/libnx/lib/libnx.a(fence.o)
 .text.nvFenceInit
                0x000000000000f250       0x5c /opt/devkitpro/libnx/lib/libnx.a(fence.o)
                0x000000000000f250                nvFenceInit
 *fill*         0x000000000000f2ac        0x4 
 .text.nvFenceExit
                0x000000000000f2b0       0xb0 /opt/devkitpro/libnx/lib/libnx.a(fence.o)
                0x000000000000f2b0                nvFenceExit
 .text.nvFenceWait
                0x000000000000f360      0x1cc /opt/devkitpro/libnx/lib/libnx.a(fence.o)
                0x000000000000f360                nvFenceWait
 *fill*         0x000000000000f52c        0x4 
 .text.nvMultiFenceWait
                0x000000000000f530       0x74 /opt/devkitpro/libnx/lib/libnx.a(fence.o)
                0x000000000000f530                nvMultiFenceWait
 *fill*         0x000000000000f5a4        0xc 
 .text.nvMapInit
                0x000000000000f5b0       0x6c /opt/devkitpro/libnx/lib/libnx.a(map.o)
                0x000000000000f5b0                nvMapInit
 *fill*         0x000000000000f61c        0x4 
 .text.nvMapExit
                0x000000000000f620       0x68 /opt/devkitpro/libnx/lib/libnx.a(map.o)
                0x000000000000f620                nvMapExit
 *fill*         0x000000000000f688        0x8 
 .text.nvMapClose
                0x000000000000f690       0x80 /opt/devkitpro/libnx/lib/libnx.a(map.o)
                0x000000000000f690                nvMapClose
 .text.nvMapCreate
                0x000000000000f710      0x160 /opt/devkitpro/libnx/lib/libnx.a(map.o)
                0x000000000000f710                nvMapCreate
 .text.nvioctlNvhostCtrl_EventSignal
                0x000000000000f870       0x28 /opt/devkitpro/libnx/lib/libnx.a(nvhost-ctrl.o)
                0x000000000000f870                nvioctlNvhostCtrl_EventSignal
 *fill*         0x000000000000f898        0x8 
 .text.nvioctlNvhostCtrl_EventWait
                0x000000000000f8a0       0x44 /opt/devkitpro/libnx/lib/libnx.a(nvhost-ctrl.o)
                0x000000000000f8a0                nvioctlNvhostCtrl_EventWait
 *fill*         0x000000000000f8e4        0xc 
 .text.nvioctlNvhostCtrl_EventWaitAsync
                0x000000000000f8f0       0x30 /opt/devkitpro/libnx/lib/libnx.a(nvhost-ctrl.o)
                0x000000000000f8f0                nvioctlNvhostCtrl_EventWaitAsync
 .text.nvioctlNvhostCtrl_EventRegister
                0x000000000000f920       0x28 /opt/devkitpro/libnx/lib/libnx.a(nvhost-ctrl.o)
                0x000000000000f920                nvioctlNvhostCtrl_EventRegister
 *fill*         0x000000000000f948        0x8 
 .text.nvioctlNvhostCtrl_EventUnregister
                0x000000000000f950       0x28 /opt/devkitpro/libnx/lib/libnx.a(nvhost-ctrl.o)
                0x000000000000f950                nvioctlNvhostCtrl_EventUnregister
 *fill*         0x000000000000f978        0x8 
 .text.nvioctlNvmap_Create
                0x000000000000f980       0x40 /opt/devkitpro/libnx/lib/libnx.a(nvmap.o)
                0x000000000000f980                nvioctlNvmap_Create
 .text.nvioctlNvmap_Alloc
                0x000000000000f9c0       0x44 /opt/devkitpro/libnx/lib/libnx.a(nvmap.o)
                0x000000000000f9c0                nvioctlNvmap_Alloc
 *fill*         0x000000000000fa04        0xc 
 .text.nvioctlNvmap_Free
                0x000000000000fa10       0x30 /opt/devkitpro/libnx/lib/libnx.a(nvmap.o)
                0x000000000000fa10                nvioctlNvmap_Free
 .text.nvioctlNvmap_GetId
                0x000000000000fa40       0x40 /opt/devkitpro/libnx/lib/libnx.a(nvmap.o)
                0x000000000000fa40                nvioctlNvmap_GetId
 .text.bqRequestBuffer
                0x000000000000fa80       0xd8 /opt/devkitpro/libnx/lib/libnx.a(buffer_producer.o)
                0x000000000000fa80                bqRequestBuffer
 *fill*         0x000000000000fb58        0x8 
 .text.bqDequeueBuffer
                0x000000000000fb60      0x168 /opt/devkitpro/libnx/lib/libnx.a(buffer_producer.o)
                0x000000000000fb60                bqDequeueBuffer
 *fill*         0x000000000000fcc8        0x8 
 .text.bqDetachBuffer
                0x000000000000fcd0       0x9c /opt/devkitpro/libnx/lib/libnx.a(buffer_producer.o)
                0x000000000000fcd0                bqDetachBuffer
 *fill*         0x000000000000fd6c        0x4 
 .text.bqQueueBuffer
                0x000000000000fd70       0xdc /opt/devkitpro/libnx/lib/libnx.a(buffer_producer.o)
                0x000000000000fd70                bqQueueBuffer
 *fill*         0x000000000000fe4c        0x4 
 .text.bqCancelBuffer
                0x000000000000fe50       0x94 /opt/devkitpro/libnx/lib/libnx.a(buffer_producer.o)
                0x000000000000fe50                bqCancelBuffer
 *fill*         0x000000000000fee4        0xc 
 .text.bqConnect
                0x000000000000fef0       0xe8 /opt/devkitpro/libnx/lib/libnx.a(buffer_producer.o)
                0x000000000000fef0                bqConnect
 *fill*         0x000000000000ffd8        0x8 
 .text.bqDisconnect
                0x000000000000ffe0       0x9c /opt/devkitpro/libnx/lib/libnx.a(buffer_producer.o)
                0x000000000000ffe0                bqDisconnect
 *fill*         0x000000000001007c        0x4 
 .text.bqSetPreallocatedBuffer
                0x0000000000010080      0x174 /opt/devkitpro/libnx/lib/libnx.a(buffer_producer.o)
                0x0000000000010080                bqSetPreallocatedBuffer
 *fill*         0x00000000000101f4        0xc 
 .text.binderCreate
                0x0000000000010200       0x18 /opt/devkitpro/libnx/lib/libnx.a(binder.o)
                0x0000000000010200                binderCreate
 *fill*         0x0000000000010218        0x8 
 .text.binderTransactParcel
                0x0000000000010220      0x39c /opt/devkitpro/libnx/lib/libnx.a(binder.o)
                0x0000000000010220                binderTransactParcel
 *fill*         0x00000000000105bc        0x4 
 .text.binderConvertErrorCode
                0x00000000000105c0      0x124 /opt/devkitpro/libnx/lib/libnx.a(binder.o)
                0x00000000000105c0                binderConvertErrorCode
 *fill*         0x00000000000106e4        0xc 
 .text.binderAdjustRefcount
                0x00000000000106f0      0x120 /opt/devkitpro/libnx/lib/libnx.a(binder.o)
                0x00000000000106f0                binderAdjustRefcount
 .text.binderInitSession
                0x0000000000010810       0x98 /opt/devkitpro/libnx/lib/libnx.a(binder.o)
                0x0000000000010810                binderInitSession
 *fill*         0x00000000000108a8        0x8 
 .text.binderClose
                0x00000000000108b0       0x68 /opt/devkitpro/libnx/lib/libnx.a(binder.o)
                0x00000000000108b0                binderClose
 *fill*         0x0000000000010918        0x8 
 .text.binderGetNativeHandle
                0x0000000000010920      0x154 /opt/devkitpro/libnx/lib/libnx.a(binder.o)
                0x0000000000010920                binderGetNativeHandle
 *fill*         0x0000000000010a74        0xc 
 .text.parcelCreate
                0x0000000000010a80       0x30 /opt/devkitpro/libnx/lib/libnx.a(parcel.o)
                0x0000000000010a80                parcelCreate
 .text.parcelTransact
                0x0000000000010ab0      0x19c /opt/devkitpro/libnx/lib/libnx.a(parcel.o)
                0x0000000000010ab0                parcelTransact
 *fill*         0x0000000000010c4c        0x4 
 .text.parcelWriteData
                0x0000000000010c50       0x88 /opt/devkitpro/libnx/lib/libnx.a(parcel.o)
                0x0000000000010c50                parcelWriteData
 *fill*         0x0000000000010cd8        0x8 
 .text.parcelReadData
                0x0000000000010ce0       0x98 /opt/devkitpro/libnx/lib/libnx.a(parcel.o)
                0x0000000000010ce0                parcelReadData
 *fill*         0x0000000000010d78        0x8 
 .text.parcelWriteInt32
                0x0000000000010d80       0x20 /opt/devkitpro/libnx/lib/libnx.a(parcel.o)
                0x0000000000010d80                parcelWriteInt32
 .text.parcelWriteUInt32
                0x0000000000010da0       0x20 /opt/devkitpro/libnx/lib/libnx.a(parcel.o)
                0x0000000000010da0                parcelWriteUInt32
 .text.parcelWriteString16
                0x0000000000010dc0       0x7c /opt/devkitpro/libnx/lib/libnx.a(parcel.o)
                0x0000000000010dc0                parcelWriteString16
 *fill*         0x0000000000010e3c        0x4 
 .text.parcelWriteInterfaceToken
                0x0000000000010e40       0x30 /opt/devkitpro/libnx/lib/libnx.a(parcel.o)
                0x0000000000010e40                parcelWriteInterfaceToken
 .text.parcelReadInt32
                0x0000000000010e70       0x24 /opt/devkitpro/libnx/lib/libnx.a(parcel.o)
                0x0000000000010e70                parcelReadInt32
 *fill*         0x0000000000010e94        0xc 
 .text.parcelReadFlattenedObject
                0x0000000000010ea0       0x68 /opt/devkitpro/libnx/lib/libnx.a(parcel.o)
                0x0000000000010ea0                parcelReadFlattenedObject
 *fill*         0x0000000000010f08        0x8 
 .text.parcelWriteFlattenedObject
                0x0000000000010f10       0x4c /opt/devkitpro/libnx/lib/libnx.a(parcel.o)
                0x0000000000010f10                parcelWriteFlattenedObject
 *fill*         0x0000000000010f5c        0x4 
 .text.nxlinkSetup
                0x0000000000010f60       0xc4 /opt/devkitpro/libnx/lib/libnx.a(nxlink.o)
                0x0000000000010f60                nxlinkSetup
 *fill*         0x0000000000011024        0xc 
 .text.sessionmgrCreate
                0x0000000000011030      0x180 /opt/devkitpro/libnx/lib/libnx.a(sessionmgr.o)
                0x0000000000011030                sessionmgrCreate
 .text.sessionmgrClose
                0x00000000000111b0       0x84 /opt/devkitpro/libnx/lib/libnx.a(sessionmgr.o)
                0x00000000000111b0                sessionmgrClose
 *fill*         0x0000000000011234        0xc 
 .text.sessionmgrAttachClient
                0x0000000000011240       0xa4 /opt/devkitpro/libnx/lib/libnx.a(sessionmgr.o)
                0x0000000000011240                sessionmgrAttachClient
 *fill*         0x00000000000112e4        0xc 
 .text.sessionmgrDetachClient
                0x00000000000112f0       0x74 /opt/devkitpro/libnx/lib/libnx.a(sessionmgr.o)
                0x00000000000112f0                sessionmgrDetachClient
 *fill*         0x0000000000011364        0x4 
 .text.pow      0x0000000000011368      0x44c /opt/devkitpro/devkitA64/lib/gcc/aarch64-none-elf/9.2.0/../../../../aarch64-none-elf/lib/pic/libm.a(lib_a-pow.o)
                0x0000000000011368                pow
 *fill*         0x00000000000117b4        0x4 
 .text.with_errno
                0x00000000000117b8       0x34 /opt/devkitpro/devkitA64/lib/gcc/aarch64-none-elf/9.2.0/../../../../aarch64-none-elf/lib/pic/libm.a(lib_a-math_err.o)
 *fill*         0x00000000000117ec        0x4 
 .text.xflow    0x00000000000117f0       0x18 /opt/devkitpro/devkitA64/lib/gcc/aarch64-none-elf/9.2.0/../../../../aarch64-none-elf/lib/pic/libm.a(lib_a-math_err.o)
 .text.__math_uflow
                0x0000000000011808        0xc /opt/devkitpro/devkitA64/lib/gcc/aarch64-none-elf/9.2.0/../../../../aarch64-none-elf/lib/pic/libm.a(lib_a-math_err.o)
                0x0000000000011808                __math_uflow
 *fill*         0x0000000000011814        0x4 
 .text.__math_oflow
                0x0000000000011818        0xc /opt/devkitpro/devkitA64/lib/gcc/aarch64-none-elf/9.2.0/../../../../aarch64-none-elf/lib/pic/libm.a(lib_a-math_err.o)
                0x0000000000011818                __math_oflow
 *fill*         0x0000000000011824        0x4 
 .text.__math_divzero
                0x0000000000011828       0x20 /opt/devkitpro/devkitA64/lib/gcc/aarch64-none-elf/9.2.0/../../../../aarch64-none-elf/lib/pic/libm.a(lib_a-math_err.o)
                0x0000000000011828                __math_divzero
 .text.__math_invalid
                0x0000000000011848       0x1c /opt/devkitpro/devkitA64/lib/gcc/aarch64-none-elf/9.2.0/../../../../aarch64-none-elf/lib/pic/libm.a(lib_a-math_err.o)
                0x0000000000011848                __math_invalid
 *fill*         0x0000000000011864        0x4 
 .text.__math_check_uflow
                0x0000000000011868       0x14 /opt/devkitpro/devkitA64/lib/gcc/aarch64-none-elf/9.2.0/../../../../aarch64-none-elf/lib/pic/libm.a(lib_a-math_err.o)
                0x0000000000011868                __math_check_uflow
 *fill*         0x000000000001187c        0x4 
 .text.__math_check_oflow
                0x0000000000011880       0x20 /opt/devkitpro/devkitA64/lib/gcc/aarch64-none-elf/9.2.0/../../../../aarch64-none-elf/lib/pic/libm.a(lib_a-math_err.o)
                0x0000000000011880                __math_check_oflow
 .text.aligned_alloc
                0x00000000000118a0       0x3c /opt/devkitpro/devkitA64/lib/gcc/aarch64-none-elf/9.2.0/../../../../aarch64-none-elf/lib/pic/libg.a(lib_a-aligned_alloc.o)
                0x00000000000118a0                aligned_alloc
 *fill*         0x00000000000118dc        0x4 
 .text.bsearch  0x00000000000118e0       0xb8 /opt/devkitpro/devkitA64/lib/gcc/aarch64-none-elf/9.2.0/../../../../aarch64-none-elf/lib/pic/libg.a(lib_a-bsearch.o)
                0x00000000000118e0                bsearch
 .text.calloc   0x0000000000011998       0x2c /opt/devkitpro/devkitA64/lib/gcc/aarch64-none-elf/9.2.0/../../../../aarch64-none-elf/lib/pic/libg.a(lib_a-calloc.o)
                0x0000000000011998                calloc
 *fill*         0x00000000000119c4        0x4 
 .text._calloc_r
                0x00000000000119c8       0x94 /opt/devkitpro/devkitA64/lib/gcc/aarch64-none-elf/9.2.0/../../../../aarch64-none-elf/lib/pic/libg.a(lib_a-callocr.o)
                0x00000000000119c8                _calloc_r
 *fill*         0x0000000000011a5c        0x4 
 .text.__errno  0x0000000000011a60       0x14 /opt/devkitpro/devkitA64/lib/gcc/aarch64-none-elf/9.2.0/../../../../aarch64-none-elf/lib/pic/libg.a(lib_a-errno.o)
                0x0000000000011a60                __errno
 *fill*         0x0000000000011a74        0x4 
 .text.__libc_fini_array
                0x0000000000011a78       0x4c /opt/devkitpro/devkitA64/lib/gcc/aarch64-none-elf/9.2.0/../../../../aarch64-none-elf/lib/pic/libg.a(lib_a-fini.o)
                0x0000000000011a78                __libc_fini_array
 *fill*         0x0000000000011ac4        0x4 
 .text.gmtime   0x0000000000011ac8       0x2c /opt/devkitpro/devkitA64/lib/gcc/aarch64-none-elf/9.2.0/../../../../aarch64-none-elf/lib/pic/libg.a(lib_a-gmtime.o)
                0x0000000000011ac8                gmtime
 *fill*         0x0000000000011af4        0x4 
 .text.gmtime_r
                0x0000000000011af8      0x29c /opt/devkitpro/devkitA64/lib/gcc/aarch64-none-elf/9.2.0/../../../../aarch64-none-elf/lib/pic/libg.a(lib_a-gmtime_r.o)
                0x0000000000011af8                gmtime_r
 *fill*         0x0000000000011d94        0x4 
 .text.__libc_init_array
                0x0000000000011d98       0x9c /opt/devkitpro/devkitA64/lib/gcc/aarch64-none-elf/9.2.0/../../../../aarch64-none-elf/lib/pic/libg.a(lib_a-init.o)
                0x0000000000011d98                __libc_init_array
 *fill*         0x0000000000011e34        0x4 
 .text.memalign
                0x0000000000011e38       0x2c /opt/devkitpro/devkitA64/lib/gcc/aarch64-none-elf/9.2.0/../../../../aarch64-none-elf/lib/pic/libg.a(lib_a-malign.o)
                0x0000000000011e38                memalign
 *fill*         0x0000000000011e64        0x4 
 .text._memalign_r
                0x0000000000011e68      0x1a0 /opt/devkitpro/devkitA64/lib/gcc/aarch64-none-elf/9.2.0/../../../../aarch64-none-elf/lib/pic/libg.a(lib_a-malignr.o)
                0x0000000000011e68                _memalign_r
 .text.malloc   0x0000000000012008       0x24 /opt/devkitpro/devkitA64/lib/gcc/aarch64-none-elf/9.2.0/../../../../aarch64-none-elf/lib/pic/libg.a(lib_a-malloc.o)
                0x0000000000012008                malloc
 *fill*         0x000000000001202c        0x4 
 .text.free     0x0000000000012030       0x24 /opt/devkitpro/devkitA64/lib/gcc/aarch64-none-elf/9.2.0/../../../../aarch64-none-elf/lib/pic/libg.a(lib_a-malloc.o)
                0x0000000000012030                free
 *fill*         0x0000000000012054        0x4 
 .text._malloc_r
                0x0000000000012058      0x874 /opt/devkitpro/devkitA64/lib/gcc/aarch64-none-elf/9.2.0/../../../../aarch64-none-elf/lib/pic/libg.a(lib_a-mallocr.o)
                0x0000000000012058                _malloc_r
 .text          0x00000000000128cc       0xd8 /opt/devkitpro/devkitA64/lib/gcc/aarch64-none-elf/9.2.0/../../../../aarch64-none-elf/lib/pic/libg.a(lib_a-memchr.o)
                0x00000000000128cc                memchr
 *fill*         0x00000000000129a4       0x1c 
 .text          0x00000000000129c0      0x16c /opt/devkitpro/devkitA64/lib/gcc/aarch64-none-elf/9.2.0/../../../../aarch64-none-elf/lib/pic/libg.a(lib_a-memcpy.o)
                0x00000000000129c0                memcpy
 *fill*         0x0000000000012b2c       0x14 
 .text          0x0000000000012b40      0x1dc /opt/devkitpro/devkitA64/lib/gcc/aarch64-none-elf/9.2.0/../../../../aarch64-none-elf/lib/pic/libg.a(lib_a-memset.o)
                0x0000000000012b40                memset
 *fill*         0x0000000000012d1c        0x4 
 .text.__malloc_lock
                0x0000000000012d20        0xc /opt/devkitpro/devkitA64/lib/gcc/aarch64-none-elf/9.2.0/../../../../aarch64-none-elf/lib/pic/libg.a(lib_a-mlock.o)
                0x0000000000012d20                __malloc_lock
 *fill*         0x0000000000012d2c        0x4 
 .text.__malloc_unlock
                0x0000000000012d30        0xc /opt/devkitpro/devkitA64/lib/gcc/aarch64-none-elf/9.2.0/../../../../aarch64-none-elf/lib/pic/libg.a(lib_a-mlock.o)
                0x0000000000012d30                __malloc_unlock
 *fill*         0x0000000000012d3c        0x4 
 .text.printf   0x0000000000012d40       0x90 /opt/devkitpro/devkitA64/lib/gcc/aarch64-none-elf/9.2.0/../../../../aarch64-none-elf/lib/pic/libg.a(lib_a-printf.o)
                0x0000000000012d40                printf
 .text._puts_r  0x0000000000012dd0       0xd0 /opt/devkitpro/devkitA64/lib/gcc/aarch64-none-elf/9.2.0/../../../../aarch64-none-elf/lib/pic/libg.a(lib_a-puts.o)
                0x0000000000012dd0                _puts_r
 .text.puts     0x0000000000012ea0       0x24 /opt/devkitpro/devkitA64/lib/gcc/aarch64-none-elf/9.2.0/../../../../aarch64-none-elf/lib/pic/libg.a(lib_a-puts.o)
                0x0000000000012ea0                puts
 *fill*         0x0000000000012ec4        0x4 
 .text.rand     0x0000000000012ec8       0x38 /opt/devkitpro/devkitA64/lib/gcc/aarch64-none-elf/9.2.0/../../../../aarch64-none-elf/lib/pic/libg.a(lib_a-rand.o)
                0x0000000000012ec8                rand
 .text.setenv   0x0000000000012f00       0x3c /opt/devkitpro/devkitA64/lib/gcc/aarch64-none-elf/9.2.0/../../../../aarch64-none-elf/lib/pic/libg.a(lib_a-setenv.o)
                0x0000000000012f00                setenv
 *fill*         0x0000000000012f3c        0x4 
 .text._setenv_r
                0x0000000000012f40      0x268 /opt/devkitpro/devkitA64/lib/gcc/aarch64-none-elf/9.2.0/../../../../aarch64-none-elf/lib/pic/libg.a(lib_a-setenv_r.o)
                0x0000000000012f40                _setenv_r
 .text.setvbuf  0x00000000000131a8      0x278 /opt/devkitpro/devkitA64/lib/gcc/aarch64-none-elf/9.2.0/../../../../aarch64-none-elf/lib/pic/libg.a(lib_a-setvbuf.o)
                0x00000000000131a8                setvbuf
 .text.sscanf   0x0000000000013420       0xc0 /opt/devkitpro/devkitA64/lib/gcc/aarch64-none-elf/9.2.0/../../../../aarch64-none-elf/lib/pic/libg.a(lib_a-sscanf.o)
                0x0000000000013420                sscanf
 .text.__sread  0x00000000000134e0       0x50 /opt/devkitpro/devkitA64/lib/gcc/aarch64-none-elf/9.2.0/../../../../aarch64-none-elf/lib/pic/libg.a(lib_a-stdio.o)
                0x00000000000134e0                __sread
 .text.__seofread
                0x0000000000013530        0x8 /opt/devkitpro/devkitA64/lib/gcc/aarch64-none-elf/9.2.0/../../../../aarch64-none-elf/lib/pic/libg.a(lib_a-stdio.o)
                0x0000000000013530                __seofread
 .text.__swrite
                0x0000000000013538       0x6c /opt/devkitpro/devkitA64/lib/gcc/aarch64-none-elf/9.2.0/../../../../aarch64-none-elf/lib/pic/libg.a(lib_a-stdio.o)
                0x0000000000013538                __swrite
 *fill*         0x00000000000135a4        0x4 
 .text.__sseek  0x00000000000135a8       0x50 /opt/devkitpro/devkitA64/lib/gcc/aarch64-none-elf/9.2.0/../../../../aarch64-none-elf/lib/pic/libg.a(lib_a-stdio.o)
                0x00000000000135a8                __sseek
 .text.__sclose
                0x00000000000135f8        0x8 /opt/devkitpro/devkitA64/lib/gcc/aarch64-none-elf/9.2.0/../../../../aarch64-none-elf/lib/pic/libg.a(lib_a-stdio.o)
                0x00000000000135f8                __sclose
 .text          0x0000000000013600       0xdc /opt/devkitpro/devkitA64/lib/gcc/aarch64-none-elf/9.2.0/../../../../aarch64-none-elf/lib/pic/libg.a(lib_a-strchr.o)
                0x0000000000013600                strchr
 *fill*         0x00000000000136dc       0x24 
 .text          0x0000000000013700       0xe4 /opt/devkitpro/devkitA64/lib/gcc/aarch64-none-elf/9.2.0/../../../../aarch64-none-elf/lib/pic/libg.a(lib_a-strcmp.o)
                0x0000000000013700                strcmp
 *fill*         0x00000000000137e4       0x1c 
 .text          0x0000000000013800      0x140 /opt/devkitpro/devkitA64/lib/gcc/aarch64-none-elf/9.2.0/../../../../aarch64-none-elf/lib/pic/libg.a(lib_a-strlen.o)
                0x0000000000013800                strlen
 .text.strncat  0x0000000000013940       0x84 /opt/devkitpro/devkitA64/lib/gcc/aarch64-none-elf/9.2.0/../../../../aarch64-none-elf/lib/pic/libg.a(lib_a-strncat.o)
                0x0000000000013940                strncat
 *fill*         0x00000000000139c4       0x3c 
 .text          0x0000000000013a00      0x1d4 /opt/devkitpro/devkitA64/lib/gcc/aarch64-none-elf/9.2.0/../../../../aarch64-none-elf/lib/pic/libg.a(lib_a-strncmp.o)
                0x0000000000013a1c                strncmp
 *fill*         0x0000000000013bd4        0x4 
 .text.strncpy  0x0000000000013bd8       0x9c /opt/devkitpro/devkitA64/lib/gcc/aarch64-none-elf/9.2.0/../../../../aarch64-none-elf/lib/pic/libg.a(lib_a-strncpy.o)
                0x0000000000013bd8                strncpy
 *fill*         0x0000000000013c74        0xc 
 .text          0x0000000000013c80       0xe0 /opt/devkitpro/devkitA64/lib/gcc/aarch64-none-elf/9.2.0/../../../../aarch64-none-elf/lib/pic/libg.a(lib_a-strnlen.o)
                0x0000000000013ca4                strnlen
 .text._strtoul_l.isra.0
                0x0000000000013d60      0x1ac /opt/devkitpro/devkitA64/lib/gcc/aarch64-none-elf/9.2.0/../../../../aarch64-none-elf/lib/pic/libg.a(lib_a-strtoul.o)
 *fill*         0x0000000000013f0c        0x4 
 .text._strtoul_r
                0x0000000000013f10       0x44 /opt/devkitpro/devkitA64/lib/gcc/aarch64-none-elf/9.2.0/../../../../aarch64-none-elf/lib/pic/libg.a(lib_a-strtoul.o)
                0x0000000000013f10                _strtoul_r
 *fill*         0x0000000000013f54        0x4 
 .text.strtoul  0x0000000000013f58       0x48 /opt/devkitpro/devkitA64/lib/gcc/aarch64-none-elf/9.2.0/../../../../aarch64-none-elf/lib/pic/libg.a(lib_a-strtoul.o)
                0x0000000000013f58                strtoul
 .text.get_arg  0x0000000000013fa0       0x74 /opt/devkitpro/devkitA64/lib/gcc/aarch64-none-elf/9.2.0/../../../../aarch64-none-elf/lib/pic/libg.a(lib_a-svfscanf.o)
 .text.__ssvfscanf_r
                0x0000000000014014     0x3204 /opt/devkitpro/devkitA64/lib/gcc/aarch64-none-elf/9.2.0/../../../../aarch64-none-elf/lib/pic/libg.a(lib_a-svfscanf.o)
                0x0000000000014014                __ssvfscanf_r
 .text.get_arg  0x0000000000017218      0x784 /opt/devkitpro/devkitA64/lib/gcc/aarch64-none-elf/9.2.0/../../../../aarch64-none-elf/lib/pic/libg.a(lib_a-vfprintf.o)
 .text._vfprintf_r
                0x000000000001799c     0x3cc4 /opt/devkitpro/devkitA64/lib/gcc/aarch64-none-elf/9.2.0/../../../../aarch64-none-elf/lib/pic/libg.a(lib_a-vfprintf.o)
                0x000000000001799c                _vfprintf_r
 .text.__sbprintf
                0x000000000001b660       0xf4 /opt/devkitpro/devkitA64/lib/gcc/aarch64-none-elf/9.2.0/../../../../aarch64-none-elf/lib/pic/libg.a(lib_a-vfprintf.o)
 *fill*         0x000000000001b754        0x4 
 .text._wcrtomb_r
                0x000000000001b758       0xd0 /opt/devkitpro/devkitA64/lib/gcc/aarch64-none-elf/9.2.0/../../../../aarch64-none-elf/lib/pic/libg.a(lib_a-wcrtomb.o)
                0x000000000001b758                _wcrtomb_r
 .text._wcsrtombs_r
                0x000000000001b828       0x10 /opt/devkitpro/devkitA64/lib/gcc/aarch64-none-elf/9.2.0/../../../../aarch64-none-elf/lib/pic/libg.a(lib_a-wcsrtombs.o)
                0x000000000001b828                _wcsrtombs_r
 .text.__swsetup_r
                0x000000000001b838      0x138 /opt/devkitpro/devkitA64/lib/gcc/aarch64-none-elf/9.2.0/../../../../aarch64-none-elf/lib/pic/libg.a(lib_a-wsetup.o)
                0x000000000001b838                __swsetup_r
 .text.__call_exitprocs
                0x000000000001b970      0x12c /opt/devkitpro/devkitA64/lib/gcc/aarch64-none-elf/9.2.0/../../../../aarch64-none-elf/lib/pic/libg.a(lib_a-__call_atexit.o)
                0x000000000001b970                __call_exitprocs
 *fill*         0x000000000001ba9c        0x4 
 .text.quorem   0x000000000001baa0      0x19c /opt/devkitpro/devkitA64/lib/gcc/aarch64-none-elf/9.2.0/../../../../aarch64-none-elf/lib/pic/libg.a(lib_a-dtoa.o)
 *fill*         0x000000000001bc3c        0x4 
 .text._dtoa_r  0x000000000001bc40     0x1124 /opt/devkitpro/devkitA64/lib/gcc/aarch64-none-elf/9.2.0/../../../../aarch64-none-elf/lib/pic/libg.a(lib_a-dtoa.o)
                0x000000000001bc40                _dtoa_r
 *fill*         0x000000000001cd64        0x4 
 .text.__env_lock
                0x000000000001cd68        0xc /opt/devkitpro/devkitA64/lib/gcc/aarch64-none-elf/9.2.0/../../../../aarch64-none-elf/lib/pic/libg.a(lib_a-envlock.o)
                0x000000000001cd68                __env_lock
 *fill*         0x000000000001cd74        0x4 
 .text.__env_unlock
                0x000000000001cd78        0xc /opt/devkitpro/devkitA64/lib/gcc/aarch64-none-elf/9.2.0/../../../../aarch64-none-elf/lib/pic/libg.a(lib_a-envlock.o)
                0x000000000001cd78                __env_unlock
 *fill*         0x000000000001cd84        0x4 
 .text.__sflush_r
                0x000000000001cd88      0x214 /opt/devkitpro/devkitA64/lib/gcc/aarch64-none-elf/9.2.0/../../../../aarch64-none-elf/lib/pic/libg.a(lib_a-fflush.o)
                0x000000000001cd88                __sflush_r
 *fill*         0x000000000001cf9c        0x4 
 .text._fflush_r
                0x000000000001cfa0       0xb8 /opt/devkitpro/devkitA64/lib/gcc/aarch64-none-elf/9.2.0/../../../../aarch64-none-elf/lib/pic/libg.a(lib_a-fflush.o)
                0x000000000001cfa0                _fflush_r
 .text.std      0x000000000001d058       0x80 /opt/devkitpro/devkitA64/lib/gcc/aarch64-none-elf/9.2.0/../../../../aarch64-none-elf/lib/pic/libg.a(lib_a-findfp.o)
 .text._cleanup_r
                0x000000000001d0d8        0xc /opt/devkitpro/devkitA64/lib/gcc/aarch64-none-elf/9.2.0/../../../../aarch64-none-elf/lib/pic/libg.a(lib_a-findfp.o)
                0x000000000001d0d8                _cleanup_r
 *fill*         0x000000000001d0e4        0x4 
 .text.__sfp_lock_acquire
                0x000000000001d0e8        0xc /opt/devkitpro/devkitA64/lib/gcc/aarch64-none-elf/9.2.0/../../../../aarch64-none-elf/lib/pic/libg.a(lib_a-findfp.o)
                0x000000000001d0e8                __sfp_lock_acquire
 *fill*         0x000000000001d0f4        0x4 
 .text.__sfp_lock_release
                0x000000000001d0f8        0xc /opt/devkitpro/devkitA64/lib/gcc/aarch64-none-elf/9.2.0/../../../../aarch64-none-elf/lib/pic/libg.a(lib_a-findfp.o)
                0x000000000001d0f8                __sfp_lock_release
 *fill*         0x000000000001d104        0x4 
 .text.__sinit_lock_acquire
                0x000000000001d108        0xc /opt/devkitpro/devkitA64/lib/gcc/aarch64-none-elf/9.2.0/../../../../aarch64-none-elf/lib/pic/libg.a(lib_a-findfp.o)
                0x000000000001d108                __sinit_lock_acquire
 *fill*         0x000000000001d114        0x4 
 .text.__sinit_lock_release
                0x000000000001d118        0xc /opt/devkitpro/devkitA64/lib/gcc/aarch64-none-elf/9.2.0/../../../../aarch64-none-elf/lib/pic/libg.a(lib_a-findfp.o)
                0x000000000001d118                __sinit_lock_release
 *fill*         0x000000000001d124        0x4 
 .text.__sinit  0x000000000001d128       0x80 /opt/devkitpro/devkitA64/lib/gcc/aarch64-none-elf/9.2.0/../../../../aarch64-none-elf/lib/pic/libg.a(lib_a-findfp.o)
                0x000000000001d128                __sinit
 .text._malloc_trim_r
                0x000000000001d1a8      0x118 /opt/devkitpro/devkitA64/lib/gcc/aarch64-none-elf/9.2.0/../../../../aarch64-none-elf/lib/pic/libg.a(lib_a-freer.o)
                0x000000000001d1a8                _malloc_trim_r
 .text._free_r  0x000000000001d2c0      0x300 /opt/devkitpro/devkitA64/lib/gcc/aarch64-none-elf/9.2.0/../../../../aarch64-none-elf/lib/pic/libg.a(lib_a-freer.o)
                0x000000000001d2c0                _free_r
 .text.__sfvwrite_r
                0x000000000001d5c0      0x4b8 /opt/devkitpro/devkitA64/lib/gcc/aarch64-none-elf/9.2.0/../../../../aarch64-none-elf/lib/pic/libg.a(lib_a-fvwrite.o)
                0x000000000001d5c0                __sfvwrite_r
 .text._fwalk_reent
                0x000000000001da78       0xa4 /opt/devkitpro/devkitA64/lib/gcc/aarch64-none-elf/9.2.0/../../../../aarch64-none-elf/lib/pic/libg.a(lib_a-fwalk.o)
                0x000000000001da78                _fwalk_reent
 *fill*         0x000000000001db1c        0x4 
 .text._findenv_r
                0x000000000001db20      0x100 /opt/devkitpro/devkitA64/lib/gcc/aarch64-none-elf/9.2.0/../../../../aarch64-none-elf/lib/pic/libg.a(lib_a-getenv_r.o)
                0x000000000001db20                _findenv_r
 .text.iswspace
                0x000000000001dc20        0x8 /opt/devkitpro/devkitA64/lib/gcc/aarch64-none-elf/9.2.0/../../../../aarch64-none-elf/lib/pic/libg.a(lib_a-iswspace.o)
                0x000000000001dc20                iswspace
 .text.__localeconv_l
                0x000000000001dc28        0x8 /opt/devkitpro/devkitA64/lib/gcc/aarch64-none-elf/9.2.0/../../../../aarch64-none-elf/lib/pic/libg.a(lib_a-localeconv.o)
                0x000000000001dc28                __localeconv_l
 .text._localeconv_r
                0x000000000001dc30       0x28 /opt/devkitpro/devkitA64/lib/gcc/aarch64-none-elf/9.2.0/../../../../aarch64-none-elf/lib/pic/libg.a(lib_a-localeconv.o)
                0x000000000001dc30                _localeconv_r
 .text.__locale_mb_cur_max
                0x000000000001dc58       0x2c /opt/devkitpro/devkitA64/lib/gcc/aarch64-none-elf/9.2.0/../../../../aarch64-none-elf/lib/pic/libg.a(lib_a-locale.o)
                0x000000000001dc58                __locale_mb_cur_max
 *fill*         0x000000000001dc84        0x4 
 .text.__swhatbuf_r
                0x000000000001dc88       0xa4 /opt/devkitpro/devkitA64/lib/gcc/aarch64-none-elf/9.2.0/../../../../aarch64-none-elf/lib/pic/libg.a(lib_a-makebuf.o)
                0x000000000001dc88                __swhatbuf_r
 *fill*         0x000000000001dd2c        0x4 
 .text.__smakebuf_r
                0x000000000001dd30      0x10c /opt/devkitpro/devkitA64/lib/gcc/aarch64-none-elf/9.2.0/../../../../aarch64-none-elf/lib/pic/libg.a(lib_a-makebuf.o)
                0x000000000001dd30                __smakebuf_r
 *fill*         0x000000000001de3c        0x4 
 .text._mbrtowc_r
                0x000000000001de40       0xe8 /opt/devkitpro/devkitA64/lib/gcc/aarch64-none-elf/9.2.0/../../../../aarch64-none-elf/lib/pic/libg.a(lib_a-mbrtowc.o)
                0x000000000001de40                _mbrtowc_r
 .text.__utf8_mbtowc
                0x000000000001df28      0x2c8 /opt/devkitpro/devkitA64/lib/gcc/aarch64-none-elf/9.2.0/../../../../aarch64-none-elf/lib/pic/libg.a(lib_a-mbtowc_r.o)
                0x000000000001df28                __utf8_mbtowc
 *fill*         0x000000000001e1f0       0x10 
 .text          0x000000000001e200       0xac /opt/devkitpro/devkitA64/lib/gcc/aarch64-none-elf/9.2.0/../../../../aarch64-none-elf/lib/pic/libg.a(lib_a-memmove.o)
                0x000000000001e200                memmove
 *fill*         0x000000000001e2ac        0x4 
 .text._Balloc  0x000000000001e2b0       0x90 /opt/devkitpro/devkitA64/lib/gcc/aarch64-none-elf/9.2.0/../../../../aarch64-none-elf/lib/pic/libg.a(lib_a-mprec.o)
                0x000000000001e2b0                _Balloc
 .text._Bfree   0x000000000001e340       0x1c /opt/devkitpro/devkitA64/lib/gcc/aarch64-none-elf/9.2.0/../../../../aarch64-none-elf/lib/pic/libg.a(lib_a-mprec.o)
                0x000000000001e340                _Bfree
 *fill*         0x000000000001e35c        0x4 
 .text.__multadd
                0x000000000001e360       0xd8 /opt/devkitpro/devkitA64/lib/gcc/aarch64-none-elf/9.2.0/../../../../aarch64-none-elf/lib/pic/libg.a(lib_a-mprec.o)
                0x000000000001e360                __multadd
 .text.__s2b    0x000000000001e438      0x12c /opt/devkitpro/devkitA64/lib/gcc/aarch64-none-elf/9.2.0/../../../../aarch64-none-elf/lib/pic/libg.a(lib_a-mprec.o)
                0x000000000001e438                __s2b
 *fill*         0x000000000001e564        0x4 
 .text.__hi0bits
                0x000000000001e568       0x5c /opt/devkitpro/devkitA64/lib/gcc/aarch64-none-elf/9.2.0/../../../../aarch64-none-elf/lib/pic/libg.a(lib_a-mprec.o)
                0x000000000001e568                __hi0bits
 *fill*         0x000000000001e5c4        0x4 
 .text.__lo0bits
                0x000000000001e5c8       0xa0 /opt/devkitpro/devkitA64/lib/gcc/aarch64-none-elf/9.2.0/../../../../aarch64-none-elf/lib/pic/libg.a(lib_a-mprec.o)
                0x000000000001e5c8                __lo0bits
 .text.__i2b    0x000000000001e668       0x2c /opt/devkitpro/devkitA64/lib/gcc/aarch64-none-elf/9.2.0/../../../../aarch64-none-elf/lib/pic/libg.a(lib_a-mprec.o)
                0x000000000001e668                __i2b
 *fill*         0x000000000001e694        0x4 
 .text.__multiply
                0x000000000001e698      0x1dc /opt/devkitpro/devkitA64/lib/gcc/aarch64-none-elf/9.2.0/../../../../aarch64-none-elf/lib/pic/libg.a(lib_a-mprec.o)
                0x000000000001e698                __multiply
 *fill*         0x000000000001e874        0x4 
 .text.__pow5mult
                0x000000000001e878      0x100 /opt/devkitpro/devkitA64/lib/gcc/aarch64-none-elf/9.2.0/../../../../aarch64-none-elf/lib/pic/libg.a(lib_a-mprec.o)
                0x000000000001e878                __pow5mult
 .text.__lshift
                0x000000000001e978      0x154 /opt/devkitpro/devkitA64/lib/gcc/aarch64-none-elf/9.2.0/../../../../aarch64-none-elf/lib/pic/libg.a(lib_a-mprec.o)
                0x000000000001e978                __lshift
 *fill*         0x000000000001eacc        0x4 
 .text.__mcmp   0x000000000001ead0       0x50 /opt/devkitpro/devkitA64/lib/gcc/aarch64-none-elf/9.2.0/../../../../aarch64-none-elf/lib/pic/libg.a(lib_a-mprec.o)
                0x000000000001ead0                __mcmp
 .text.__mdiff  0x000000000001eb20      0x17c /opt/devkitpro/devkitA64/lib/gcc/aarch64-none-elf/9.2.0/../../../../aarch64-none-elf/lib/pic/libg.a(lib_a-mprec.o)
                0x000000000001eb20                __mdiff
 *fill*         0x000000000001ec9c        0x4 
 .text.__ulp    0x000000000001eca0       0x68 /opt/devkitpro/devkitA64/lib/gcc/aarch64-none-elf/9.2.0/../../../../aarch64-none-elf/lib/pic/libg.a(lib_a-mprec.o)
                0x000000000001eca0                __ulp
 .text.__b2d    0x000000000001ed08      0x150 /opt/devkitpro/devkitA64/lib/gcc/aarch64-none-elf/9.2.0/../../../../aarch64-none-elf/lib/pic/libg.a(lib_a-mprec.o)
                0x000000000001ed08                __b2d
 .text.__d2b    0x000000000001ee58      0x138 /opt/devkitpro/devkitA64/lib/gcc/aarch64-none-elf/9.2.0/../../../../aarch64-none-elf/lib/pic/libg.a(lib_a-mprec.o)
                0x000000000001ee58                __d2b
 .text.__ratio  0x000000000001ef90       0xa0 /opt/devkitpro/devkitA64/lib/gcc/aarch64-none-elf/9.2.0/../../../../aarch64-none-elf/lib/pic/libg.a(lib_a-mprec.o)
                0x000000000001ef90                __ratio
 .text.__copybits
                0x000000000001f030       0x68 /opt/devkitpro/devkitA64/lib/gcc/aarch64-none-elf/9.2.0/../../../../aarch64-none-elf/lib/pic/libg.a(lib_a-mprec.o)
                0x000000000001f030                __copybits
 .text.__any_on
                0x000000000001f098       0x6c /opt/devkitpro/devkitA64/lib/gcc/aarch64-none-elf/9.2.0/../../../../aarch64-none-elf/lib/pic/libg.a(lib_a-mprec.o)
                0x000000000001f098                __any_on
 *fill*         0x000000000001f104        0x4 
 .text.realloc  0x000000000001f108       0x2c /opt/devkitpro/devkitA64/lib/gcc/aarch64-none-elf/9.2.0/../../../../aarch64-none-elf/lib/pic/libg.a(lib_a-realloc.o)
                0x000000000001f108                realloc
 *fill*         0x000000000001f134        0x4 
 .text._realloc_r