Archive member included to satisfy reference by file (symbol)

/opt/devkitpro/libnx/lib/libnx.a(applet.o)
                              main.o (appletMainLoop)
/opt/devkitpro/libnx/lib/libnx.a(hid.o)
                              main.o (hidKeysDown)
/opt/devkitpro/libnx/lib/libnx.a(apm.o)
                              /opt/devkitpro/libnx/lib/libnx.a(applet.o) (apmInitialize)
/opt/devkitpro/libnx/lib/libnx.a(fatal.o)
                              /opt/devkitpro/libnx/lib/libnx.a(applet.o) (fatalThrow)
/opt/devkitpro/libnx/lib/libnx.a(sm.o)
                              /opt/devkitpro/libnx/lib/libnx.a(fatal.o) (smExit)
/opt/devkitpro/libnx/lib/libnx.a(hosversion.o)
                              /opt/devkitpro/libnx/lib/libnx.a(applet.o) (hosversionGet)
/opt/devkitpro/libnx/lib/libnx.a(env.o)
                              /opt/devkitpro/libnx/lib/libnx.a(applet.o) (envIsNso)
/opt/devkitpro/libnx/lib/libnx.a(console.o)
                              main.o (consoleInit)
/opt/devkitpro/libnx/lib/libnx.a(console_sw.o)
                              /opt/devkitpro/libnx/lib/libnx.a(console.o) (getDefaultConsoleRenderer)
/opt/devkitpro/libnx/lib/libnx.a(svc.o)
                              /opt/devkitpro/libnx/lib/libnx.a(applet.o) (svcExitProcess)
/opt/devkitpro/libnx/lib/libnx.a(switch_crt0.o)
                              (_start)
/opt/devkitpro/libnx/lib/libnx.a(default_font.bin.o)
                              /opt/devkitpro/libnx/lib/libnx.a(console.o) (default_font_bin)
/opt/devkitpro/libnx/lib/libnx.a(detect.o)
                              /opt/devkitpro/libnx/lib/libnx.a(fatal.o) (detectKernelVersion)
/opt/devkitpro/libnx/lib/libnx.a(shmem.o)
                              /opt/devkitpro/libnx/lib/libnx.a(hid.o) (shmemLoadRemote)
/opt/devkitpro/libnx/lib/libnx.a(wait.o)
                              /opt/devkitpro/libnx/lib/libnx.a(applet.o) (waitObjects)
/opt/devkitpro/libnx/lib/libnx.a(rwlock.o)
                              /opt/devkitpro/libnx/lib/libnx.a(hid.o) (rwlockReadLock)
/opt/devkitpro/libnx/lib/libnx.a(tmem.o)
                              /opt/devkitpro/libnx/lib/libnx.a(applet.o) (tmemCreate)
/opt/devkitpro/libnx/lib/libnx.a(mutex.o)
                              /opt/devkitpro/libnx/lib/libnx.a(applet.o) (mutexLock)
/opt/devkitpro/libnx/lib/libnx.a(virtmem.o)
                              /opt/devkitpro/libnx/lib/libnx.a(shmem.o) (virtmemReserve)
/opt/devkitpro/libnx/lib/libnx.a(event.o)
                              /opt/devkitpro/libnx/lib/libnx.a(applet.o) (eventLoadRemote)
/opt/devkitpro/libnx/lib/libnx.a(condvar.o)
                              /opt/devkitpro/libnx/lib/libnx.a(rwlock.o) (condvarWaitTimeout)
/opt/devkitpro/libnx/lib/libnx.a(framebuffer.o)
                              /opt/devkitpro/libnx/lib/libnx.a(console_sw.o) (framebufferMakeLinear)
/opt/devkitpro/libnx/lib/libnx.a(default_window.o)
                              /opt/devkitpro/libnx/lib/libnx.a(console_sw.o) (nwindowGetDefault)
/opt/devkitpro/libnx/lib/libnx.a(native_window.o)
                              /opt/devkitpro/libnx/lib/libnx.a(framebuffer.o) (nwindowIsValid)
/opt/devkitpro/libnx/lib/libnx.a(dynamic.o)
                              /opt/devkitpro/libnx/lib/libnx.a(switch_crt0.o) (__nx_dynamic)
/opt/devkitpro/libnx/lib/libnx.a(init.o)
                              /opt/devkitpro/libnx/lib/libnx.a(switch_crt0.o) (__libnx_init)
/opt/devkitpro/libnx/lib/libnx.a(newlib.o)
                              /opt/devkitpro/libnx/lib/libnx.a(init.o) (__libnx_init_time)
/opt/devkitpro/libnx/lib/libnx.a(argv.o)
                              /opt/devkitpro/libnx/lib/libnx.a(init.o) (argvSetup)
/opt/devkitpro/libnx/lib/libnx.a(fs_dev.o)
                              /opt/devkitpro/libnx/lib/libnx.a(init.o) (fsdevMountSdmc)
/opt/devkitpro/libnx/lib/libnx.a(decode_utf8.o)
                              /opt/devkitpro/libnx/lib/libnx.a(fs_dev.o) (decode_utf8)
/opt/devkitpro/libnx/lib/libnx.a(cache.o)
                              /opt/devkitpro/libnx/lib/libnx.a(framebuffer.o) (armDCacheFlush)
/opt/devkitpro/libnx/lib/libnx.a(exception.o)
                              /opt/devkitpro/libnx/lib/libnx.a(switch_crt0.o) (__libnx_exception_entry)
/opt/devkitpro/libnx/lib/libnx.a(readtp.o)
                              /opt/devkitpro/libnx/lib/libnx.a(fs_dev.o) (__aarch64_read_tp)
/opt/devkitpro/libnx/lib/libnx.a(thread.o)
                              /opt/devkitpro/libnx/lib/libnx.a(newlib.o) (threadCreate)
/opt/devkitpro/libnx/lib/libnx.a(nv.o)
                              /opt/devkitpro/libnx/lib/libnx.a(framebuffer.o) (nvInitialize)
/opt/devkitpro/libnx/lib/libnx.a(time.o)
                              /opt/devkitpro/libnx/lib/libnx.a(init.o) (timeInitialize)
/opt/devkitpro/libnx/lib/libnx.a(vi.o)
                              /opt/devkitpro/libnx/lib/libnx.a(default_window.o) (viInitialize)
/opt/devkitpro/libnx/lib/libnx.a(set.o)
                              /opt/devkitpro/libnx/lib/libnx.a(init.o) (setsysInitialize)
[...]
Memory Configuration

Name             Origin             Length             Attributes
*default*        0x0000000000000000 0xffffffffffffffff

Linker script and memory map

                0x0000000000000000                PROVIDE (__start__ = 0x0)
                0x0000000000000000                . = __start__
                0x0000000000000000                __code_start = .

.crt0           0x0000000000000000      0x158
 *(.crt0)
 .crt0          0x0000000000000000      0x158 /opt/devkitpro/libnx/lib/libnx.a(switch_crt0.o)
                0x0000000000000000                _start
                0x0000000000000120                __nx_exit
                0x0000000000000130                __nx_mod0
                0x0000000000000158                . = ALIGN (0x8)

.init           0x0000000000000158       0x38
 *(.init)
 .init          0x0000000000000158       0x18 /opt/devkitpro/devkitA64/lib/gcc/aarch64-none-elf/9.2.0/pic/crti.o
                0x0000000000000158                _init
 .init          0x0000000000000170       0x1c /opt/devkitpro/devkitA64/lib/gcc/aarch64-none-elf/9.2.0/pic/crtn.o
                0x0000000000000190                . = ALIGN (0x8)
 *fill*         0x000000000000018c        0x4 

.plt            0x0000000000000190        0x0
 *(.plt)
 .plt           0x0000000000000190        0x0 /opt/devkitpro/devkitA64/lib/gcc/aarch64-none-elf/9.2.0/pic/crti.o
 *(.iplt)
                0x0000000000000190                . = ALIGN (0x8)

.text           0x00000000000001c0    0x27338
 *(.text.unlikely .text.*_unlikely .text.unlikely.*)
 *(.text.exit .text.exit.*)
 .text.exit     0x00000000000001c0       0x38 /opt/devkitpro/devkitA64/lib/gcc/aarch64-none-elf/9.2.0/../../../../aarch64-none-elf/lib/pic/libg.a(lib_a-exit.o)
                0x00000000000001c0                exit
 *(.text.startup .text.startup.*)
 *fill*         0x00000000000001f8        0x8 
 .text.startup.main
                0x0000000000000200      0x18c main.o
                0x0000000000000200                main
 *(.text.hot .text.hot.*)
 *(.text .stub .text.* .gnu.linkonce.t.*)
 *fill*         0x000000000000038c        0x4 
 .text.deregister_tm_clones
                0x0000000000000390       0x30 /opt/devkitpro/devkitA64/lib/gcc/aarch64-none-elf/9.2.0/pic/crtbegin.o
 .text.register_tm_clones
                0x00000000000003c0       0x40 /opt/devkitpro/devkitA64/lib/gcc/aarch64-none-elf/9.2.0/pic/crtbegin.o
 .text.__do_global_dtors_aux
                0x0000000000000400       0x48 /opt/devkitpro/devkitA64/lib/gcc/aarch64-none-elf/9.2.0/pic/crtbegin.o
 .text.frame_dummy
                0x0000000000000448       0x34 /opt/devkitpro/devkitA64/lib/gcc/aarch64-none-elf/9.2.0/pic/crtbegin.o
 *fill*         0x000000000000047c        0x4 
 .text._appletInfiniteSleepLoop
                0x0000000000000480       0x24 /opt/devkitpro/libnx/lib/libnx.a(applet.o)
 *fill*         0x00000000000004a4        0xc 
 .text._appletCmdNoIO
                0x00000000000004b0       0xc8 /opt/devkitpro/libnx/lib/libnx.a(applet.o)
 *fill*         0x0000000000000578        0x8 
 .text._appletCmdNoInOutU64
                0x0000000000000580       0xe0 /opt/devkitpro/libnx/lib/libnx.a(applet.o)
 .text._appletCmdGetSession
                0x0000000000000660       0xf4 /opt/devkitpro/libnx/lib/libnx.a(applet.o)
 *fill*         0x0000000000000754        0xc 
 .text._appletCmdNoInOutU32
                0x0000000000000760       0xdc /opt/devkitpro/libnx/lib/libnx.a(applet.o)
 *fill*         0x000000000000083c        0x4 
 .text._appletCmdNoInOutU8
                0x0000000000000840       0xe4 /opt/devkitpro/libnx/lib/libnx.a(applet.o)
 *fill*         0x0000000000000924        0xc 
 .text._appletCmdNoInOutBool
                0x0000000000000930       0x40 /opt/devkitpro/libnx/lib/libnx.a(applet.o)
 .text._appletGetLaunchReason
                0x0000000000000970      0x100 /opt/devkitpro/libnx/lib/libnx.a(applet.o)
 .text._appletSetFocusHandlingMode
                0x0000000000000a70       0xec /opt/devkitpro/libnx/lib/libnx.a(applet.o)
 *fill*         0x0000000000000b5c        0x4 
 .text._appletGetLibraryAppletInfo
                0x0000000000000b60       0xdc /opt/devkitpro/libnx/lib/libnx.a(applet.o)
 *fill*         0x0000000000000c3c        0x4 
 .text._appletCmdInU8NoOut.isra.0
                0x0000000000000c40       0xc4 /opt/devkitpro/libnx/lib/libnx.a(applet.o)
 *fill*         0x0000000000000d04        0xc 
 .text._appletCmdInU32NoOut.isra.0
                0x0000000000000d10       0xc4 /opt/devkitpro/libnx/lib/libnx.a(applet.o)
 *fill*         0x0000000000000dd4        0xc 
 .text._appletGetSessionProxy.constprop.0
                0x0000000000000de0      0x118 /opt/devkitpro/libnx/lib/libnx.a(applet.o)
 *fill*         0x0000000000000ef8        0x8 
 .text._appletOpenLibraryAppletProxy.constprop.0
                0x0000000000000f00      0x134 /opt/devkitpro/libnx/lib/libnx.a(applet.o)
 *fill*         0x0000000000001034        0xc 
 .text._appletCmdGetHandle.constprop.0
                0x0000000000001040       0xd8 /opt/devkitpro/libnx/lib/libnx.a(applet.o)
 *fill*         0x0000000000001118        0x8 
 .text._appletCmdGetEvent
                0x0000000000001120       0x68 /opt/devkitpro/libnx/lib/libnx.a(applet.o)
 *fill*         0x0000000000001188        0x8 
 .text.appletGetAppletType
                0x0000000000001190       0x10 /opt/devkitpro/libnx/lib/libnx.a(applet.o)
                0x0000000000001190                appletGetAppletType
 .text.appletSetFocusHandlingMode
                0x00000000000011a0      0x110 /opt/devkitpro/libnx/lib/libnx.a(applet.o)
                0x00000000000011a0                appletSetFocusHandlingMode
 .text.appletSetCpuBoostMode
                0x00000000000012b0       0x60 /opt/devkitpro/libnx/lib/libnx.a(applet.o)
                0x00000000000012b0                appletSetCpuBoostMode
 .text.appletCreateManagedDisplayLayer
                0x0000000000001310       0x28 /opt/devkitpro/libnx/lib/libnx.a(applet.o)
                0x0000000000001310                appletCreateManagedDisplayLayer
 *fill*         0x0000000000001338        0x8 
 .text.appletGetAppletResourceUserId
                0x0000000000001340       0x28 /opt/devkitpro/libnx/lib/libnx.a(applet.o)
                0x0000000000001340                appletGetAppletResourceUserId
 *fill*         0x0000000000001368        0x8 
 .text._appletGetIndirectLayerConsumerHandle.isra.0
                0x0000000000001370      0x10c /opt/devkitpro/libnx/lib/libnx.a(applet.o)
 *fill*         0x000000000000147c        0x4 
 .text._appletHolderCreateState
                0x0000000000001480       0x78 /opt/devkitpro/libnx/lib/libnx.a(applet.o)
 *fill*         0x00000000000014f8        0x8 
 .text.appletHolderClose
                0x0000000000001500       0xb4 /opt/devkitpro/libnx/lib/libnx.a(applet.o)
                0x0000000000001500                appletHolderClose
 *fill*         0x00000000000015b4        0xc 
 .text.appletHolderGetLibraryAppletInfo
                0x00000000000015c0       0x18 /opt/devkitpro/libnx/lib/libnx.a(applet.o)
                0x00000000000015c0                appletHolderGetLibraryAppletInfo
 *fill*         0x00000000000015d8        0x8 
 .text.appletNotifyRunning
                0x00000000000015e0       0x58 /opt/devkitpro/libnx/lib/libnx.a(applet.o)
                0x00000000000015e0                appletNotifyRunning
 *fill*         0x0000000000001638        0x8 
 .text.appletSetGamePlayRecordingState
                0x0000000000001640       0x88 /opt/devkitpro/libnx/lib/libnx.a(applet.o)
                0x0000000000001640                appletSetGamePlayRecordingState
 *fill*         0x00000000000016c8        0x8 
 .text._appletCleanup
                0x00000000000016d0      0xad0 /opt/devkitpro/libnx/lib/libnx.a(applet.o)
 .text.appletExit
                0x00000000000021a0       0x44 /opt/devkitpro/libnx/lib/libnx.a(applet.o)
                0x00000000000021a0                appletExit
 *fill*         0x00000000000021e4        0xc 
 .text._appletExitProcess
                0x00000000000021f0       0x20 /opt/devkitpro/libnx/lib/libnx.a(applet.o)
 .text.appletGetLibraryAppletInfo
                0x0000000000002210       0x3c /opt/devkitpro/libnx/lib/libnx.a(applet.o)
                0x0000000000002210                appletGetLibraryAppletInfo
 *fill*         0x000000000000224c        0x4 
 .text.appletInitialize
                0x0000000000002250      0xa14 /opt/devkitpro/libnx/lib/libnx.a(applet.o)
                0x0000000000002250                appletInitialize
 *fill*         0x0000000000002c64        0xc 
 .text.appletGetMessage
                0x0000000000002c70       0x70 /opt/devkitpro/libnx/lib/libnx.a(applet.o)
                0x0000000000002c70                appletGetMessage
 .text.appletProcessMessage
                0x0000000000002ce0      0x230 /opt/devkitpro/libnx/lib/libnx.a(applet.o)
                0x0000000000002ce0                appletProcessMessage
 .text.appletMainLoop
                0x0000000000002f10       0x34 /opt/devkitpro/libnx/lib/libnx.a(applet.o)
                0x0000000000002f10                appletMainLoop
 *fill*         0x0000000000002f44        0xc 
 .text._hidCmdWithNoInput
                0x0000000000002f50       0xec /opt/devkitpro/libnx/lib/libnx.a(hid.o)
 *fill*         0x000000000000303c        0x4 
 .text._hidCmdWithInputU32
                0x0000000000003040      0x104 /opt/devkitpro/libnx/lib/libnx.a(hid.o)
 *fill*         0x0000000000003144        0xc 
 .text._hidCreateAppletResource.constprop.0
                0x0000000000003150       0xf8 /opt/devkitpro/libnx/lib/libnx.a(hid.o)
 *fill*         0x0000000000003248        0x8 
 .text._hidCmdGetHandle.isra.0.constprop.0
                0x0000000000003250       0xc4 /opt/devkitpro/libnx/lib/libnx.a(hid.o)
 *fill*         0x0000000000003314        0xc 
 .text._hidCmdWithInputU64.constprop.0
                0x0000000000003320       0xf4 /opt/devkitpro/libnx/lib/libnx.a(hid.o)
 *fill*         0x0000000000003414        0xc 
 .text.hidReset
                0x0000000000003420      0x1f8 /opt/devkitpro/libnx/lib/libnx.a(hid.o)
                0x0000000000003420                hidReset
 *fill*         0x0000000000003618        0x8 
 .text.hidGetSharedmemAddr
                0x0000000000003620        0xc /opt/devkitpro/libnx/lib/libnx.a(hid.o)
                0x0000000000003620                hidGetSharedmemAddr
 *fill*         0x000000000000362c        0x4 
 .text.hidKeysDown
                0x0000000000003630       0x6c /opt/devkitpro/libnx/lib/libnx.a(hid.o)
                0x0000000000003630                hidKeysDown
 *fill*         0x000000000000369c        0x4 
 .text.hidTouchCount
                0x00000000000036a0        0xc /opt/devkitpro/libnx/lib/libnx.a(hid.o)
                0x00000000000036a0                hidTouchCount
 *fill*         0x00000000000036ac        0x4 
 .text.hidScanInput
                0x00000000000036b0      0x5c0 /opt/devkitpro/libnx/lib/libnx.a(hid.o)
                0x00000000000036b0                hidScanInput
 .text.hidSetSupportedNpadStyleSet
                0x0000000000003c70        0x8 /opt/devkitpro/libnx/lib/libnx.a(hid.o)
                0x0000000000003c70                hidSetSupportedNpadStyleSet
 *fill*         0x0000000000003c78        0x8 
 .text.hidSetSupportedNpadIdType
                0x0000000000003c80      0x190 /opt/devkitpro/libnx/lib/libnx.a(hid.o)
                0x0000000000003c80                hidSetSupportedNpadIdType
 .text.hidSetNpadJoyHoldType
                0x0000000000003e10        0x8 /opt/devkitpro/libnx/lib/libnx.a(hid.o)
                0x0000000000003e10                hidSetNpadJoyHoldType
 *fill*         0x0000000000003e18        0x8 
 .text.hidSetNpadJoyAssignmentModeDual
                0x0000000000003e20       0x20 /opt/devkitpro/libnx/lib/libnx.a(hid.o)
                0x0000000000003e20                hidSetNpadJoyAssignmentModeDual
 .text.hidFinalizeSevenSixAxisSensor
                0x0000000000003e40       0x80 /opt/devkitpro/libnx/lib/libnx.a(hid.o)
                0x0000000000003e40                hidFinalizeSevenSixAxisSensor
 .text._hidCleanup
                0x0000000000003ec0      0x100 /opt/devkitpro/libnx/lib/libnx.a(hid.o)
 .text.hidInitialize
                0x0000000000003fc0      0x1d8 /opt/devkitpro/libnx/lib/libnx.a(hid.o)
                0x0000000000003fc0                hidInitialize
 *fill*         0x0000000000004198        0x8 
 .text.hidExit  0x00000000000041a0       0x44 /opt/devkitpro/libnx/lib/libnx.a(hid.o)
                0x00000000000041a0                hidExit
 *fill*         0x00000000000041e4        0xc 
 .text._apmCleanup
                0x00000000000041f0       0xc0 /opt/devkitpro/libnx/lib/libnx.a(apm.o)
 .text._apmCmdGetSession.constprop.0
                0x00000000000042b0       0xdc /opt/devkitpro/libnx/lib/libnx.a(apm.o)
 *fill*         0x000000000000438c        0x4 
 .text.apmInitialize
                0x0000000000004390       0xa0 /opt/devkitpro/libnx/lib/libnx.a(apm.o)
                0x0000000000004390                apmInitialize
 .text.apmExit  0x0000000000004430       0x44 /opt/devkitpro/libnx/lib/libnx.a(apm.o)
                0x0000000000004430                apmExit
 *fill*         0x0000000000004474        0xc 
 .text.apmSetPerformanceConfiguration
                0x0000000000004480       0xc4 /opt/devkitpro/libnx/lib/libnx.a(apm.o)
                0x0000000000004480                apmSetPerformanceConfiguration
 *fill*         0x0000000000004544        0xc 
 .text._fatalCmd
                0x0000000000004550      0x1a0 /opt/devkitpro/libnx/lib/libnx.a(fatal.o)
 .text.fatalThrowWithPolicy
                0x00000000000046f0        0xc /opt/devkitpro/libnx/lib/libnx.a(fatal.o)
                0x00000000000046f0                fatalThrowWithPolicy
 *fill*         0x00000000000046fc        0x4 
 .text.fatalThrow
                0x0000000000004700       0x14 /opt/devkitpro/libnx/lib/libnx.a(fatal.o)
                0x0000000000004700                fatalSimple
                0x0000000000004700                fatalThrow
 *fill*         0x0000000000004714        0xc 
 .text._smCleanup
                0x0000000000004720       0x68 /opt/devkitpro/libnx/lib/libnx.a(sm.o)
 *fill*         0x0000000000004788        0x8 
 .text.smAddOverrideHandle
                0x0000000000004790       0x48 /opt/devkitpro/libnx/lib/libnx.a(sm.o)
                0x0000000000004790                smAddOverrideHandle
 *fill*         0x00000000000047d8        0x8 
 .text.smGetServiceOverride
                0x00000000000047e0       0x54 /opt/devkitpro/libnx/lib/libnx.a(sm.o)
                0x00000000000047e0                smGetServiceOverride
 *fill*         0x0000000000004834        0xc 
 .text.smExit   0x0000000000004840       0x44 /opt/devkitpro/libnx/lib/libnx.a(sm.o)
                0x0000000000004840                smExit
 *fill*         0x0000000000004884        0xc 
 .text.smGetServiceOriginal
                0x0000000000004890       0xcc /opt/devkitpro/libnx/lib/libnx.a(sm.o)
                0x0000000000004890                smGetServiceOriginal
 *fill*         0x000000000000495c        0x4 
 .text.smInitialize
                0x0000000000004960      0x27c /opt/devkitpro/libnx/lib/libnx.a(sm.o)
                0x0000000000004960                smInitialize
 *fill*         0x0000000000004bdc        0x4 
 .text.smGetServiceWrapper
                0x0000000000004be0      0x110 /opt/devkitpro/libnx/lib/libnx.a(sm.o)
                0x0000000000004be0                smGetServiceWrapper
 .text.hosversionGet
                0x0000000000004cf0       0x10 /opt/devkitpro/libnx/lib/libnx.a(hosversion.o)
                0x0000000000004cf0                hosversionGet
 .text.hosversionSet
                0x0000000000004d00       0x10 /opt/devkitpro/libnx/lib/libnx.a(hosversion.o)
                0x0000000000004d00                hosversionSet
 .text.envSetup
                0x0000000000004d10      0x234 /opt/devkitpro/libnx/lib/libnx.a(env.o)
                0x0000000000004d10                envSetup
 *fill*         0x0000000000004f44        0xc 
 .text.envGetMainThreadHandle
                0x0000000000004f50       0x20 /opt/devkitpro/libnx/lib/libnx.a(env.o)
                0x0000000000004f50                envGetMainThreadHandle
 .text.envIsNso
                0x0000000000004f70        0xc /opt/devkitpro/libnx/lib/libnx.a(env.o)
                0x0000000000004f70                envIsNso
 *fill*         0x0000000000004f7c        0x4 
 .text.envHasHeapOverride
                0x0000000000004f80       0x14 /opt/devkitpro/libnx/lib/libnx.a(env.o)
                0x0000000000004f80                envHasHeapOverride
 *fill*         0x0000000000004f94        0xc 
 .text.envGetHeapOverrideAddr
                0x0000000000004fa0        0xc /opt/devkitpro/libnx/lib/libnx.a(env.o)
                0x0000000000004fa0                envGetHeapOverrideAddr
 *fill*         0x0000000000004fac        0x4 
 .text.envGetHeapOverrideSize
                0x0000000000004fb0        0xc /opt/devkitpro/libnx/lib/libnx.a(env.o)
                0x0000000000004fb0                envGetHeapOverrideSize
 *fill*         0x0000000000004fbc        0x4 
 .text.envHasArgv
                0x0000000000004fc0       0x14 /opt/devkitpro/libnx/lib/libnx.a(env.o)
                0x0000000000004fc0                envHasArgv
 *fill*         0x0000000000004fd4        0xc 
 .text.envGetArgv
                0x0000000000004fe0        0xc /opt/devkitpro/libnx/lib/libnx.a(env.o)
                0x0000000000004fe0                envGetArgv
 *fill*         0x0000000000004fec        0x4 
 .text.envGetExitFuncPtr
                0x0000000000004ff0        0xc /opt/devkitpro/libnx/lib/libnx.a(env.o)
                0x0000000000004ff0                envGetExitFuncPtr
 *fill*         0x0000000000004ffc        0x4 
 .text.envSetExitFuncPtr
                0x0000000000005000        0xc /opt/devkitpro/libnx/lib/libnx.a(env.o)
                0x0000000000005000                envSetExitFuncPtr
 *fill*         0x000000000000500c        0x4 
 .text.consoleDrawChar
                0x0000000000005010       0x48 /opt/devkitpro/libnx/lib/libnx.a(console.o)
 *fill*         0x0000000000005058        0x8 
 .text.consoleClearLine
                0x0000000000005060      0x140 /opt/devkitpro/libnx/lib/libnx.a(console.o)
 .text.consoleNewRow
                0x00000000000051a0       0x48 /opt/devkitpro/libnx/lib/libnx.a(console.o)
 *fill*         0x00000000000051e8        0x8 
 .text.consolePrintChar
                0x00000000000051f0      0x120 /opt/devkitpro/libnx/lib/libnx.a(console.o)
 .text.consoleCls
                0x0000000000005310      0x150 /opt/devkitpro/libnx/lib/libnx.a(console.o)
 .text.con_write
                0x0000000000005460      0x814 /opt/devkitpro/libnx/lib/libnx.a(console.o)
 *fill*         0x0000000000005c74        0xc 
 .text.consoleInit
                0x0000000000005c80      0x11c /opt/devkitpro/libnx/lib/libnx.a(console.o)
                0x0000000000005c80                consoleInit
 *fill*         0x0000000000005d9c        0x4 
 .text.consoleExit
                0x0000000000005da0       0x48 /opt/devkitpro/libnx/lib/libnx.a(console.o)
                0x0000000000005da0                consoleExit
 *fill*         0x0000000000005de8        0x8 
 .text.consoleUpdate
                0x0000000000005df0       0x2c /opt/devkitpro/libnx/lib/libnx.a(console.o)
                0x0000000000005df0                consoleUpdate
 *fill*         0x0000000000005e1c        0x4 
 .text.ConsoleSwRenderer_flushAndSwap
                0x0000000000005e20       0x70 /opt/devkitpro/libnx/lib/libnx.a(console_sw.o)
 .text.ConsoleSwRenderer_scrollWindow
                0x0000000000005e90       0xc8 /opt/devkitpro/libnx/lib/libnx.a(console_sw.o)
 *fill*         0x0000000000005f58        0x8 
 .text.ConsoleSwRenderer_drawChar
                0x0000000000005f60      0x194 /opt/devkitpro/libnx/lib/libnx.a(console_sw.o)
 *fill*         0x00000000000060f4        0xc 
 .text.ConsoleSwRenderer_deinit
                0x0000000000006100       0x3c /opt/devkitpro/libnx/lib/libnx.a(console_sw.o)
 *fill*         0x000000000000613c        0x4 
 .text.ConsoleSwRenderer_init
                0x0000000000006140       0xf4 /opt/devkitpro/libnx/lib/libnx.a(console_sw.o)
 *fill*         0x0000000000006234        0xc 
 .text.getDefaultConsoleRenderer
                0x0000000000006240        0xc /opt/devkitpro/libnx/lib/libnx.a(console_sw.o)
                0x0000000000006240                getDefaultConsoleRenderer
 .text.svcSetHeapSize
                0x000000000000624c       0x14 /opt/devkitpro/libnx/lib/libnx.a(svc.o)
                0x000000000000624c                svcSetHeapSize
 .text.svcSetMemoryAttribute
                0x0000000000006260        0x8 /opt/devkitpro/libnx/lib/libnx.a(svc.o)
                0x0000000000006260                svcSetMemoryAttribute
 .text.svcUnmapMemory
                0x0000000000006268        0x8 /opt/devkitpro/libnx/lib/libnx.a(svc.o)
                0x0000000000006268                svcUnmapMemory
 .text.svcQueryMemory
                0x0000000000006270       0x14 /opt/devkitpro/libnx/lib/libnx.a(svc.o)
                0x0000000000006270                svcQueryMemory
 .text.svcExitProcess
                0x0000000000006284        0x8 /opt/devkitpro/libnx/lib/libnx.a(svc.o)
                0x0000000000006284                svcExitProcess
 .text.svcSleepThread
                0x000000000000628c        0x8 /opt/devkitpro/libnx/lib/libnx.a(svc.o)
                0x000000000000628c                svcSleepThread
 .text.svcMapSharedMemory
                0x0000000000006294        0x8 /opt/devkitpro/libnx/lib/libnx.a(svc.o)
                0x0000000000006294                svcMapSharedMemory
 .text.svcUnmapSharedMemory
                0x000000000000629c        0x8 /opt/devkitpro/libnx/lib/libnx.a(svc.o)
                0x000000000000629c                svcUnmapSharedMemory
 .text.svcCreateTransferMemory
                0x00000000000062a4       0x14 /opt/devkitpro/libnx/lib/libnx.a(svc.o)
                0x00000000000062a4                svcCreateTransferMemory
 .text.svcCloseHandle
                0x00000000000062b8        0x8 /opt/devkitpro/libnx/lib/libnx.a(svc.o)
                0x00000000000062b8                svcCloseHandle
 .text.svcResetSignal
                0x00000000000062c0        0x8 /opt/devkitpro/libnx/lib/libnx.a(svc.o)
                0x00000000000062c0                svcResetSignal
 .text.svcWaitSynchronization
                0x00000000000062c8       0x14 /opt/devkitpro/libnx/lib/libnx.a(svc.o)
                0x00000000000062c8                svcWaitSynchronization
 .text.svcArbitrateLock
                0x00000000000062dc        0x8 /opt/devkitpro/libnx/lib/libnx.a(svc.o)
                0x00000000000062dc                svcArbitrateLock
 .text.svcArbitrateUnlock
                0x00000000000062e4        0x8 /opt/devkitpro/libnx/lib/libnx.a(svc.o)
                0x00000000000062e4                svcArbitrateUnlock
 .text.svcWaitProcessWideKeyAtomic
                0x00000000000062ec        0x8 /opt/devkitpro/libnx/lib/libnx.a(svc.o)
                0x00000000000062ec                svcWaitProcessWideKeyAtomic
 .text.svcSignalProcessWideKey
                0x00000000000062f4        0x8 /opt/devkitpro/libnx/lib/libnx.a(svc.o)
                0x00000000000062f4                svcSignalProcessWideKey
 .text.svcConnectToNamedPort
                0x00000000000062fc       0x14 /opt/devkitpro/libnx/lib/libnx.a(svc.o)
                0x00000000000062fc                svcConnectToNamedPort
 .text.svcSendSyncRequest
                0x0000000000006310        0x8 /opt/devkitpro/libnx/lib/libnx.a(svc.o)
                0x0000000000006310                svcSendSyncRequest
 .text.svcBreak
                0x0000000000006318        0x8 /opt/devkitpro/libnx/lib/libnx.a(svc.o)
                0x0000000000006318                svcBreak
 .text.svcReturnFromException
                0x0000000000006320        0x8 /opt/devkitpro/libnx/lib/libnx.a(svc.o)
                0x0000000000006320                svcReturnFromException
 .text.svcGetInfo
                0x0000000000006328       0x14 /opt/devkitpro/libnx/lib/libnx.a(svc.o)
                0x0000000000006328                svcGetInfo
 .text.svcUnmapTransferMemory
                0x000000000000633c        0x8 /opt/devkitpro/libnx/lib/libnx.a(svc.o)
                0x000000000000633c                svcUnmapTransferMemory
 *fill*         0x0000000000006344        0xc 
 .text.detectKernelVersion
                0x0000000000006350      0x17c /opt/devkitpro/libnx/lib/libnx.a(detect.o)
                0x0000000000006350                detectKernelVersion
 *fill*         0x00000000000064cc        0x4 
 .text.detectDebugger
                0x00000000000064d0       0x30 /opt/devkitpro/libnx/lib/libnx.a(detect.o)
                0x00000000000064d0                detectDebugger
 .text.shmemLoadRemote
                0x0000000000006500       0x14 /opt/devkitpro/libnx/lib/libnx.a(shmem.o)
                0x0000000000006500                shmemLoadRemote
 *fill*         0x0000000000006514        0xc 
 .text.shmemMap
                0x0000000000006520       0x84 /opt/devkitpro/libnx/lib/libnx.a(shmem.o)
                0x0000000000006520                shmemMap
 *fill*         0x00000000000065a4        0xc 
 .text.shmemUnmap
                0x00000000000065b0       0x58 /opt/devkitpro/libnx/lib/libnx.a(shmem.o)
                0x00000000000065b0                shmemUnmap
 *fill*         0x0000000000006608        0x8 
 .text.shmemClose
                0x0000000000006610       0x44 /opt/devkitpro/libnx/lib/libnx.a(shmem.o)
                0x0000000000006610                shmemClose
 *fill*         0x0000000000006654        0xc 
 .text._waitLoop
                0x0000000000006660      0x104 /opt/devkitpro/libnx/lib/libnx.a(wait.o)
 *fill*         0x0000000000006764        0xc 
 .text._waitObjectsImpl
                0x0000000000006770      0x328 /opt/devkitpro/libnx/lib/libnx.a(wait.o)
 *fill*         0x0000000000006a98        0x8 
 .text.waitObjects
                0x0000000000006aa0        0xc /opt/devkitpro/libnx/lib/libnx.a(wait.o)
                0x0000000000006aa0                waitObjects
 *fill*         0x0000000000006aac        0x4 
 .text.rwlockReadLock
                0x0000000000006ab0       0x98 /opt/devkitpro/libnx/lib/libnx.a(rwlock.o)
                0x0000000000006ab0                rwlockReadLock
 *fill*         0x0000000000006b48        0x8 
 .text.rwlockReadUnlock
                0x0000000000006b50       0xb4 /opt/devkitpro/libnx/lib/libnx.a(rwlock.o)
                0x0000000000006b50                rwlockReadUnlock
 *fill*         0x0000000000006c04        0xc 
 .text.rwlockWriteLock
                0x0000000000006c10       0xa4 /opt/devkitpro/libnx/lib/libnx.a(rwlock.o)
                0x0000000000006c10                rwlockWriteLock
 *fill*         0x0000000000006cb4        0xc 
 .text.rwlockWriteUnlock
                0x0000000000006cc0       0x78 /opt/devkitpro/libnx/lib/libnx.a(rwlock.o)
                0x0000000000006cc0                rwlockWriteUnlock
 *fill*         0x0000000000006d38        0x8 
 .text.tmemCreate
                0x0000000000006d40       0xa8 /opt/devkitpro/libnx/lib/libnx.a(tmem.o)
                0x0000000000006d40                tmemCreate
 *fill*         0x0000000000006de8        0x8 
 .text.tmemUnmap
                0x0000000000006df0       0x58 /opt/devkitpro/libnx/lib/libnx.a(tmem.o)
                0x0000000000006df0                tmemUnmap
 *fill*         0x0000000000006e48        0x8 
 .text.tmemClose
                0x0000000000006e50       0x68 /opt/devkitpro/libnx/lib/libnx.a(tmem.o)
                0x0000000000006e50                tmemClose
 *fill*         0x0000000000006eb8        0x8 
 .text.mutexLock
                0x0000000000006ec0       0x8c /opt/devkitpro/libnx/lib/libnx.a(mutex.o)
                0x0000000000006ec0                mutexLock
 *fill*         0x0000000000006f4c        0x4 
 .text.mutexUnlock
                0x0000000000006f50       0x30 /opt/devkitpro/libnx/lib/libnx.a(mutex.o)
                0x0000000000006f50                mutexUnlock
 .text.rmutexLock
                0x0000000000006f80       0x4c /opt/devkitpro/libnx/lib/libnx.a(mutex.o)
                0x0000000000006f80                rmutexLock
 *fill*         0x0000000000006fcc        0x4 
 .text.rmutexUnlock
                0x0000000000006fd0       0x1c /opt/devkitpro/libnx/lib/libnx.a(mutex.o)
                0x0000000000006fd0                rmutexUnlock
 *fill*         0x0000000000006fec        0x4 
 .text._GetRegionFromInfo.isra.0
                0x0000000000006ff0       0x7c /opt/devkitpro/libnx/lib/libnx.a(virtmem.o)
 *fill*         0x000000000000706c        0x4 
 .text.virtmemSetup
                0x0000000000007070      0x114 /opt/devkitpro/libnx/lib/libnx.a(virtmem.o)
                0x0000000000007070                virtmemSetup
 *fill*         0x0000000000007184        0xc 
 .text.virtmemReserve
                0x0000000000007190      0x124 /opt/devkitpro/libnx/lib/libnx.a(virtmem.o)
                0x0000000000007190                virtmemReserve
 *fill*         0x00000000000072b4        0xc 
 .text.virtmemFree
                0x00000000000072c0        0x4 /opt/devkitpro/libnx/lib/libnx.a(virtmem.o)
                0x00000000000072c0                virtmemFree
 *fill*         0x00000000000072c4        0xc 
 .text.eventLoadRemote
                0x00000000000072d0        0xc /opt/devkitpro/libnx/lib/libnx.a(event.o)
                0x00000000000072d0                eventLoadRemote
 *fill*         0x00000000000072dc        0x4 
 .text.eventWait
                0x00000000000072e0       0x38 /opt/devkitpro/libnx/lib/libnx.a(event.o)
                0x00000000000072e0                eventWait
 *fill*         0x0000000000007318        0x8 
 .text.eventClose
                0x0000000000007320       0x50 /opt/devkitpro/libnx/lib/libnx.a(event.o)
                0x0000000000007320                eventClose
 .text.condvarWaitTimeout
                0x0000000000007370       0x60 /opt/devkitpro/libnx/lib/libnx.a(condvar.o)
                0x0000000000007370                condvarWaitTimeout
 .text.framebufferMakeLinear
                0x00000000000073d0       0x80 /opt/devkitpro/libnx/lib/libnx.a(framebuffer.o)
                0x00000000000073d0                framebufferMakeLinear
 .text.framebufferClose
                0x0000000000007450       0x84 /opt/devkitpro/libnx/lib/libnx.a(framebuffer.o)
                0x0000000000007450                framebufferClose
 *fill*         0x00000000000074d4        0xc 
 .text.framebufferCreate
                0x00000000000074e0      0x29c /opt/devkitpro/libnx/lib/libnx.a(framebuffer.o)
                0x00000000000074e0                framebufferCreate
 *fill*         0x000000000000777c        0x4 
 .text.framebufferBegin
                0x0000000000007780       0x88 /opt/devkitpro/libnx/lib/libnx.a(framebuffer.o)
                0x0000000000007780                framebufferBegin
 *fill*         0x0000000000007808        0x8 
 .text.framebufferEnd
                0x0000000000007810      0x174 /opt/devkitpro/libnx/lib/libnx.a(framebuffer.o)
                0x0000000000007810                framebufferEnd
 *fill*         0x0000000000007984        0xc 
 .text.nwindowGetDefault
                0x0000000000007990        0xc /opt/devkitpro/libnx/lib/libnx.a(default_window.o)
                0x0000000000007990                nwindowGetDefault
 *fill*         0x000000000000799c        0x4 
 .text.__nx_win_init
                0x00000000000079a0       0xc0 /opt/devkitpro/libnx/lib/libnx.a(default_window.o)
                0x00000000000079a0                __nx_win_init
 .text.__nx_win_exit
                0x0000000000007a60       0x34 /opt/devkitpro/libnx/lib/libnx.a(default_window.o)
                0x0000000000007a60                __nx_win_exit
 *fill*         0x0000000000007a94        0xc 
 .text._nwindowConnect
                0x0000000000007aa0       0x54 /opt/devkitpro/libnx/lib/libnx.a(native_window.o)
 *fill*         0x0000000000007af4        0xc 
 .text._nwindowDisconnect
                0x0000000000007b00       0x40 /opt/devkitpro/libnx/lib/libnx.a(native_window.o)
 .text.nwindowIsValid
                0x0000000000007b40       0x24 /opt/devkitpro/libnx/lib/libnx.a(native_window.o)
                0x0000000000007b40                nwindowIsValid
 *fill*         0x0000000000007b64        0xc 
 .text.nwindowClose
                0x0000000000007b70       0x6c /opt/devkitpro/libnx/lib/libnx.a(native_window.o)
                0x0000000000007b70                nwindowClose
 *fill*         0x0000000000007bdc        0x4 
 .text.nwindowCreate
                0x0000000000007be0       0xd0 /opt/devkitpro/libnx/lib/libnx.a(native_window.o)
                0x0000000000007be0                nwindowCreate
 .text.nwindowCreateFromLayer
                0x0000000000007cb0       0x34 /opt/devkitpro/libnx/lib/libnx.a(native_window.o)
                0x0000000000007cb0                nwindowCreateFromLayer
 *fill*         0x0000000000007ce4        0xc 
 .text.nwindowSetDimensions
                0x0000000000007cf0       0x88 /opt/devkitpro/libnx/lib/libnx.a(native_window.o)
                0x0000000000007cf0                nwindowSetDimensions
 *fill*         0x0000000000007d78        0x8 
 .text.nwindowConfigureBuffer
                0x0000000000007d80      0x154 /opt/devkitpro/libnx/lib/libnx.a(native_window.o)
                0x0000000000007d80                nwindowConfigureBuffer
 *fill*         0x0000000000007ed4        0xc 
 .text.nwindowDequeueBuffer
                0x0000000000007ee0      0x1e0 /opt/devkitpro/libnx/lib/libnx.a(native_window.o)
                0x0000000000007ee0                nwindowDequeueBuffer
 .text.nwindowQueueBuffer
                0x00000000000080c0      0x144 /opt/devkitpro/libnx/lib/libnx.a(native_window.o)
                0x00000000000080c0                nwindowQueueBuffer
 *fill*         0x0000000000008204        0xc 
 .text.nwindowReleaseBuffers
                0x0000000000008210       0xac /opt/devkitpro/libnx/lib/libnx.a(native_window.o)
                0x0000000000008210                nwindowReleaseBuffers
 *fill*         0x00000000000082bc        0x4 
 .text.__nx_dynamic
                0x00000000000082c0       0xa0 /opt/devkitpro/libnx/lib/libnx.a(dynamic.o)
                0x00000000000082c0                __nx_dynamic
 .text.__libnx_initheap
                0x0000000000008360       0xd8 /opt/devkitpro/libnx/lib/libnx.a(init.o)
                0x0000000000008360                __libnx_initheap
 *fill*         0x0000000000008438        0x8 
 .text.__appInit
                0x0000000000008440       0xe8 /opt/devkitpro/libnx/lib/libnx.a(init.o)
                0x0000000000008440                __appInit
 *fill*         0x0000000000008528        0x8 
 .text.__appExit
                0x0000000000008530       0x44 /opt/devkitpro/libnx/lib/libnx.a(init.o)
                0x0000000000008530                __appExit
 *fill*         0x0000000000008574        0xc 
 .text.__libnx_init
                0x0000000000008580       0x28 /opt/devkitpro/libnx/lib/libnx.a(init.o)
                0x0000000000008580                __libnx_init
 *fill*         0x00000000000085a8        0x8 
 .text.__libnx_exit
                0x00000000000085b0       0x20 /opt/devkitpro/libnx/lib/libnx.a(init.o)
                0x00000000000085b0                __libnx_exit
 .text.__syscall_exit
                0x00000000000085d0       0x1c /opt/devkitpro/libnx/lib/libnx.a(newlib.o)
                0x00000000000085d0                __syscall_exit
 *fill*         0x00000000000085ec        0x4 
 .text.__syscall_getreent
                0x00000000000085f0       0x34 /opt/devkitpro/libnx/lib/libnx.a(newlib.o)
                0x00000000000085f0                __syscall_getreent
 *fill*         0x0000000000008624        0xc 
 .text.__syscall_lock_acquire
                0x0000000000008630        0x4 /opt/devkitpro/libnx/lib/libnx.a(newlib.o)
                0x0000000000008630                __syscall_lock_acquire
 *fill*         0x0000000000008634        0xc 
 .text.__syscall_lock_release
                0x0000000000008640        0x4 /opt/devkitpro/libnx/lib/libnx.a(newlib.o)
                0x0000000000008640                __syscall_lock_release
 *fill*         0x0000000000008644        0xc 
 .text.__syscall_lock_acquire_recursive
                0x0000000000008650        0x4 /opt/devkitpro/libnx/lib/libnx.a(newlib.o)
                0x0000000000008650                __syscall_lock_acquire_recursive
 *fill*         0x0000000000008654        0xc 
 .text.__syscall_lock_release_recursive
                0x0000000000008660        0x4 /opt/devkitpro/libnx/lib/libnx.a(newlib.o)
                0x0000000000008660                __syscall_lock_release_recursive
 *fill*         0x0000000000008664        0xc 
 .text.__libnx_init_time
                0x0000000000008670      0x23c /opt/devkitpro/libnx/lib/libnx.a(newlib.o)
                0x0000000000008670                __libnx_init_time
 *fill*         0x00000000000088ac        0x4 
 .text.newlibSetup
                0x00000000000088b0       0x84 /opt/devkitpro/libnx/lib/libnx.a(newlib.o)
                0x00000000000088b0                newlibSetup
 *fill*         0x0000000000008934        0xc 
 .text.argvSetup
                0x0000000000008940      0x328 /opt/devkitpro/libnx/lib/libnx.a(argv.o)
                0x0000000000008940                argvSetup
 *fill*         0x0000000000008c68        0x8 
 .text.fsdev_link
                0x0000000000008c70       0x14 /opt/devkitpro/libnx/lib/libnx.a(fs_dev.o)
 *fill*         0x0000000000008c84        0xc 
 .text.fsdev_dirreset
                0x0000000000008c90       0x14 /opt/devkitpro/libnx/lib/libnx.a(fs_dev.o)
 *fill*         0x0000000000008ca4        0xc 
 .text.fsdev_chmod
                0x0000000000008cb0       0x14 /opt/devkitpro/libnx/lib/libnx.a(fs_dev.o)
 *fill*         0x0000000000008cc4        0xc 
 .text.error_cmp
                0x0000000000008cd0       0x1c /opt/devkitpro/libnx/lib/libnx.a(fs_dev.o)
 *fill*         0x0000000000008cec        0x4 
 .text.fsdev_translate_error
                0x0000000000008cf0       0x5c /opt/devkitpro/libnx/lib/libnx.a(fs_dev.o)
 *fill*         0x0000000000008d4c        0x4 
 .text.fsdev_fsync
                0x0000000000008d50       0x40 /opt/devkitpro/libnx/lib/libnx.a(fs_dev.o)
 .text.fsdev_ftruncate
                0x0000000000008d90       0x58 /opt/devkitpro/libnx/lib/libnx.a(fs_dev.o)
 *fill*         0x0000000000008de8        0x8 
 .text.fsdev_dirclose
                0x0000000000008df0       0x20 /opt/devkitpro/libnx/lib/libnx.a(fs_dev.o)
 .text.fsdev_close
                0x0000000000008e10       0x1c /opt/devkitpro/libnx/lib/libnx.a(fs_dev.o)
 *fill*         0x0000000000008e2c        0x4 
 .text.fsdev_converttimetoutc
                0x0000000000008e30       0x80 /opt/devkitpro/libnx/lib/libnx.a(fs_dev.o)
 .text.fsdev_fstat
                0x0000000000008eb0       0xd0 /opt/devkitpro/libnx/lib/libnx.a(fs_dev.o)
 .text.fsdev_seek
                0x0000000000008f80       0xb0 /opt/devkitpro/libnx/lib/libnx.a(fs_dev.o)
 .text.fsdev_read_safe.isra.0
                0x0000000000009030      0x10c /opt/devkitpro/libnx/lib/libnx.a(fs_dev.o)
 *fill*         0x000000000000913c        0x4 
 .text.fsdev_read
                0x0000000000009140       0xc4 /opt/devkitpro/libnx/lib/libnx.a(fs_dev.o)
 *fill*         0x0000000000009204        0xc 
 .text.fsdev_write_safe.isra.0
                0x0000000000009210       0xfc /opt/devkitpro/libnx/lib/libnx.a(fs_dev.o)
 *fill*         0x000000000000930c        0x4 
 .text.fsdev_write
                0x0000000000009310       0xe0 /opt/devkitpro/libnx/lib/libnx.a(fs_dev.o)
 .text.fsdevFindDevice.part.0
                0x00000000000093f0       0xb8 /opt/devkitpro/libnx/lib/libnx.a(fs_dev.o)
 *fill*         0x00000000000094a8        0x8 
 .text.fsdev_getfspath
                0x00000000000094b0      0x214 /opt/devkitpro/libnx/lib/libnx.a(fs_dev.o)
 *fill*         0x00000000000096c4        0xc 
 .text.fsdev_rmdir
                0x00000000000096d0       0x78 /opt/devkitpro/libnx/lib/libnx.a(fs_dev.o)
 *fill*         0x0000000000009748        0x8 
 .text.fsdev_statvfs
                0x0000000000009750       0xcc /opt/devkitpro/libnx/lib/libnx.a(fs_dev.o)
 *fill*         0x000000000000981c        0x4 
 .text.fsdev_diropen
                0x0000000000009820       0xf0 /opt/devkitpro/libnx/lib/libnx.a(fs_dev.o)
 .text.fsdev_mkdir
                0x0000000000009910       0x78 /opt/devkitpro/libnx/lib/libnx.a(fs_dev.o)
 *fill*         0x0000000000009988        0x8 
 .text.fsdev_rename
                0x0000000000009990      0x104 /opt/devkitpro/libnx/lib/libnx.a(fs_dev.o)
 *fill*         0x0000000000009a94        0xc 
 .text.fsdev_chdir
                0x0000000000009aa0      0x114 /opt/devkitpro/libnx/lib/libnx.a(fs_dev.o)
 *fill*         0x0000000000009bb4        0xc 
 .text.fsdev_unlink
                0x0000000000009bc0       0x78 /opt/devkitpro/libnx/lib/libnx.a(fs_dev.o)
 *fill*         0x0000000000009c38        0x8 
 .text.fsdev_stat
                0x0000000000009c40      0x1c8 /opt/devkitpro/libnx/lib/libnx.a(fs_dev.o)
 *fill*         0x0000000000009e08        0x8 
 .text.fsdev_open
                0x0000000000009e10      0x190 /opt/devkitpro/libnx/lib/libnx.a(fs_dev.o)
 .text._fsdevUnmountDeviceStruct.part.0
                0x0000000000009fa0       0xa8 /opt/devkitpro/libnx/lib/libnx.a(fs_dev.o)
 *fill*         0x000000000000a048        0x8 
 .text.fsdev_dirnext
                0x000000000000a050      0x180 /opt/devkitpro/libnx/lib/libnx.a(fs_dev.o)
 .text.fsdev_fchmod
                0x000000000000a1d0       0x14 /opt/devkitpro/libnx/lib/libnx.a(fs_dev.o)
 *fill*         0x000000000000a1e4        0xc 
 .text.fsdevMountDevice
                0x000000000000a1f0      0x1c8 /opt/devkitpro/libnx/lib/libnx.a(fs_dev.o)
                0x000000000000a1f0                fsdevMountDevice
 *fill*         0x000000000000a3b8        0x8 
 .text.fsdevMountSdmc
                0x000000000000a3c0       0x48 /opt/devkitpro/libnx/lib/libnx.a(fs_dev.o)
                0x000000000000a3c0                fsdevMountSdmc
 *fill*         0x000000000000a408        0x8 
 .text.__libnx_init_cwd
                0x000000000000a410       0xcc /opt/devkitpro/libnx/lib/libnx.a(fs_dev.o)
                0x000000000000a410                __libnx_init_cwd
 *fill*         0x000000000000a4dc        0x4 
 .text.fsdevUnmountAll
                0x000000000000a4e0       0x64 /opt/devkitpro/libnx/lib/libnx.a(fs_dev.o)
                0x000000000000a4e0                fsdevUnmountAll
 *fill*         0x000000000000a544        0xc 
 .text.decode_utf8
                0x000000000000a550      0x12c /opt/devkitpro/libnx/lib/libnx.a(decode_utf8.o)
                0x000000000000a550                decode_utf8
 .text.armDCacheFlush
                0x000000000000a67c       0x3c /opt/devkitpro/libnx/lib/libnx.a(cache.o)
                0x000000000000a67c                armDCacheFlush
 .text.__libnx_exception_entry
                0x000000000000a6b8      0x1c0 /opt/devkitpro/libnx/lib/libnx.a(exception.o)
                0x000000000000a6b8                __libnx_exception_entry
 .text.__libnx_exception_returnentry
                0x000000000000a878       0x18 /opt/devkitpro/libnx/lib/libnx.a(exception.o)
                0x000000000000a878                __libnx_exception_returnentry
 .text.__aarch64_read_tp
                0x000000000000a890        0xc /opt/devkitpro/libnx/lib/libnx.a(readtp.o)
                0x000000000000a890                __aarch64_read_tp
 *fill*         0x000000000000a89c        0x4 
 .text._nvSetClientPID
                0x000000000000a8a0       0xcc /opt/devkitpro/libnx/lib/libnx.a(nv.o)
 *fill*         0x000000000000a96c        0x4 
 .text._nvCleanup
                0x000000000000a970       0xd0 /opt/devkitpro/libnx/lib/libnx.a(nv.o)
 .text._nvCmdInitialize.constprop.0
                0x000000000000aa40       0xdc /opt/devkitpro/libnx/lib/libnx.a(nv.o)
 *fill*         0x000000000000ab1c        0x4 
 .text.nvInitialize
                0x000000000000ab20      0x248 /opt/devkitpro/libnx/lib/libnx.a(nv.o)
                0x000000000000ab20                nvInitialize
 *fill*         0x000000000000ad68        0x8 
 .text.nvExit   0x000000000000ad70       0x44 /opt/devkitpro/libnx/lib/libnx.a(nv.o)
                0x000000000000ad70                nvExit
 *fill*         0x000000000000adb4        0xc 
 .text.nvConvertError
                0x000000000000adc0      0x140 /opt/devkitpro/libnx/lib/libnx.a(nv.o)
                0x000000000000adc0                nvConvertError
 .text.nvOpen   0x000000000000af00      0x110 /opt/devkitpro/libnx/lib/libnx.a(nv.o)
                0x000000000000af00                nvOpen
 .text.nvIoctl  0x000000000000b010      0x24c /opt/devkitpro/libnx/lib/libnx.a(nv.o)
                0x000000000000b010                nvIoctl
 *fill*         0x000000000000b25c        0x4 
 .text.nvClose  0x000000000000b260       0xd4 /opt/devkitpro/libnx/lib/libnx.a(nv.o)
                0x000000000000b260                nvClose
 *fill*         0x000000000000b334        0xc 
 .text.nvQueryEvent
                0x000000000000b340      0x104 /opt/devkitpro/libnx/lib/libnx.a(nv.o)
                0x000000000000b340                nvQueryEvent
 *fill*         0x000000000000b444        0xc 
 .text._timeCleanup
                0x000000000000b450      0x1c8 /opt/devkitpro/libnx/lib/libnx.a(time.o)
 *fill*         0x000000000000b618        0x8 
 .text._timeCmdNoInOutU64.isra.0.constprop.0
                0x000000000000b620       0xc4 /opt/devkitpro/libnx/lib/libnx.a(time.o)
 *fill*         0x000000000000b6e4        0xc 
 .text._timeCmdGetSession.constprop.0
                0x000000000000b6f0       0xe4 /opt/devkitpro/libnx/lib/libnx.a(time.o)
 *fill*         0x000000000000b7d4        0xc 
 .text.timeInitialize
                0x000000000000b7e0      0x1d0 /opt/devkitpro/libnx/lib/libnx.a(time.o)
                0x000000000000b7e0                timeInitialize
 .text.timeExit
                0x000000000000b9b0       0x44 /opt/devkitpro/libnx/lib/libnx.a(time.o)
                0x000000000000b9b0                timeExit
 *fill*         0x000000000000b9f4        0xc 
 .text.timeGetServiceSession_SystemClock
                0x000000000000ba00       0x38 /opt/devkitpro/libnx/lib/libnx.a(time.o)
                0x000000000000ba00                timeGetServiceSession_SystemClock
 *fill*         0x000000000000ba38        0x8 
 .text.timeGetCurrentTime
                0x000000000000ba40       0x38 /opt/devkitpro/libnx/lib/libnx.a(time.o)
                0x000000000000ba40                timeGetCurrentTime
 *fill*         0x000000000000ba78        0x8 
 .text.timeToCalendarTimeWithMyRule
                0x000000000000ba80      0x114 /opt/devkitpro/libnx/lib/libnx.a(time.o)
                0x000000000000ba80                timeToCalendarTimeWithMyRule
 *fill*         0x000000000000bb94        0xc 
 .text.timeToPosixTimeWithMyRule
                0x000000000000bba0      0x100 /opt/devkitpro/libnx/lib/libnx.a(time.o)
                0x000000000000bba0                timeToPosixTimeWithMyRule
 .text._viCleanup
                0x000000000000bca0      0x1dc /opt/devkitpro/libnx/lib/libnx.a(vi.o)
 *fill*         0x000000000000be7c        0x4 
 .text._viCmdGetSessionNoParams.constprop.0
                0x000000000000be80       0xe4 /opt/devkitpro/libnx/lib/libnx.a(vi.o)
 *fill*         0x000000000000bf64        0xc 
 .text._viCmdGetSession.constprop.0
                0x000000000000bf70       0xe0 /opt/devkitpro/libnx/lib/libnx.a(vi.o)
 .text.viInitialize
                0x000000000000c050      0x260 /opt/devkitpro/libnx/lib/libnx.a(vi.o)
                0x000000000000c050                viInitialize
 .text.viExit   0x000000000000c2b0       0x44 /opt/devkitpro/libnx/lib/libnx.a(vi.o)
                0x000000000000c2b0                viExit
 *fill*         0x000000000000c2f4        0xc 
 .text.viGetSession_IHOSBinderDriverRelay
                0x000000000000c300        0xc /opt/devkitpro/libnx/lib/libnx.a(vi.o)
                0x000000000000c300                viGetSession_IHOSBinderDriverRelay
 *fill*         0x000000000000c30c        0x4 
 .text.viOpenDisplay
                0x000000000000c310      0x11c /opt/devkitpro/libnx/lib/libnx.a(vi.o)
                0x000000000000c310                viOpenDisplay
 *fill*         0x000000000000c42c        0x4 
 .text.viCloseDisplay
                0x000000000000c430       0xf4 /opt/devkitpro/libnx/lib/libnx.a(vi.o)
                0x000000000000c430                viCloseDisplay
 *fill*         0x000000000000c524        0xc 
 .text.viCloseLayer
                0x000000000000c530       0xf4 /opt/devkitpro/libnx/lib/libnx.a(vi.o)
                0x000000000000c530                viCloseLayer
 *fill*         0x000000000000c624        0xc 
 .text.viCreateLayer
                0x000000000000c630      0x3a0 /opt/devkitpro/libnx/lib/libnx.a(vi.o)
                0x000000000000c630                viCreateLayer
 .text.viSetLayerScalingMode
                0x000000000000c9d0       0xd4 /opt/devkitpro/libnx/lib/libnx.a(vi.o)
                0x000000000000c9d0                viSetLayerScalingMode
 *fill*         0x000000000000caa4        0xc 
 .text._setsysGetFirmwareVersionImpl
                0x000000000000cab0       0xd0 /opt/devkitpro/libnx/lib/libnx.a(set.o)
 .text._setsysCleanup
                0x000000000000cb80       0x68 /opt/devkitpro/libnx/lib/libnx.a(set.o)
 *fill*         0x000000000000cbe8        0x8 
 .text.setsysInitialize
                0x000000000000cbf0       0xa0 /opt/devkitpro/libnx/lib/libnx.a(set.o)
                0x000000000000cbf0                setsysInitialize
 .text.setsysExit
                0x000000000000cc90       0x44 /opt/devkitpro/libnx/lib/libnx.a(set.o)
                0x000000000000cc90                setsysExit
 *fill*         0x000000000000ccd4        0xc 
 .text.setsysGetFirmwareVersion
                0x000000000000cce0       0x44 /opt/devkitpro/libnx/lib/libnx.a(set.o)
                0x000000000000cce0                setsysGetFirmwareVersion
 *fill*         0x000000000000cd24        0xc 
 .text._fsCleanup
                0x000000000000cd30       0xb4 /opt/devkitpro/libnx/lib/libnx.a(fs.o)
 *fill*         0x000000000000cde4        0xc 
 .text._fsCmdNoIO
                0x000000000000cdf0      0x1dc /opt/devkitpro/libnx/lib/libnx.a(fs.o)
 *fill*         0x000000000000cfcc        0x4 
 .text._fsFsCmdWithInPath
                0x000000000000cfd0      0x1d4 /opt/devkitpro/libnx/lib/libnx.a(fs.o)
 *fill*         0x000000000000d1a4        0xc 
 .text._fsFsCmdWithTwoInPaths
                0x000000000000d1b0      0x1fc /opt/devkitpro/libnx/lib/libnx.a(fs.o)
 *fill*         0x000000000000d3ac        0x4 
 .text._fsFsOpenCommon
                0x000000000000d3b0      0x22c /opt/devkitpro/libnx/lib/libnx.a(fs.o)
 *fill*         0x000000000000d5dc        0x4 
 .text._fsFsCmdWithInPathAndOutU64
                0x000000000000d5e0      0x1f0 /opt/devkitpro/libnx/lib/libnx.a(fs.o)
 .text._fsObjectClose
                0x000000000000d7d0       0xf4 /opt/devkitpro/libnx/lib/libnx.a(fs.o)
 *fill*         0x000000000000d8c4        0xc 
 .text._fsCmdGetSession.constprop.0
                0x000000000000d8d0      0x16c /opt/devkitpro/libnx/lib/libnx.a(fs.o)
 *fill*         0x000000000000da3c        0x4 
 .text.fsInitialize
                0x000000000000da40      0x30c /opt/devkitpro/libnx/lib/libnx.a(fs.o)
                0x000000000000da40                fsInitialize
 *fill*         0x000000000000dd4c        0x4 
 .text.fsExit   0x000000000000dd50       0x44 /opt/devkitpro/libnx/lib/libnx.a(fs.o)
                0x000000000000dd50                fsExit
 *fill*         0x000000000000dd94        0xc 
 .text.fsOpenSdCardFileSystem
                0x000000000000dda0        0x8 /opt/devkitpro/libnx/lib/libnx.a(fs.o)
                0x000000000000dda0                fsOpenSdCardFileSystem
 *fill*         0x000000000000dda8        0x8 
 .text.fsFsCreateFile
                0x000000000000ddb0      0x1e4 /opt/devkitpro/libnx/lib/libnx.a(fs.o)
                0x000000000000ddb0                fsFsCreateFile
 *fill*         0x000000000000df94        0xc 
 .text.fsFsDeleteFile
                0x000000000000dfa0        0x8 /opt/devkitpro/libnx/lib/libnx.a(fs.o)
                0x000000000000dfa0                fsFsDeleteFile
 *fill*         0x000000000000dfa8        0x8 
 .text.fsFsCreateDirectory
                0x000000000000dfb0        0x8 /opt/devkitpro/libnx/lib/libnx.a(fs.o)
                0x000000000000dfb0                fsFsCreateDirectory
 *fill*         0x000000000000dfb8        0x8 
 .text.fsFsDeleteDirectory
                0x000000000000dfc0        0x8 /opt/devkitpro/libnx/lib/libnx.a(fs.o)
                0x000000000000dfc0                fsFsDeleteDirectory
 *fill*         0x000000000000dfc8        0x8 
 .text.fsFsRenameFile
                0x000000000000dfd0        0x8 /opt/devkitpro/libnx/lib/libnx.a(fs.o)
                0x000000000000dfd0                fsFsRenameFile
 *fill*         0x000000000000dfd8        0x8 
 .text.fsFsRenameDirectory
                0x000000000000dfe0        0x8 /opt/devkitpro/libnx/lib/libnx.a(fs.o)
                0x000000000000dfe0                fsFsRenameDirectory
 *fill*         0x000000000000dfe8        0x8 
 .text.fsFsGetEntryType
                0x000000000000dff0      0x1e8 /opt/devkitpro/libnx/lib/libnx.a(fs.o)
                0x000000000000dff0                fsFsGetEntryType
 *fill*         0x000000000000e1d8        0x8 
 .text.fsFsOpenFile
                0x000000000000e1e0        0x8 /opt/devkitpro/libnx/lib/libnx.a(fs.o)
                0x000000000000e1e0                fsFsOpenFile
 *fill*         0x000000000000e1e8        0x8 
 .text.fsFsOpenDirectory
                0x000000000000e1f0        0x8 /opt/devkitpro/libnx/lib/libnx.a(fs.o)
                0x000000000000e1f0                fsFsOpenDirectory
 *fill*         0x000000000000e1f8        0x8 
 .text.fsFsGetFreeSpace
                0x000000000000e200        0x8 /opt/devkitpro/libnx/lib/libnx.a(fs.o)
                0x000000000000e200                fsFsGetFreeSpace
 *fill*         0x000000000000e208        0x8 
 .text.fsFsGetTotalSpace
                0x000000000000e210        0x8 /opt/devkitpro/libnx/lib/libnx.a(fs.o)
                0x000000000000e210                fsFsGetTotalSpace
 *fill*         0x000000000000e218        0x8 
 .text.fsFsGetFileTimeStampRaw
                0x000000000000e220      0x22c /opt/devkitpro/libnx/lib/libnx.a(fs.o)
                0x000000000000e220                fsFsGetFileTimeStampRaw
 *fill*         0x000000000000e44c        0x4 
 .text.fsFsClose
                0x000000000000e450        0x4 /opt/devkitpro/libnx/lib/libnx.a(fs.o)
                0x000000000000e450                fsFsClose
 *fill*         0x000000000000e454        0xc 
 .text.fsFileRead
                0x000000000000e460      0x218 /opt/devkitpro/libnx/lib/libnx.a(fs.o)
                0x000000000000e460                fsFileRead
 *fill*         0x000000000000e678        0x8 
 .text.fsFileWrite
                0x000000000000e680      0x208 /opt/devkitpro/libnx/lib/libnx.a(fs.o)
                0x000000000000e680                fsFileWrite
 *fill*         0x000000000000e888        0x8 
 .text.fsFileFlush
                0x000000000000e890        0x8 /opt/devkitpro/libnx/lib/libnx.a(fs.o)
                0x000000000000e890                fsFileFlush
 *fill*         0x000000000000e898        0x8 
 .text.fsFileSetSize
                0x000000000000e8a0      0x1e0 /opt/devkitpro/libnx/lib/libnx.a(fs.o)
                0x000000000000e8a0                fsFileSetSize
 .text.fsFileGetSize
                0x000000000000ea80      0x1f0 /opt/devkitpro/libnx/lib/libnx.a(fs.o)
                0x000000000000ea80                fsFileGetSize
 .text.fsFileClose
                0x000000000000ec70        0x4 /opt/devkitpro/libnx/lib/libnx.a(fs.o)
                0x000000000000ec70                fsFileClose
 *fill*         0x000000000000ec74        0xc 
 .text.fsDirClose
                0x000000000000ec80        0x4 /opt/devkitpro/libnx/lib/libnx.a(fs.o)
                0x000000000000ec80                fsDirClose
 *fill*         0x000000000000ec84        0xc 
 .text.fsDirRead
                0x000000000000ec90      0x200 /opt/devkitpro/libnx/lib/libnx.a(fs.o)
                0x000000000000ec90                fsDirRead
 .text._nvFenceEventWaitCommon
                0x000000000000ee90       0x60 /opt/devkitpro/libnx/lib/libnx.a(fence.o)
 .text.nvFenceInit
                0x000000000000eef0       0x5c /opt/devkitpro/libnx/lib/libnx.a(fence.o)
                0x000000000000eef0                nvFenceInit
 *fill*         0x000000000000ef4c        0x4 
 .text.nvFenceExit
                0x000000000000ef50       0xb0 /opt/devkitpro/libnx/lib/libnx.a(fence.o)
                0x000000000000ef50                nvFenceExit
 .text.nvFenceWait
                0x000000000000f000      0x1cc /opt/devkitpro/libnx/lib/libnx.a(fence.o)
                0x000000000000f000                nvFenceWait
 *fill*         0x000000000000f1cc        0x4 
 .text.nvMultiFenceWait
                0x000000000000f1d0       0x74 /opt/devkitpro/libnx/lib/libnx.a(fence.o)
                0x000000000000f1d0                nvMultiFenceWait
 *fill*         0x000000000000f244        0xc 
 .text.nvMapInit
                0x000000000000f250       0x6c /opt/devkitpro/libnx/lib/libnx.a(map.o)
                0x000000000000f250                nvMapInit
 *fill*         0x000000000000f2bc        0x4 
 .text.nvMapExit
                0x000000000000f2c0       0x68 /opt/devkitpro/libnx/lib/libnx.a(map.o)
                0x000000000000f2c0                nvMapExit
 *fill*         0x000000000000f328        0x8 
 .text.nvMapClose
                0x000000000000f330       0x80 /opt/devkitpro/libnx/lib/libnx.a(map.o)
                0x000000000000f330                nvMapClose
 .text.nvMapCreate
                0x000000000000f3b0      0x160 /opt/devkitpro/libnx/lib/libnx.a(map.o)
                0x000000000000f3b0                nvMapCreate
 .text.nvioctlNvhostCtrl_EventSignal
                0x000000000000f510       0x28 /opt/devkitpro/libnx/lib/libnx.a(nvhost-ctrl.o)
                0x000000000000f510                nvioctlNvhostCtrl_EventSignal
 *fill*         0x000000000000f538        0x8 
 .text.nvioctlNvhostCtrl_EventWait
                0x000000000000f540       0x44 /opt/devkitpro/libnx/lib/libnx.a(nvhost-ctrl.o)
                0x000000000000f540                nvioctlNvhostCtrl_EventWait
 *fill*         0x000000000000f584        0xc 
 .text.nvioctlNvhostCtrl_EventWaitAsync
                0x000000000000f590       0x30 /opt/devkitpro/libnx/lib/libnx.a(nvhost-ctrl.o)
                0x000000000000f590                nvioctlNvhostCtrl_EventWaitAsync
 .text.nvioctlNvhostCtrl_EventRegister
                0x000000000000f5c0       0x28 /opt/devkitpro/libnx/lib/libnx.a(nvhost-ctrl.o)
                0x000000000000f5c0                nvioctlNvhostCtrl_EventRegister
 *fill*         0x000000000000f5e8        0x8 
 .text.nvioctlNvhostCtrl_EventUnregister
                0x000000000000f5f0       0x28 /opt/devkitpro/libnx/lib/libnx.a(nvhost-ctrl.o)
                0x000000000000f5f0                nvioctlNvhostCtrl_EventUnregister
 *fill*         0x000000000000f618        0x8 
 .text.nvioctlNvmap_Create
                0x000000000000f620       0x40 /opt/devkitpro/libnx/lib/libnx.a(nvmap.o)
                0x000000000000f620                nvioctlNvmap_Create
 .text.nvioctlNvmap_Alloc
                0x000000000000f660       0x44 /opt/devkitpro/libnx/lib/libnx.a(nvmap.o)
                0x000000000000f660                nvioctlNvmap_Alloc
 *fill*         0x000000000000f6a4        0xc 
 .text.nvioctlNvmap_Free
                0x000000000000f6b0       0x30 /opt/devkitpro/libnx/lib/libnx.a(nvmap.o)
                0x000000000000f6b0                nvioctlNvmap_Free
 .text.nvioctlNvmap_GetId
                0x000000000000f6e0       0x40 /opt/devkitpro/libnx/lib/libnx.a(nvmap.o)
                0x000000000000f6e0                nvioctlNvmap_GetId
 .text.bqRequestBuffer
                0x000000000000f720       0xd8 /opt/devkitpro/libnx/lib/libnx.a(buffer_producer.o)
                0x000000000000f720                bqRequestBuffer
 *fill*         0x000000000000f7f8        0x8 
 .text.bqDequeueBuffer
                0x000000000000f800      0x168 /opt/devkitpro/libnx/lib/libnx.a(buffer_producer.o)
                0x000000000000f800                bqDequeueBuffer
 *fill*         0x000000000000f968        0x8 
 .text.bqDetachBuffer
                0x000000000000f970       0x9c /opt/devkitpro/libnx/lib/libnx.a(buffer_producer.o)
                0x000000000000f970                bqDetachBuffer
 *fill*         0x000000000000fa0c        0x4 
 .text.bqQueueBuffer
                0x000000000000fa10       0xdc /opt/devkitpro/libnx/lib/libnx.a(buffer_producer.o)
                0x000000000000fa10                bqQueueBuffer
 *fill*         0x000000000000faec        0x4 
 .text.bqCancelBuffer
                0x000000000000faf0       0x94 /opt/devkitpro/libnx/lib/libnx.a(buffer_producer.o)
                0x000000000000faf0                bqCancelBuffer
 *fill*         0x000000000000fb84        0xc 
 .text.bqConnect
                0x000000000000fb90       0xe8 /opt/devkitpro/libnx/lib/libnx.a(buffer_producer.o)
                0x000000000000fb90                bqConnect
 *fill*         0x000000000000fc78        0x8 
 .text.bqDisconnect
                0x000000000000fc80       0x9c /opt/devkitpro/libnx/lib/libnx.a(buffer_producer.o)
                0x000000000000fc80                bqDisconnect
 *fill*         0x000000000000fd1c        0x4 
 .text.bqSetPreallocatedBuffer
                0x000000000000fd20      0x174 /opt/devkitpro/libnx/lib/libnx.a(buffer_producer.o)
                0x000000000000fd20                bqSetPreallocatedBuffer
 *fill*         0x000000000000fe94        0xc 
 .text.binderCreate
                0x000000000000fea0       0x18 /opt/devkitpro/libnx/lib/libnx.a(binder.o)
                0x000000000000fea0                binderCreate
 *fill*         0x000000000000feb8        0x8 
 .text.binderTransactParcel
                0x000000000000fec0      0x39c /opt/devkitpro/libnx/lib/libnx.a(binder.o)
                0x000000000000fec0                binderTransactParcel
 *fill*         0x000000000001025c        0x4 
 .text.binderConvertErrorCode
                0x0000000000010260      0x124 /opt/devkitpro/libnx/lib/libnx.a(binder.o)
                0x0000000000010260                binderConvertErrorCode
 *fill*         0x0000000000010384        0xc 
 .text.binderAdjustRefcount
                0x0000000000010390      0x120 /opt/devkitpro/libnx/lib/libnx.a(binder.o)
                0x0000000000010390                binderAdjustRefcount
 .text.binderInitSession
                0x00000000000104b0       0x98 /opt/devkitpro/libnx/lib/libnx.a(binder.o)
                0x00000000000104b0                binderInitSession
 *fill*         0x0000000000010548        0x8 
 .text.binderClose
                0x0000000000010550       0x68 /opt/devkitpro/libnx/lib/libnx.a(binder.o)
                0x0000000000010550                binderClose
 *fill*         0x00000000000105b8        0x8 
 .text.binderGetNativeHandle
                0x00000000000105c0      0x154 /opt/devkitpro/libnx/lib/libnx.a(binder.o)
                0x00000000000105c0                binderGetNativeHandle
 *fill*         0x0000000000010714        0xc 
 .text.parcelCreate
                0x0000000000010720       0x30 /opt/devkitpro/libnx/lib/libnx.a(parcel.o)
                0x0000000000010720                parcelCreate
 .text.parcelTransact
                0x0000000000010750      0x19c /opt/devkitpro/libnx/lib/libnx.a(parcel.o)
                0x0000000000010750                parcelTransact
 *fill*         0x00000000000108ec        0x4 
 .text.parcelWriteData
                0x00000000000108f0       0x88 /opt/devkitpro/libnx/lib/libnx.a(parcel.o)
                0x00000000000108f0                parcelWriteData
 *fill*         0x0000000000010978        0x8 
 .text.parcelReadData
                0x0000000000010980       0x98 /opt/devkitpro/libnx/lib/libnx.a(parcel.o)
                0x0000000000010980                parcelReadData
 *fill*         0x0000000000010a18        0x8 
 .text.parcelWriteInt32
                0x0000000000010a20       0x20 /opt/devkitpro/libnx/lib/libnx.a(parcel.o)
                0x0000000000010a20                parcelWriteInt32
 .text.parcelWriteUInt32
                0x0000000000010a40       0x20 /opt/devkitpro/libnx/lib/libnx.a(parcel.o)
                0x0000000000010a40                parcelWriteUInt32
 .text.parcelWriteString16
                0x0000000000010a60       0x7c /opt/devkitpro/libnx/lib/libnx.a(parcel.o)
                0x0000000000010a60                parcelWriteString16
 *fill*         0x0000000000010adc        0x4 
 .text.parcelWriteInterfaceToken
                0x0000000000010ae0       0x30 /opt/devkitpro/libnx/lib/libnx.a(parcel.o)
                0x0000000000010ae0                parcelWriteInterfaceToken
 .text.parcelReadInt32
                0x0000000000010b10       0x24 /opt/devkitpro/libnx/lib/libnx.a(parcel.o)
                0x0000000000010b10                parcelReadInt32
 *fill*         0x0000000000010b34        0xc 
 .text.parcelReadFlattenedObject
                0x0000000000010b40       0x68 /opt/devkitpro/libnx/lib/libnx.a(parcel.o)
                0x0000000000010b40                parcelReadFlattenedObject
 *fill*         0x0000000000010ba8        0x8 
 .text.parcelWriteFlattenedObject
                0x0000000000010bb0       0x4c /opt/devkitpro/libnx/lib/libnx.a(parcel.o)
                0x0000000000010bb0                parcelWriteFlattenedObject
 *fill*         0x0000000000010bfc        0x4 
 .text.nxlinkSetup
                0x0000000000010c00       0xc4 /opt/devkitpro/libnx/lib/libnx.a(nxlink.o)
                0x0000000000010c00                nxlinkSetup
 *fill*         0x0000000000010cc4        0xc 
 .text.sessionmgrCreate
                0x0000000000010cd0      0x180 /opt/devkitpro/libnx/lib/libnx.a(sessionmgr.o)
                0x0000000000010cd0                sessionmgrCreate
 .text.sessionmgrClose
                0x0000000000010e50       0x84 /opt/devkitpro/libnx/lib/libnx.a(sessionmgr.o)
                0x0000000000010e50                sessionmgrClose
 *fill*         0x0000000000010ed4        0xc 
 .text.sessionmgrAttachClient
                0x0000000000010ee0       0xa4 /opt/devkitpro/libnx/lib/libnx.a(sessionmgr.o)
                0x0000000000010ee0                sessionmgrAttachClient
 *fill*         0x0000000000010f84        0xc 
 .text.sessionmgrDetachClient
                0x0000000000010f90       0x74 /opt/devkitpro/libnx/lib/libnx.a(sessionmgr.o)
                0x0000000000010f90                sessionmgrDetachClient
 *fill*         0x0000000000011004        0x4 
 .text.aligned_alloc
                0x0000000000011008       0x3c /opt/devkitpro/devkitA64/lib/gcc/aarch64-none-elf/9.2.0/../../../../aarch64-none-elf/lib/pic/libg.a(lib_a-aligned_alloc.o)
                0x0000000000011008                aligned_alloc
 *fill*         0x0000000000011044        0x4 
 .text.bsearch  0x0000000000011048       0xb8 /opt/devkitpro/devkitA64/lib/gcc/aarch64-none-elf/9.2.0/../../../../aarch64-none-elf/lib/pic/libg.a(lib_a-bsearch.o)
                0x0000000000011048                bsearch
 .text.calloc   0x0000000000011100       0x2c /opt/devkitpro/devkitA64/lib/gcc/aarch64-none-elf/9.2.0/../../../../aarch64-none-elf/lib/pic/libg.a(lib_a-calloc.o)
                0x0000000000011100                calloc
 *fill*         0x000000000001112c        0x4 
 .text._calloc_r
                0x0000000000011130       0x94 /opt/devkitpro/devkitA64/lib/gcc/aarch64-none-elf/9.2.0/../../../../aarch64-none-elf/lib/pic/libg.a(lib_a-callocr.o)
                0x0000000000011130                _calloc_r
 *fill*         0x00000000000111c4        0x4 
 .text.__errno  0x00000000000111c8       0x14 /opt/devkitpro/devkitA64/lib/gcc/aarch64-none-elf/9.2.0/../../../../aarch64-none-elf/lib/pic/libg.a(lib_a-errno.o)
                0x00000000000111c8                __errno
 *fill*         0x00000000000111dc        0x4 
 .text.__libc_fini_array
                0x00000000000111e0       0x4c /opt/devkitpro/devkitA64/lib/gcc/aarch64-none-elf/9.2.0/../../../../aarch64-none-elf/lib/pic/libg.a(lib_a-fini.o)
                0x00000000000111e0                __libc_fini_array
 *fill*         0x000000000001122c        0x4 
 .text.gmtime   0x0000000000011230       0x2c /opt/devkitpro/devkitA64/lib/gcc/aarch64-none-elf/9.2.0/../../../../aarch64-none-elf/lib/pic/libg.a(lib_a-gmtime.o)
                0x0000000000011230                gmtime
 *fill*         0x000000000001125c        0x4 
 .text.gmtime_r
                0x0000000000011260      0x29c /opt/devkitpro/devkitA64/lib/gcc/aarch64-none-elf/9.2.0/../../../../aarch64-none-elf/lib/pic/libg.a(lib_a-gmtime_r.o)
                0x0000000000011260                gmtime_r
 *fill*         0x00000000000114fc        0x4 
 .text.__libc_init_array
                0x0000000000011500       0x9c /opt/devkitpro/devkitA64/lib/gcc/aarch64-none-elf/9.2.0/../../../../aarch64-none-elf/lib/pic/libg.a(lib_a-init.o)
                0x0000000000011500                __libc_init_array
 *fill*         0x000000000001159c        0x4 
 .text.memalign
                0x00000000000115a0       0x2c /opt/devkitpro/devkitA64/lib/gcc/aarch64-none-elf/9.2.0/../../../../aarch64-none-elf/lib/pic/libg.a(lib_a-malign.o)
                0x00000000000115a0                memalign
 *fill*         0x00000000000115cc        0x4 
 .text._memalign_r
                0x00000000000115d0      0x1a0 /opt/devkitpro/devkitA64/lib/gcc/aarch64-none-elf/9.2.0/../../../../aarch64-none-elf/lib/pic/libg.a(lib_a-malignr.o)
                0x00000000000115d0                _memalign_r
 .text.malloc   0x0000000000011770       0x24 /opt/devkitpro/devkitA64/lib/gcc/aarch64-none-elf/9.2.0/../../../../aarch64-none-elf/lib/pic/libg.a(lib_a-malloc.o)
                0x0000000000011770                malloc
 *fill*         0x0000000000011794        0x4 
 .text.free     0x0000000000011798       0x24 /opt/devkitpro/devkitA64/lib/gcc/aarch64-none-elf/9.2.0/../../../../aarch64-none-elf/lib/pic/libg.a(lib_a-malloc.o)
                0x0000000000011798                free
 *fill*         0x00000000000117bc        0x4 
 .text._malloc_r
                0x00000000000117c0      0x874 /opt/devkitpro/devkitA64/lib/gcc/aarch64-none-elf/9.2.0/../../../../aarch64-none-elf/lib/pic/libg.a(lib_a-mallocr.o)
                0x00000000000117c0                _malloc_r
 .text          0x0000000000012034       0xd8 /opt/devkitpro/devkitA64/lib/gcc/aarch64-none-elf/9.2.0/../../../../aarch64-none-elf/lib/pic/libg.a(lib_a-memchr.o)
                0x0000000000012034                memchr
 *fill*         0x000000000001210c       0x34 
 .text          0x0000000000012140      0x16c /opt/devkitpro/devkitA64/lib/gcc/aarch64-none-elf/9.2.0/../../../../aarch64-none-elf/lib/pic/libg.a(lib_a-memcpy.o)
                0x0000000000012140                memcpy
 *fill*         0x00000000000122ac       0x14 
 .text          0x00000000000122c0      0x1dc /opt/devkitpro/devkitA64/lib/gcc/aarch64-none-elf/9.2.0/../../../../aarch64-none-elf/lib/pic/libg.a(lib_a-memset.o)
                0x00000000000122c0                memset
 *fill*         0x000000000001249c        0x4 
 .text.__malloc_lock
                0x00000000000124a0        0xc /opt/devkitpro/devkitA64/lib/gcc/aarch64-none-elf/9.2.0/../../../../aarch64-none-elf/lib/pic/libg.a(lib_a-mlock.o)
                0x00000000000124a0                __malloc_lock
 *fill*         0x00000000000124ac        0x4 
 .text.__malloc_unlock
                0x00000000000124b0        0xc /opt/devkitpro/devkitA64/lib/gcc/aarch64-none-elf/9.2.0/../../../../aarch64-none-elf/lib/pic/libg.a(lib_a-mlock.o)
                0x00000000000124b0                __malloc_unlock
 *fill*         0x00000000000124bc        0x4 
 .text.printf   0x00000000000124c0       0x90 /opt/devkitpro/devkitA64/lib/gcc/aarch64-none-elf/9.2.0/../../../../aarch64-none-elf/lib/pic/libg.a(lib_a-printf.o)
                0x00000000000124c0                printf
 .text.setenv   0x0000000000012550       0x3c /opt/devkitpro/devkitA64/lib/gcc/aarch64-none-elf/9.2.0/../../../../aarch64-none-elf/lib/pic/libg.a(lib_a-setenv.o)
                0x0000000000012550                setenv
 *fill*         0x000000000001258c        0x4 
 .text._setenv_r
                0x0000000000012590      0x268 /opt/devkitpro/devkitA64/lib/gcc/aarch64-none-elf/9.2.0/../../../../aarch64-none-elf/lib/pic/libg.a(lib_a-setenv_r.o)
                0x0000000000012590                _setenv_r
 .text.setvbuf  0x00000000000127f8      0x278 /opt/devkitpro/devkitA64/lib/gcc/aarch64-none-elf/9.2.0/../../../../aarch64-none-elf/lib/pic/libg.a(lib_a-setvbuf.o)
                0x00000000000127f8                setvbuf
 .text.sscanf   0x0000000000012a70       0xc0 /opt/devkitpro/devkitA64/lib/gcc/aarch64-none-elf/9.2.0/../../../../aarch64-none-elf/lib/pic/libg.a(lib_a-sscanf.o)
                0x0000000000012a70                sscanf
 .text.__sread  0x0000000000012b30       0x50 /opt/devkitpro/devkitA64/lib/gcc/aarch64-none-elf/9.2.0/../../../../aarch64-none-elf/lib/pic/libg.a(lib_a-stdio.o)
                0x0000000000012b30                __sread
 .text.__seofread
                0x0000000000012b80        0x8 /opt/devkitpro/devkitA64/lib/gcc/aarch64-none-elf/9.2.0/../../../../aarch64-none-elf/lib/pic/libg.a(lib_a-stdio.o)
                0x0000000000012b80                __seofread
 .text.__swrite
                0x0000000000012b88       0x6c /opt/devkitpro/devkitA64/lib/gcc/aarch64-none-elf/9.2.0/../../../../aarch64-none-elf/lib/pic/libg.a(lib_a-stdio.o)
                0x0000000000012b88                __swrite
 *fill*         0x0000000000012bf4        0x4 
 .text.__sseek  0x0000000000012bf8       0x50 /opt/devkitpro/devkitA64/lib/gcc/aarch64-none-elf/9.2.0/../../../../aarch64-none-elf/lib/pic/libg.a(lib_a-stdio.o)
                0x0000000000012bf8                __sseek
 .text.__sclose
                0x0000000000012c48        0x8 /opt/devkitpro/devkitA64/lib/gcc/aarch64-none-elf/9.2.0/../../../../aarch64-none-elf/lib/pic/libg.a(lib_a-stdio.o)
                0x0000000000012c48                __sclose
 .text          0x0000000000012c50       0xdc /opt/devkitpro/devkitA64/lib/gcc/aarch64-none-elf/9.2.0/../../../../aarch64-none-elf/lib/pic/libg.a(lib_a-strchr.o)
                0x0000000000012c50                strchr
 *fill*         0x0000000000012d2c       0x14 
 .text          0x0000000000012d40       0xe4 /opt/devkitpro/devkitA64/lib/gcc/aarch64-none-elf/9.2.0/../../../../aarch64-none-elf/lib/pic/libg.a(lib_a-strcmp.o)
                0x0000000000012d40                strcmp
 *fill*         0x0000000000012e24       0x1c 
 .text          0x0000000000012e40      0x140 /opt/devkitpro/devkitA64/lib/gcc/aarch64-none-elf/9.2.0/../../../../aarch64-none-elf/lib/pic/libg.a(lib_a-strlen.o)
                0x0000000000012e40                strlen
 .text.strncat  0x0000000000012f80       0x84 /opt/devkitpro/devkitA64/lib/gcc/aarch64-none-elf/9.2.0/../../../../aarch64-none-elf/lib/pic/libg.a(lib_a-strncat.o)
                0x0000000000012f80                strncat
 *fill*         0x0000000000013004       0x3c 
 .text          0x0000000000013040      0x1d4 /opt/devkitpro/devkitA64/lib/gcc/aarch64-none-elf/9.2.0/../../../../aarch64-none-elf/lib/pic/libg.a(lib_a-strncmp.o)
                0x000000000001305c                strncmp
 *fill*         0x0000000000013214        0x4 
 .text.strncpy  0x0000000000013218       0x9c /opt/devkitpro/devkitA64/lib/gcc/aarch64-none-elf/9.2.0/../../../../aarch64-none-elf/lib/pic/libg.a(lib_a-strncpy.o)
                0x0000000000013218                strncpy
 *fill*         0x00000000000132b4        0xc 
 .text          0x00000000000132c0       0xe0 /opt/devkitpro/devkitA64/lib/gcc/aarch64-none-elf/9.2.0/../../../../aarch64-none-elf/lib/pic/libg.a(lib_a-strnlen.o)
                0x00000000000132e4                strnlen
 .text._strtoul_l.isra.0
                0x00000000000133a0      0x1ac /opt/devkitpro/devkitA64/lib/gcc/aarch64-none-elf/9.2.0/../../../../aarch64-none-elf/lib/pic/libg.a(lib_a-strtoul.o)
 *fill*         0x000000000001354c        0x4 
 .text._strtoul_r
                0x0000000000013550       0x44 /opt/devkitpro/devkitA64/lib/gcc/aarch64-none-elf/9.2.0/../../../../aarch64-none-elf/lib/pic/libg.a(lib_a-strtoul.o)
                0x0000000000013550                _strtoul_r
 *fill*         0x0000000000013594        0x4 
 .text.strtoul  0x0000000000013598       0x48 /opt/devkitpro/devkitA64/lib/gcc/aarch64-none-elf/9.2.0/../../../../aarch64-none-elf/lib/pic/libg.a(lib_a-strtoul.o)
                0x0000000000013598                strtoul
 .text.get_arg  0x00000000000135e0       0x74 /opt/devkitpro/devkitA64/lib/gcc/aarch64-none-elf/9.2.0/../../../../aarch64-none-elf/lib/pic/libg.a(lib_a-svfscanf.o)
 .text.__ssvfscanf_r
                0x0000000000013654     0x3204 /opt/devkitpro/devkitA64/lib/gcc/aarch64-none-elf/9.2.0/../../../../aarch64-none-elf/lib/pic/libg.a(lib_a-svfscanf.o)
                0x0000000000013654                __ssvfscanf_r
 .text.get_arg  0x0000000000016858      0x784 /opt/devkitpro/devkitA64/lib/gcc/aarch64-none-elf/9.2.0/../../../../aarch64-none-elf/lib/pic/libg.a(lib_a-vfprintf.o)
 .text._vfprintf_r
                0x0000000000016fdc     0x3cc4 /opt/devkitpro/devkitA64/lib/gcc/aarch64-none-elf/9.2.0/../../../../aarch64-none-elf/lib/pic/libg.a(lib_a-vfprintf.o)
                0x0000000000016fdc                _vfprintf_r
 .text.__sbprintf
                0x000000000001aca0       0xf4 /opt/devkitpro/devkitA64/lib/gcc/aarch64-none-elf/9.2.0/../../../../aarch64-none-elf/lib/pic/libg.a(lib_a-vfprintf.o)
 *fill*         0x000000000001ad94        0x4 
 .text._wcrtomb_r
                0x000000000001ad98       0xd0 /opt/devkitpro/devkitA64/lib/gcc/aarch64-none-elf/9.2.0/../../../../aarch64-none-elf/lib/pic/libg.a(lib_a-wcrtomb.o)
                0x000000000001ad98                _wcrtomb_r
 .text._wcsrtombs_r
                0x000000000001ae68       0x10 /opt/devkitpro/devkitA64/lib/gcc/aarch64-none-elf/9.2.0/../../../../aarch64-none-elf/lib/pic/libg.a(lib_a-wcsrtombs.o)
                0x000000000001ae68                _wcsrtombs_r
 .text.__swsetup_r
                0x000000000001ae78      0x138 /opt/devkitpro/devkitA64/lib/gcc/aarch64-none-elf/9.2.0/../../../../aarch64-none-elf/lib/pic/libg.a(lib_a-wsetup.o)
                0x000000000001ae78                __swsetup_r
 .text.__call_exitprocs
                0x000000000001afb0      0x12c /opt/devkitpro/devkitA64/lib/gcc/aarch64-none-elf/9.2.0/../../../../aarch64-none-elf/lib/pic/libg.a(lib_a-__call_atexit.o)
                0x000000000001afb0                __call_exitprocs
 *fill*         0x000000000001b0dc        0x4 
 .text.quorem   0x000000000001b0e0      0x19c /opt/devkitpro/devkitA64/lib/gcc/aarch64-none-elf/9.2.0/../../../../aarch64-none-elf/lib/pic/libg.a(lib_a-dtoa.o)
 *fill*         0x000000000001b27c        0x4 
 .text._dtoa_r  0x000000000001b280     0x1124 /opt/devkitpro/devkitA64/lib/gcc/aarch64-none-elf/9.2.0/../../../../aarch64-none-elf/lib/pic/libg.a(lib_a-dtoa.o)
                0x000000000001b280                _dtoa_r
 *fill*         0x000000000001c3a4        0x4 
 .text.__env_lock
                0x000000000001c3a8        0xc /opt/devkitpro/devkitA64/lib/gcc/aarch64-none-elf/9.2.0/../../../../aarch64-none-elf/lib/pic/libg.a(lib_a-envlock.o)
                0x000000000001c3a8                __env_lock
 *fill*         0x000000000001c3b4        0x4 
 .text.__env_unlock
                0x000000000001c3b8        0xc /opt/devkitpro/devkitA64/lib/gcc/aarch64-none-elf/9.2.0/../../../../aarch64-none-elf/lib/pic/libg.a(lib_a-envlock.o)
                0x000000000001c3b8                __env_unlock
 *fill*         0x000000000001c3c4        0x4 
 .text.__sflush_r
                0x000000000001c3c8      0x214 /opt/devkitpro/devkitA64/lib/gcc/aarch64-none-elf/9.2.0/../../../../aarch64-none-elf/lib/pic/libg.a(lib_a-fflush.o)
                0x000000000001c3c8                __sflush_r
 *fill*         0x000000000001c5dc        0x4 
 .text._fflush_r
                0x000000000001c5e0       0xb8 /opt/devkitpro/devkitA64/lib/gcc/aarch64-none-elf/9.2.0/../../../../aarch64-none-elf/lib/pic/libg.a(lib_a-fflush.o)
                0x000000000001c5e0                _fflush_r
 .text.std      0x000000000001c698       0x80 /opt/devkitpro/devkitA64/lib/gcc/aarch64-none-elf/9.2.0/../../../../aarch64-none-elf/lib/pic/libg.a(lib_a-findfp.o)
 .text._cleanup_r
                0x000000000001c718        0xc /opt/devkitpro/devkitA64/lib/gcc/aarch64-none-elf/9.2.0/../../../../aarch64-none-elf/lib/pic/libg.a(lib_a-findfp.o)
                0x000000000001c718                _cleanup_r
 *fill*         0x000000000001c724        0x4 
 .text.__sfp_lock_acquire
                0x000000000001c728        0xc /opt/devkitpro/devkitA64/lib/gcc/aarch64-none-elf/9.2.0/../../../../aarch64-none-elf/lib/pic/libg.a(lib_a-findfp.o)
                0x000000000001c728                __sfp_lock_acquire
 *fill*         0x000000000001c734        0x4 
 .text.__sfp_lock_release
                0x000000000001c738        0xc /opt/devkitpro/devkitA64/lib/gcc/aarch64-none-elf/9.2.0/../../../../aarch64-none-elf/lib/pic/libg.a(lib_a-findfp.o)
                0x000000000001c738                __sfp_lock_release
 *fill*         0x000000000001c744        0x4 
 .text.__sinit_lock_acquire
                0x000000000001c748        0xc /opt/devkitpro/devkitA64/lib/gcc/aarch64-none-elf/9.2.0/../../../../aarch64-none-elf/lib/pic/libg.a(lib_a-findfp.o)
                0x000000000001c748                __sinit_lock_acquire
 *fill*         0x000000000001c754        0x4 
 .text.__sinit_lock_release
                0x000000000001c758        0xc /opt/devkitpro/devkitA64/lib/gcc/aarch64-none-elf/9.2.0/../../../../aarch64-none-elf/lib/pic/libg.a(lib_a-findfp.o)
                0x000000000001c758                __sinit_lock_release
 *fill*         0x000000000001c764        0x4 
 .text.__sinit  0x000000000001c768       0x80 /opt/devkitpro/devkitA64/lib/gcc/aarch64-none-elf/9.2.0/../../../../aarch64-none-elf/lib/pic/libg.a(lib_a-findfp.o)
                0x000000000001c768                __sinit
 .text._malloc_trim_r
                0x000000000001c7e8      0x118 /opt/devkitpro/devkitA64/lib/gcc/aarch64-none-elf/9.2.0/../../../../aarch64-none-elf/lib/pic/libg.a(lib_a-freer.o)
                0x000000000001c7e8                _malloc_trim_r
 .text._free_r  0x000000000001c900      0x300 /opt/devkitpro/devkitA64/lib/gcc/aarch64-none-elf/9.2.0/../../../../aarch64-none-elf/lib/pic/libg.a(lib_a-freer.o)
                0x000000000001c900                _free_r
 .text._fwalk_reent
                0x000000000001cc00       0xa4 /opt/devkitpro/devkitA64/lib/gcc/aarch64-none-elf/9.2.0/../../../../aarch64-none-elf/lib/pic/libg.a(lib_a-fwalk.o)
                0x000000000001cc00                _fwalk_reent
 *fill*         0x000000000001cca4        0x4 
 .text._findenv_r
                0x000000000001cca8      0x100 /opt/devkitpro/devkitA64/lib/gcc/aarch64-none-elf/9.2.0/../../../../aarch64-none-elf/lib/pic/libg.a(lib_a-getenv_r.o)
                0x000000000001cca8                _findenv_r
 .text.iswspace
                0x000000000001cda8        0x8 /opt/devkitpro/devkitA64/lib/gcc/aarch64-none-elf/9.2.0/../../../../aarch64-none-elf/lib/pic/libg.a(lib_a-iswspace.o)
                0x000000000001cda8                iswspace
 .text.__localeconv_l
                0x000000000001cdb0        0x8 /opt/devkitpro/devkitA64/lib/gcc/aarch64-none-elf/9.2.0/../../../../aarch64-none-elf/lib/pic/libg.a(lib_a-localeconv.o)
                0x000000000001cdb0                __localeconv_l
 .text._localeconv_r
                0x000000000001cdb8       0x28 /opt/devkitpro/devkitA64/lib/gcc/aarch64-none-elf/9.2.0/../../../../aarch64-none-elf/lib/pic/libg.a(lib_a-localeconv.o)
                0x000000000001cdb8                _localeconv_r
 .text.__locale_mb_cur_max
                0x000000000001cde0       0x2c /opt/devkitpro/devkitA64/lib/gcc/aarch64-none-elf/9.2.0/../../../../aarch64-none-elf/lib/pic/libg.a(lib_a-locale.o)
                0x000000000001cde0                __locale_mb_cur_max
 *fill*         0x000000000001ce0c        0x4 
 .text.__swhatbuf_r
                0x000000000001ce10       0xa4 /opt/devkitpro/devkitA64/lib/gcc/aarch64-none-elf/9.2.0/../../../../aarch64-none-elf/lib/pic/libg.a(lib_a-makebuf.o)
                0x000000000001ce10                __swhatbuf_r
 *fill*         0x000000000001ceb4        0x4 
 .text.__smakebuf_r
                0x000000000001ceb8      0x10c /opt/devkitpro/devkitA64/lib/gcc/aarch64-none-elf/9.2.0/../../../../aarch64-none-elf/lib/pic/libg.a(lib_a-makebuf.o)
                0x000000000001ceb8                __smakebuf_r
 *fill*         0x000000000001cfc4        0x4 
 .text._mbrtowc_r
                0x000000000001cfc8       0xe8 /opt/devkitpro/devkitA64/lib/gcc/aarch64-none-elf/9.2.0/../../../../aarch64-none-elf/lib/pic/libg.a(lib_a-mbrtowc.o)
                0x000000000001cfc8                _mbrtowc_r
 .text.__utf8_mbtowc
                0x000000000001d0b0      0x2c8 /opt/devkitpro/devkitA64/lib/gcc/aarch64-none-elf/9.2.0/../../../../aarch64-none-elf/lib/pic/libg.a(lib_a-mbtowc_r.o)
                0x000000000001d0b0                __utf8_mbtowc
 .text._Balloc  0x000000000001d378       0x90 /opt/devkitpro/devkitA64/lib/gcc/aarch64-none-elf/9.2.0/../../../../aarch64-none-elf/lib/pic/libg.a(lib_a-mprec.o)
                0x000000000001d378                _Balloc
 .text._Bfree   0x000000000001d408       0x1c /opt/devkitpro/devkitA64/lib/gcc/aarch64-none-elf/9.2.0/../../../../aarch64-none-elf/lib/pic/libg.a(lib_a-mprec.o)
                0x000000000001d408                _Bfree
 *fill*         0x000000000001d424        0x4 
 .text.__multadd
                0x000000000001d428       0xd8 /opt/devkitpro/devkitA64/lib/gcc/aarch64-none-elf/9.2.0/../../../../aarch64-none-elf/lib/pic/libg.a(lib_a-mprec.o)
                0x000000000001d428                __multadd
 .text.__s2b    0x000000000001d500      0x12c /opt/devkitpro/devkitA64/lib/gcc/aarch64-none-elf/9.2.0/../../../../aarch64-none-elf/lib/pic/libg.a(lib_a-mprec.o)
                0x000000000001d500                __s2b
 *fill*         0x000000000001d62c        0x4 
 .text.__hi0bits
                0x000000000001d630       0x5c /opt/devkitpro/devkitA64/lib/gcc/aarch64-none-elf/9.2.0/../../../../aarch64-none-elf/lib/pic/libg.a(lib_a-mprec.o)
                0x000000000001d630                __hi0bits
 *fill*         0x000000000001d68c        0x4 
 .text.__lo0bits
                0x000000000001d690       0xa0 /opt/devkitpro/devkitA64/lib/gcc/aarch64-none-elf/9.2.0/../../../../aarch64-none-elf/lib/pic/libg.a(lib_a-mprec.o)
                0x000000000001d690                __lo0bits
 .text.__i2b    0x000000000001d730       0x2c /opt/devkitpro/devkitA64/lib/gcc/aarch64-none-elf/9.2.0/../../../../aarch64-none-elf/lib/pic/libg.a(lib_a-mprec.o)
                0x000000000001d730                __i2b
 *fill*         0x000000000001d75c        0x4 
 .text.__multiply
                0x000000000001d760      0x1dc /opt/devkitpro/devkitA64/lib/gcc/aarch64-none-elf/9.2.0/../../../../aarch64-none-elf/lib/pic/libg.a(lib_a-mprec.o)
                0x000000000001d760                __multiply
 *fill*         0x000000000001d93c        0x4 
 .text.__pow5mult
                0x000000000001d940      0x100 /opt/devkitpro/devkitA64/lib/gcc/aarch64-none-elf/9.2.0/../../../../aarch64-none-elf/lib/pic/libg.a(lib_a-mprec.o)
                0x000000000001d940                __pow5mult
 .text.__lshift
                0x000000000001da40      0x154 /opt/devkitpro/devkitA64/lib/gcc/aarch64-none-elf/9.2.0/../../../../aarch64-none-elf/lib/pic/libg.a(lib_a-mprec.o)
                0x000000000001da40                __lshift
 *fill*         0x000000000001db94        0x4 
 .text.__mcmp   0x000000000001db98       0x50 /opt/devkitpro/devkitA64/lib/gcc/aarch64-none-elf/9.2.0/../../../../aarch64-none-elf/lib/pic/libg.a(lib_a-mprec.o)
                0x000000000001db98                __mcmp
 .text.__mdiff  0x000000000001dbe8      0x17c /opt/devkitpro/devkitA64/lib/gcc/aarch64-none-elf/9.2.0/../../../../aarch64-none-elf/lib/pic/libg.a(lib_a-mprec.o)
                0x000000000001dbe8                __mdiff
 *fill*         0x000000000001dd64        0x4 
 .text.__ulp    0x000000000001dd68       0x68 /opt/devkitpro/devkitA64/lib/gcc/aarch64-none-elf/9.2.0/../../../../aarch64-none-elf/lib/pic/libg.a(lib_a-mprec.o)
                0x000000000001dd68                __ulp
 .text.__b2d    0x000000000001ddd0      0x150 /opt/devkitpro/devkitA64/lib/gcc/aarch64-none-elf/9.2.0/../../../../aarch64-none-elf/lib/pic/libg.a(lib_a-mprec.o)
                0x000000000001ddd0                __b2d
 .text.__d2b    0x000000000001df20      0x138 /opt/devkitpro/devkitA64/lib/gcc/aarch64-none-elf/9.2.0/../../../../aarch64-none-elf/lib/pic/libg.a(lib_a-mprec.o)
                0x000000000001df20                __d2b
 .text.__ratio  0x000000000001e058       0xa0 /opt/devkitpro/devkitA64/lib/gcc/aarch64-none-elf/9.2.0/../../../../aarch64-none-elf/lib/pic/libg.a(lib_a-mprec.o)
                0x000000000001e058                __ratio
 .text.__copybits
                0x000000000001e0f8       0x68 /opt/devkitpro/devkitA64/lib/gcc/aarch64-none-elf/9.2.0/../../../../aarch64-none-elf/lib/pic/libg.a(lib_a-mprec.o)
                0x000000000001e0f8                __copybits
 .text.__any_on
                0x000000000001e160       0x6c /opt/devkitpro/devkitA64/lib/gcc/aarch64-none-elf/9.2.0/../../../../aarch64-none-elf/lib/pic/libg.a(lib_a-mprec.o)
                0x000000000001e160                __any_on
 *fill*         0x000000000001e1cc        0x4 
 .text.realloc  0x000000000001e1d0       0x2c /opt/devkitpro/devkitA64/lib/gcc/aarch64-none-elf/9.2.0/../../../../aarch64-none-elf/lib/pic/libg.a(lib_a-realloc.o)
                0x000000000001e1d0                realloc
 *fill*         0x000000000001e1fc        0x4 
 .text._realloc_r
                0x000000000001e200      0x56c /opt/devkitpro/devkitA64/lib/gcc/aarch64-none-elf/9.2.0/../../../../aarch64-none-elf/lib/pic/libg.a(lib_a-reallocr.o)
                0x000000000001e200                _realloc_r
 *fill*         0x000000000001e76c        0x4 
 .text.__sccl   0x000000000001e770       0xd4 /opt/devkitpro/devkitA64/lib/gcc/aarch64-none-elf/9.2.0/../../../../aarch64-none-elf/lib/pic/libg.a(lib_a-sccl.o)
                0x000000000001e770                __sccl
 *fill*         0x000000000001e844        0x4 
 .text.nanf     0x000000000001e848        0xc /opt/devkitpro/devkitA64/lib/gcc/aarch64-none-elf/9.2.0/../../../../aarch64-none-elf/lib/pic/libg.a(lib_a-sf_nan.o)
                0x000000000001e848                nanf
 *fill*         0x000000000001e854        0x4 
 .text.frexp    0x000000000001e858       0x7c /opt/devkitpro/devkitA64/lib/gcc/aarch64-none-elf/9.2.0/../../../../aarch64-none-elf/lib/pic/libg.a(lib_a-s_frexp.o)
                0x000000000001e858                frexp
 *fill*         0x000000000001e8d4        0x4 
 .text.sprintf  0x000000000001e8d8       0xac /opt/devkitpro/devkitA64/lib/gcc/aarch64-none-elf/9.2.0/../../../../aarch64-none-elf/lib/pic/libg.a(lib_a-sprintf.o)
                0x000000000001e8d8                sprintf
 *fill*         0x000000000001e984        0x4 
 .text.stpncpy  0x000000000001e988       0x98 /opt/devkitpro/devkitA64/lib/gcc/aarch64-none-elf/9.2.0/../../../../aarch64-none-elf/lib/pic/libg.a(lib_a-stpncpy.o)
                0x000000000001e988                stpncpy
 .text.sulp     0x000000000001ea20       0x54 /opt/devkitpro/devkitA64/lib/gcc/aarch64-none-elf/9.2.0/../../../../aarch64-none-elf/lib/pic/libg.a(lib_a-strtod.o)
 *fill*         0x000000000001ea74        0x4 
 .text._strtod_l
                0x000000000001ea78     0x112c /opt/devkitpro/devkitA64/lib/gcc/aarch64-none-elf/9.2.0/../../../../aarch64-none-elf/lib/pic/libg.a(lib_a-strtod.o)
                0x000000000001ea78                _strtod_l
 *fill*         0x000000000001fba4        0x4 
 .text._strtod_r
                0x000000000001fba8       0x54 /opt/devkitpro/devkitA64/lib/gcc/aarch64-none-elf/9.2.0/../../../../aarch64-none-elf/lib/pic/libg.a(lib_a-strtod.o)
                0x000000000001fba8                _strtod_r
 *fill*         0x000000000001fbfc        0x4 
 .text._strtoll_l.isra.0
                0x000000000001fc00      0x19c /opt/devkitpro/devkitA64/lib/gcc/aarch64-none-elf/9.2.0/../../../../aarch64-none-elf/lib/pic/libg.a(lib_a-strtoll.o)
 *fill*         0x000000000001fd9c        0x4 
 .text._strtoll_r
                0x000000000001fda0       0x44 /opt/devkitpro/devkitA64/lib/gcc/aarch64-none-elf/9.2.0/../../../../aarch64-none-elf/lib/pic/libg.a(lib_a-strtoll.o)
                0x000000000001fda0                _strtoll_r
 *fill*         0x000000000001fde4        0x4 
 .text._strtol_l.isra.0
                0x000000000001fde8      0x19c /opt/devkitpro/devkitA64/lib/gcc/aarch64-none-elf/9.2.0/../../../../aarch64-none-elf/lib/pic/libg.a(lib_a-strtol.o)
 *fill*         0x000000000001ff84        0x4 
 .text._strtol_r
                0x000000000001ff88       0x44 /opt/devkitpro/devkitA64/lib/gcc/aarch64-none-elf/9.2.0/../../../../aarch64-none-elf/lib/pic/libg.a(lib_a-strtol.o)
                0x000000000001ff88                _strtol_r
 *fill*         0x000000000001ffcc        0x4 
 .text._strtoull_l.isra.0
                0x000000000001ffd0      0x1ac /opt/devkitpro/devkitA64/lib/gcc/aarch64-none-elf/9.2.0/../../../../aarch64-none-elf/lib/pic/libg.a(lib_a-strtoull.o)
 *fill*         0x000000000002017c        0x4 
 .text._strtoull_r
                0x0000000000020180       0x44 /opt/devkitpro/devkitA64/lib/gcc/aarch64-none-elf/9.2.0/../../../../aarch64-none-elf/lib/pic/libg.a(lib_a-strtoull.o)
                0x0000000000020180                _strtoull_r
 .text.__ssprint_r