Archive member included to satisfy reference by file (symbol)

/opt/devkitpro/libnx/lib/libnx.a(applet.o)
                              main.o (appletMainLoop)
/opt/devkitpro/libnx/lib/libnx.a(hid.o)
                              main.o (hidKeysDown)
/opt/devkitpro/libnx/lib/libnx.a(apm.o)
                              /opt/devkitpro/libnx/lib/libnx.a(applet.o) (apmInitialize)
/opt/devkitpro/libnx/lib/libnx.a(fatal.o)
                              /opt/devkitpro/libnx/lib/libnx.a(applet.o) (fatalThrow)
/opt/devkitpro/libnx/lib/libnx.a(sm.o)
                              /opt/devkitpro/libnx/lib/libnx.a(fatal.o) (smExit)
/opt/devkitpro/libnx/lib/libnx.a(hosversion.o)
                              /opt/devkitpro/libnx/lib/libnx.a(applet.o) (hosversionGet)
/opt/devkitpro/libnx/lib/libnx.a(env.o)
                              /opt/devkitpro/libnx/lib/libnx.a(applet.o) (envIsNso)
/opt/devkitpro/libnx/lib/libnx.a(console.o)
                              main.o (consoleInit)
/opt/devkitpro/libnx/lib/libnx.a(console_sw.o)
                              /opt/devkitpro/libnx/lib/libnx.a(console.o) (getDefaultConsoleRenderer)
/opt/devkitpro/libnx/lib/libnx.a(svc.o)
                              /opt/devkitpro/libnx/lib/libnx.a(applet.o) (svcExitProcess)
/opt/devkitpro/libnx/lib/libnx.a(switch_crt0.o)
                              (_start)
/opt/devkitpro/libnx/lib/libnx.a(default_font.bin.o)
                              /opt/devkitpro/libnx/lib/libnx.a(console.o) (default_font_bin)
/opt/devkitpro/libnx/lib/libnx.a(detect.o)
                              /opt/devkitpro/libnx/lib/libnx.a(fatal.o) (detectKernelVersion)
/opt/devkitpro/libnx/lib/libnx.a(shmem.o)
                              /opt/devkitpro/libnx/lib/libnx.a(hid.o) (shmemLoadRemote)
/opt/devkitpro/libnx/lib/libnx.a(wait.o)
                              /opt/devkitpro/libnx/lib/libnx.a(applet.o) (waitObjects)
/opt/devkitpro/libnx/lib/libnx.a(rwlock.o)
                              /opt/devkitpro/libnx/lib/libnx.a(hid.o) (rwlockReadLock)
/opt/devkitpro/libnx/lib/libnx.a(tmem.o)
                              /opt/devkitpro/libnx/lib/libnx.a(applet.o) (tmemCreate)
/opt/devkitpro/libnx/lib/libnx.a(mutex.o)
                              /opt/devkitpro/libnx/lib/libnx.a(applet.o) (mutexLock)
/opt/devkitpro/libnx/lib/libnx.a(virtmem.o)
                              /opt/devkitpro/libnx/lib/libnx.a(shmem.o) (virtmemReserve)
/opt/devkitpro/libnx/lib/libnx.a(event.o)
                              /opt/devkitpro/libnx/lib/libnx.a(applet.o) (eventLoadRemote)
/opt/devkitpro/libnx/lib/libnx.a(condvar.o)
                              /opt/devkitpro/libnx/lib/libnx.a(rwlock.o) (condvarWaitTimeout)
/opt/devkitpro/libnx/lib/libnx.a(framebuffer.o)
                              /opt/devkitpro/libnx/lib/libnx.a(console_sw.o) (framebufferMakeLinear)
/opt/devkitpro/libnx/lib/libnx.a(default_window.o)
                              /opt/devkitpro/libnx/lib/libnx.a(console_sw.o) (nwindowGetDefault)
/opt/devkitpro/libnx/lib/libnx.a(native_window.o)
                              /opt/devkitpro/libnx/lib/libnx.a(framebuffer.o) (nwindowIsValid)
/opt/devkitpro/libnx/lib/libnx.a(dynamic.o)
                              /opt/devkitpro/libnx/lib/libnx.a(switch_crt0.o) (__nx_dynamic)
/opt/devkitpro/libnx/lib/libnx.a(init.o)
                              /opt/devkitpro/libnx/lib/libnx.a(switch_crt0.o) (__libnx_init)
/opt/devkitpro/libnx/lib/libnx.a(newlib.o)
                              /opt/devkitpro/libnx/lib/libnx.a(init.o) (__libnx_init_time)
/opt/devkitpro/libnx/lib/libnx.a(argv.o)
                              /opt/devkitpro/libnx/lib/libnx.a(init.o) (argvSetup)
/opt/devkitpro/libnx/lib/libnx.a(fs_dev.o)
                              /opt/devkitpro/libnx/lib/libnx.a(init.o) (fsdevMountSdmc)
/opt/devkitpro/libnx/lib/libnx.a(decode_utf8.o)
                              /opt/devkitpro/libnx/lib/libnx.a(fs_dev.o) (decode_utf8)
/opt/devkitpro/libnx/lib/libnx.a(cache.o)
                              /opt/devkitpro/libnx/lib/libnx.a(framebuffer.o) (armDCacheFlush)
/opt/devkitpro/libnx/lib/libnx.a(exception.o)
                              /opt/devkitpro/libnx/lib/libnx.a(switch_crt0.o) (__libnx_exception_entry)
/opt/devkitpro/libnx/lib/libnx.a(readtp.o)
                              /opt/devkitpro/libnx/lib/libnx.a(fs_dev.o) (__aarch64_read_tp)
/opt/devkitpro/libnx/lib/libnx.a(thread.o)
                              /opt/devkitpro/libnx/lib/libnx.a(newlib.o) (threadCreate)
/opt/devkitpro/libnx/lib/libnx.a(nv.o)
                              /opt/devkitpro/libnx/lib/libnx.a(framebuffer.o) (nvInitialize)
/opt/devkitpro/libnx/lib/libnx.a(time.o)
                              /opt/devkitpro/libnx/lib/libnx.a(init.o) (timeInitialize)
/opt/devkitpro/libnx/lib/libnx.a(vi.o)
                              /opt/devkitpro/libnx/lib/libnx.a(default_window.o) (viInitialize)
/opt/devkitpro/libnx/lib/libnx.a(set.o)
                              /opt/devkitpro/libnx/lib/libnx.a(init.o) (setsysInitialize)
[...]
Memory Configuration

Name             Origin             Length             Attributes
*default*        0x0000000000000000 0xffffffffffffffff

Linker script and memory map

                0x0000000000000000                PROVIDE (__start__ = 0x0)
                0x0000000000000000                . = __start__
                0x0000000000000000                __code_start = .

.crt0           0x0000000000000000      0x158
 *(.crt0)
 .crt0          0x0000000000000000      0x158 /opt/devkitpro/libnx/lib/libnx.a(switch_crt0.o)
                0x0000000000000000                _start
                0x0000000000000120                __nx_exit
                0x0000000000000130                __nx_mod0
                0x0000000000000158                . = ALIGN (0x8)

.init           0x0000000000000158       0x38
 *(.init)
 .init          0x0000000000000158       0x18 /opt/devkitpro/devkitA64/lib/gcc/aarch64-none-elf/9.2.0/pic/crti.o
                0x0000000000000158                _init
 .init          0x0000000000000170       0x1c /opt/devkitpro/devkitA64/lib/gcc/aarch64-none-elf/9.2.0/pic/crtn.o
                0x0000000000000190                . = ALIGN (0x8)
 *fill*         0x000000000000018c        0x4 

.plt            0x0000000000000190        0x0
 *(.plt)
 .plt           0x0000000000000190        0x0 /opt/devkitpro/devkitA64/lib/gcc/aarch64-none-elf/9.2.0/pic/crti.o
 *(.iplt)
                0x0000000000000190                . = ALIGN (0x8)

.text           0x00000000000001c0    0x22d00
 *(.text.unlikely .text.*_unlikely .text.unlikely.*)
 *(.text.exit .text.exit.*)
 .text.exit     0x00000000000001c0       0x38 /opt/devkitpro/devkitA64/lib/gcc/aarch64-none-elf/9.2.0/../../../../aarch64-none-elf/lib/pic/libg.a(lib_a-exit.o)
                0x00000000000001c0                exit
 *(.text.startup .text.startup.*)
 *fill*         0x00000000000001f8        0x8 
 .text.startup.main
                0x0000000000000200       0x5c main.o
                0x0000000000000200                main
 *(.text.hot .text.hot.*)
 *(.text .stub .text.* .gnu.linkonce.t.*)
 *fill*         0x000000000000025c        0x4 
 .text.deregister_tm_clones
                0x0000000000000260       0x30 /opt/devkitpro/devkitA64/lib/gcc/aarch64-none-elf/9.2.0/pic/crtbegin.o
 .text.register_tm_clones
                0x0000000000000290       0x40 /opt/devkitpro/devkitA64/lib/gcc/aarch64-none-elf/9.2.0/pic/crtbegin.o
 .text.__do_global_dtors_aux
                0x00000000000002d0       0x48 /opt/devkitpro/devkitA64/lib/gcc/aarch64-none-elf/9.2.0/pic/crtbegin.o
 .text.frame_dummy
                0x0000000000000318       0x34 /opt/devkitpro/devkitA64/lib/gcc/aarch64-none-elf/9.2.0/pic/crtbegin.o
 *fill*         0x000000000000034c        0x4 
 .text._appletInfiniteSleepLoop
                0x0000000000000350       0x24 /opt/devkitpro/libnx/lib/libnx.a(applet.o)
 *fill*         0x0000000000000374        0xc 
 .text._appletCmdNoIO
                0x0000000000000380       0xc8 /opt/devkitpro/libnx/lib/libnx.a(applet.o)
 *fill*         0x0000000000000448        0x8 
 .text._appletCmdNoInOutU64
                0x0000000000000450       0xe0 /opt/devkitpro/libnx/lib/libnx.a(applet.o)
 .text._appletCmdGetSession
                0x0000000000000530       0xf4 /opt/devkitpro/libnx/lib/libnx.a(applet.o)
 *fill*         0x0000000000000624        0xc 
 .text._appletCmdNoInOutU32
                0x0000000000000630       0xdc /opt/devkitpro/libnx/lib/libnx.a(applet.o)
 *fill*         0x000000000000070c        0x4 
 .text._appletCmdNoInOutU8
                0x0000000000000710       0xe4 /opt/devkitpro/libnx/lib/libnx.a(applet.o)
 *fill*         0x00000000000007f4        0xc 
 .text._appletCmdNoInOutBool
                0x0000000000000800       0x40 /opt/devkitpro/libnx/lib/libnx.a(applet.o)
 .text._appletGetLaunchReason
                0x0000000000000840      0x100 /opt/devkitpro/libnx/lib/libnx.a(applet.o)
 .text._appletSetFocusHandlingMode
                0x0000000000000940       0xec /opt/devkitpro/libnx/lib/libnx.a(applet.o)
 *fill*         0x0000000000000a2c        0x4 
 .text._appletGetLibraryAppletInfo
                0x0000000000000a30       0xdc /opt/devkitpro/libnx/lib/libnx.a(applet.o)
 *fill*         0x0000000000000b0c        0x4 
 .text._appletCmdInU8NoOut.isra.0
                0x0000000000000b10       0xc4 /opt/devkitpro/libnx/lib/libnx.a(applet.o)
 *fill*         0x0000000000000bd4        0xc 
 .text._appletCmdInU32NoOut.isra.0
                0x0000000000000be0       0xc4 /opt/devkitpro/libnx/lib/libnx.a(applet.o)
 *fill*         0x0000000000000ca4        0xc 
 .text._appletGetSessionProxy.constprop.0
                0x0000000000000cb0      0x118 /opt/devkitpro/libnx/lib/libnx.a(applet.o)
 *fill*         0x0000000000000dc8        0x8 
 .text._appletOpenLibraryAppletProxy.constprop.0
                0x0000000000000dd0      0x134 /opt/devkitpro/libnx/lib/libnx.a(applet.o)
 *fill*         0x0000000000000f04        0xc 
 .text._appletCmdGetHandle.constprop.0
                0x0000000000000f10       0xd8 /opt/devkitpro/libnx/lib/libnx.a(applet.o)
 *fill*         0x0000000000000fe8        0x8 
 .text._appletCmdGetEvent
                0x0000000000000ff0       0x68 /opt/devkitpro/libnx/lib/libnx.a(applet.o)
 *fill*         0x0000000000001058        0x8 
 .text.appletGetAppletType
                0x0000000000001060       0x10 /opt/devkitpro/libnx/lib/libnx.a(applet.o)
                0x0000000000001060                appletGetAppletType
 .text.appletSetFocusHandlingMode
                0x0000000000001070      0x110 /opt/devkitpro/libnx/lib/libnx.a(applet.o)
                0x0000000000001070                appletSetFocusHandlingMode
 .text.appletSetCpuBoostMode
                0x0000000000001180       0x60 /opt/devkitpro/libnx/lib/libnx.a(applet.o)
                0x0000000000001180                appletSetCpuBoostMode
 .text.appletCreateManagedDisplayLayer
                0x00000000000011e0       0x28 /opt/devkitpro/libnx/lib/libnx.a(applet.o)
                0x00000000000011e0                appletCreateManagedDisplayLayer
 *fill*         0x0000000000001208        0x8 
 .text.appletGetAppletResourceUserId
                0x0000000000001210       0x28 /opt/devkitpro/libnx/lib/libnx.a(applet.o)
                0x0000000000001210                appletGetAppletResourceUserId
 *fill*         0x0000000000001238        0x8 
 .text._appletGetIndirectLayerConsumerHandle.isra.0
                0x0000000000001240      0x10c /opt/devkitpro/libnx/lib/libnx.a(applet.o)
 *fill*         0x000000000000134c        0x4 
 .text._appletHolderCreateState
                0x0000000000001350       0x78 /opt/devkitpro/libnx/lib/libnx.a(applet.o)
 *fill*         0x00000000000013c8        0x8 
 .text.appletHolderClose
                0x00000000000013d0       0xb4 /opt/devkitpro/libnx/lib/libnx.a(applet.o)
                0x00000000000013d0                appletHolderClose
 *fill*         0x0000000000001484        0xc 
 .text.appletHolderGetLibraryAppletInfo
                0x0000000000001490       0x18 /opt/devkitpro/libnx/lib/libnx.a(applet.o)
                0x0000000000001490                appletHolderGetLibraryAppletInfo
 *fill*         0x00000000000014a8        0x8 
 .text.appletNotifyRunning
                0x00000000000014b0       0x58 /opt/devkitpro/libnx/lib/libnx.a(applet.o)
                0x00000000000014b0                appletNotifyRunning
 *fill*         0x0000000000001508        0x8 
 .text.appletSetGamePlayRecordingState
                0x0000000000001510       0x88 /opt/devkitpro/libnx/lib/libnx.a(applet.o)
                0x0000000000001510                appletSetGamePlayRecordingState
 *fill*         0x0000000000001598        0x8 
 .text._appletCleanup
                0x00000000000015a0      0xad0 /opt/devkitpro/libnx/lib/libnx.a(applet.o)
 .text.appletExit
                0x0000000000002070       0x44 /opt/devkitpro/libnx/lib/libnx.a(applet.o)
                0x0000000000002070                appletExit
 *fill*         0x00000000000020b4        0xc 
 .text._appletExitProcess
                0x00000000000020c0       0x20 /opt/devkitpro/libnx/lib/libnx.a(applet.o)
 .text.appletGetLibraryAppletInfo
                0x00000000000020e0       0x3c /opt/devkitpro/libnx/lib/libnx.a(applet.o)
                0x00000000000020e0                appletGetLibraryAppletInfo
 *fill*         0x000000000000211c        0x4 
 .text.appletInitialize
                0x0000000000002120      0xa14 /opt/devkitpro/libnx/lib/libnx.a(applet.o)
                0x0000000000002120                appletInitialize
 *fill*         0x0000000000002b34        0xc 
 .text.appletGetMessage
                0x0000000000002b40       0x70 /opt/devkitpro/libnx/lib/libnx.a(applet.o)
                0x0000000000002b40                appletGetMessage
 .text.appletProcessMessage
                0x0000000000002bb0      0x230 /opt/devkitpro/libnx/lib/libnx.a(applet.o)
                0x0000000000002bb0                appletProcessMessage
 .text.appletMainLoop
                0x0000000000002de0       0x34 /opt/devkitpro/libnx/lib/libnx.a(applet.o)
                0x0000000000002de0                appletMainLoop
 *fill*         0x0000000000002e14        0xc 
 .text._hidCmdWithNoInput
                0x0000000000002e20       0xec /opt/devkitpro/libnx/lib/libnx.a(hid.o)
 *fill*         0x0000000000002f0c        0x4 
 .text._hidCmdWithInputU32
                0x0000000000002f10      0x104 /opt/devkitpro/libnx/lib/libnx.a(hid.o)
 *fill*         0x0000000000003014        0xc 
 .text._hidCreateAppletResource.constprop.0
                0x0000000000003020       0xf8 /opt/devkitpro/libnx/lib/libnx.a(hid.o)
 *fill*         0x0000000000003118        0x8 
 .text._hidCmdGetHandle.isra.0.constprop.0
                0x0000000000003120       0xc4 /opt/devkitpro/libnx/lib/libnx.a(hid.o)
 *fill*         0x00000000000031e4        0xc 
 .text._hidCmdWithInputU64.constprop.0
                0x00000000000031f0       0xf4 /opt/devkitpro/libnx/lib/libnx.a(hid.o)
 *fill*         0x00000000000032e4        0xc 
 .text.hidReset
                0x00000000000032f0      0x1f8 /opt/devkitpro/libnx/lib/libnx.a(hid.o)
                0x00000000000032f0                hidReset
 *fill*         0x00000000000034e8        0x8 
 .text.hidGetSharedmemAddr
                0x00000000000034f0        0xc /opt/devkitpro/libnx/lib/libnx.a(hid.o)
                0x00000000000034f0                hidGetSharedmemAddr
 *fill*         0x00000000000034fc        0x4 
 .text.hidKeysDown
                0x0000000000003500       0x6c /opt/devkitpro/libnx/lib/libnx.a(hid.o)
                0x0000000000003500                hidKeysDown
 *fill*         0x000000000000356c        0x4 
 .text.hidTouchCount
                0x0000000000003570        0xc /opt/devkitpro/libnx/lib/libnx.a(hid.o)
                0x0000000000003570                hidTouchCount
 *fill*         0x000000000000357c        0x4 
 .text.hidScanInput
                0x0000000000003580      0x5c0 /opt/devkitpro/libnx/lib/libnx.a(hid.o)
                0x0000000000003580                hidScanInput
 .text.hidSetSupportedNpadStyleSet
                0x0000000000003b40        0x8 /opt/devkitpro/libnx/lib/libnx.a(hid.o)
                0x0000000000003b40                hidSetSupportedNpadStyleSet
 *fill*         0x0000000000003b48        0x8 
 .text.hidSetSupportedNpadIdType
                0x0000000000003b50      0x190 /opt/devkitpro/libnx/lib/libnx.a(hid.o)
                0x0000000000003b50                hidSetSupportedNpadIdType
 .text.hidSetNpadJoyHoldType
                0x0000000000003ce0        0x8 /opt/devkitpro/libnx/lib/libnx.a(hid.o)
                0x0000000000003ce0                hidSetNpadJoyHoldType
 *fill*         0x0000000000003ce8        0x8 
 .text.hidSetNpadJoyAssignmentModeDual
                0x0000000000003cf0       0x20 /opt/devkitpro/libnx/lib/libnx.a(hid.o)
                0x0000000000003cf0                hidSetNpadJoyAssignmentModeDual
 .text.hidFinalizeSevenSixAxisSensor
                0x0000000000003d10       0x80 /opt/devkitpro/libnx/lib/libnx.a(hid.o)
                0x0000000000003d10                hidFinalizeSevenSixAxisSensor
 .text._hidCleanup
                0x0000000000003d90      0x100 /opt/devkitpro/libnx/lib/libnx.a(hid.o)
 .text.hidInitialize
                0x0000000000003e90      0x1d8 /opt/devkitpro/libnx/lib/libnx.a(hid.o)
                0x0000000000003e90                hidInitialize
 *fill*         0x0000000000004068        0x8 
 .text.hidExit  0x0000000000004070       0x44 /opt/devkitpro/libnx/lib/libnx.a(hid.o)
                0x0000000000004070                hidExit
 *fill*         0x00000000000040b4        0xc 
 .text._apmCleanup
                0x00000000000040c0       0xc0 /opt/devkitpro/libnx/lib/libnx.a(apm.o)
 .text._apmCmdGetSession.constprop.0
                0x0000000000004180       0xdc /opt/devkitpro/libnx/lib/libnx.a(apm.o)
 *fill*         0x000000000000425c        0x4 
 .text.apmInitialize
                0x0000000000004260       0xa0 /opt/devkitpro/libnx/lib/libnx.a(apm.o)
                0x0000000000004260                apmInitialize
 .text.apmExit  0x0000000000004300       0x44 /opt/devkitpro/libnx/lib/libnx.a(apm.o)
                0x0000000000004300                apmExit
 *fill*         0x0000000000004344        0xc 
 .text.apmSetPerformanceConfiguration
                0x0000000000004350       0xc4 /opt/devkitpro/libnx/lib/libnx.a(apm.o)
                0x0000000000004350                apmSetPerformanceConfiguration
 *fill*         0x0000000000004414        0xc 
 .text._fatalCmd
                0x0000000000004420      0x1a0 /opt/devkitpro/libnx/lib/libnx.a(fatal.o)
 .text.fatalThrowWithPolicy
                0x00000000000045c0        0xc /opt/devkitpro/libnx/lib/libnx.a(fatal.o)
                0x00000000000045c0                fatalThrowWithPolicy
 *fill*         0x00000000000045cc        0x4 
 .text.fatalThrow
                0x00000000000045d0       0x14 /opt/devkitpro/libnx/lib/libnx.a(fatal.o)
                0x00000000000045d0                fatalSimple
                0x00000000000045d0                fatalThrow
 *fill*         0x00000000000045e4        0xc 
 .text._smCleanup
                0x00000000000045f0       0x68 /opt/devkitpro/libnx/lib/libnx.a(sm.o)
 *fill*         0x0000000000004658        0x8 
 .text.smAddOverrideHandle
                0x0000000000004660       0x48 /opt/devkitpro/libnx/lib/libnx.a(sm.o)
                0x0000000000004660                smAddOverrideHandle
 *fill*         0x00000000000046a8        0x8 
 .text.smGetServiceOverride
                0x00000000000046b0       0x54 /opt/devkitpro/libnx/lib/libnx.a(sm.o)
                0x00000000000046b0                smGetServiceOverride
 *fill*         0x0000000000004704        0xc 
 .text.smExit   0x0000000000004710       0x44 /opt/devkitpro/libnx/lib/libnx.a(sm.o)
                0x0000000000004710                smExit
 *fill*         0x0000000000004754        0xc 
 .text.smGetServiceOriginal
                0x0000000000004760       0xcc /opt/devkitpro/libnx/lib/libnx.a(sm.o)
                0x0000000000004760                smGetServiceOriginal
 *fill*         0x000000000000482c        0x4 
 .text.smInitialize
                0x0000000000004830      0x27c /opt/devkitpro/libnx/lib/libnx.a(sm.o)
                0x0000000000004830                smInitialize
 *fill*         0x0000000000004aac        0x4 
 .text.smGetServiceWrapper
                0x0000000000004ab0      0x110 /opt/devkitpro/libnx/lib/libnx.a(sm.o)
                0x0000000000004ab0                smGetServiceWrapper
 .text.hosversionGet
                0x0000000000004bc0       0x10 /opt/devkitpro/libnx/lib/libnx.a(hosversion.o)
                0x0000000000004bc0                hosversionGet
 .text.hosversionSet
                0x0000000000004bd0       0x10 /opt/devkitpro/libnx/lib/libnx.a(hosversion.o)
                0x0000000000004bd0                hosversionSet
 .text.envSetup
                0x0000000000004be0      0x234 /opt/devkitpro/libnx/lib/libnx.a(env.o)
                0x0000000000004be0                envSetup
 *fill*         0x0000000000004e14        0xc 
 .text.envGetMainThreadHandle
                0x0000000000004e20       0x20 /opt/devkitpro/libnx/lib/libnx.a(env.o)
                0x0000000000004e20                envGetMainThreadHandle
 .text.envIsNso
                0x0000000000004e40        0xc /opt/devkitpro/libnx/lib/libnx.a(env.o)
                0x0000000000004e40                envIsNso
 *fill*         0x0000000000004e4c        0x4 
 .text.envHasHeapOverride
                0x0000000000004e50       0x14 /opt/devkitpro/libnx/lib/libnx.a(env.o)
                0x0000000000004e50                envHasHeapOverride
 *fill*         0x0000000000004e64        0xc 
 .text.envGetHeapOverrideAddr
                0x0000000000004e70        0xc /opt/devkitpro/libnx/lib/libnx.a(env.o)
                0x0000000000004e70                envGetHeapOverrideAddr
 *fill*         0x0000000000004e7c        0x4 
 .text.envGetHeapOverrideSize
                0x0000000000004e80        0xc /opt/devkitpro/libnx/lib/libnx.a(env.o)
                0x0000000000004e80                envGetHeapOverrideSize
 *fill*         0x0000000000004e8c        0x4 
 .text.envHasArgv
                0x0000000000004e90       0x14 /opt/devkitpro/libnx/lib/libnx.a(env.o)
                0x0000000000004e90                envHasArgv
 *fill*         0x0000000000004ea4        0xc 
 .text.envGetArgv
                0x0000000000004eb0        0xc /opt/devkitpro/libnx/lib/libnx.a(env.o)
                0x0000000000004eb0                envGetArgv
 *fill*         0x0000000000004ebc        0x4 
 .text.envGetExitFuncPtr
                0x0000000000004ec0        0xc /opt/devkitpro/libnx/lib/libnx.a(env.o)
                0x0000000000004ec0                envGetExitFuncPtr
 *fill*         0x0000000000004ecc        0x4 
 .text.envSetExitFuncPtr
                0x0000000000004ed0        0xc /opt/devkitpro/libnx/lib/libnx.a(env.o)
                0x0000000000004ed0                envSetExitFuncPtr
 *fill*         0x0000000000004edc        0x4 
 .text.consoleDrawChar
                0x0000000000004ee0       0x48 /opt/devkitpro/libnx/lib/libnx.a(console.o)
 *fill*         0x0000000000004f28        0x8 
 .text.consoleClearLine
                0x0000000000004f30      0x140 /opt/devkitpro/libnx/lib/libnx.a(console.o)
 .text.consoleNewRow
                0x0000000000005070       0x48 /opt/devkitpro/libnx/lib/libnx.a(console.o)
 *fill*         0x00000000000050b8        0x8 
 .text.consolePrintChar
                0x00000000000050c0      0x120 /opt/devkitpro/libnx/lib/libnx.a(console.o)
 .text.consoleCls
                0x00000000000051e0      0x150 /opt/devkitpro/libnx/lib/libnx.a(console.o)
 .text.con_write
                0x0000000000005330      0x814 /opt/devkitpro/libnx/lib/libnx.a(console.o)
 *fill*         0x0000000000005b44        0xc 
 .text.consoleInit
                0x0000000000005b50      0x11c /opt/devkitpro/libnx/lib/libnx.a(console.o)
                0x0000000000005b50                consoleInit
 *fill*         0x0000000000005c6c        0x4 
 .text.consoleExit
                0x0000000000005c70       0x48 /opt/devkitpro/libnx/lib/libnx.a(console.o)
                0x0000000000005c70                consoleExit
 *fill*         0x0000000000005cb8        0x8 
 .text.consoleUpdate
                0x0000000000005cc0       0x2c /opt/devkitpro/libnx/lib/libnx.a(console.o)
                0x0000000000005cc0                consoleUpdate
 *fill*         0x0000000000005cec        0x4 
 .text.ConsoleSwRenderer_flushAndSwap
                0x0000000000005cf0       0x70 /opt/devkitpro/libnx/lib/libnx.a(console_sw.o)
 .text.ConsoleSwRenderer_scrollWindow
                0x0000000000005d60       0xc8 /opt/devkitpro/libnx/lib/libnx.a(console_sw.o)
 *fill*         0x0000000000005e28        0x8 
 .text.ConsoleSwRenderer_drawChar
                0x0000000000005e30      0x194 /opt/devkitpro/libnx/lib/libnx.a(console_sw.o)
 *fill*         0x0000000000005fc4        0xc 
 .text.ConsoleSwRenderer_deinit
                0x0000000000005fd0       0x3c /opt/devkitpro/libnx/lib/libnx.a(console_sw.o)
 *fill*         0x000000000000600c        0x4 
 .text.ConsoleSwRenderer_init
                0x0000000000006010       0xf4 /opt/devkitpro/libnx/lib/libnx.a(console_sw.o)
 *fill*         0x0000000000006104        0xc 
 .text.getDefaultConsoleRenderer
                0x0000000000006110        0xc /opt/devkitpro/libnx/lib/libnx.a(console_sw.o)
                0x0000000000006110                getDefaultConsoleRenderer
 .text.svcSetHeapSize
                0x000000000000611c       0x14 /opt/devkitpro/libnx/lib/libnx.a(svc.o)
                0x000000000000611c                svcSetHeapSize
 .text.svcSetMemoryAttribute
                0x0000000000006130        0x8 /opt/devkitpro/libnx/lib/libnx.a(svc.o)
                0x0000000000006130                svcSetMemoryAttribute
 .text.svcUnmapMemory
                0x0000000000006138        0x8 /opt/devkitpro/libnx/lib/libnx.a(svc.o)
                0x0000000000006138                svcUnmapMemory
 .text.svcQueryMemory
                0x0000000000006140       0x14 /opt/devkitpro/libnx/lib/libnx.a(svc.o)
                0x0000000000006140                svcQueryMemory
 .text.svcExitProcess
                0x0000000000006154        0x8 /opt/devkitpro/libnx/lib/libnx.a(svc.o)
                0x0000000000006154                svcExitProcess
 .text.svcSleepThread
                0x000000000000615c        0x8 /opt/devkitpro/libnx/lib/libnx.a(svc.o)
                0x000000000000615c                svcSleepThread
 .text.svcMapSharedMemory
                0x0000000000006164        0x8 /opt/devkitpro/libnx/lib/libnx.a(svc.o)
                0x0000000000006164                svcMapSharedMemory
 .text.svcUnmapSharedMemory
                0x000000000000616c        0x8 /opt/devkitpro/libnx/lib/libnx.a(svc.o)
                0x000000000000616c                svcUnmapSharedMemory
 .text.svcCreateTransferMemory
                0x0000000000006174       0x14 /opt/devkitpro/libnx/lib/libnx.a(svc.o)
                0x0000000000006174                svcCreateTransferMemory
 .text.svcCloseHandle
                0x0000000000006188        0x8 /opt/devkitpro/libnx/lib/libnx.a(svc.o)
                0x0000000000006188                svcCloseHandle
 .text.svcResetSignal
                0x0000000000006190        0x8 /opt/devkitpro/libnx/lib/libnx.a(svc.o)
                0x0000000000006190                svcResetSignal
 .text.svcWaitSynchronization
                0x0000000000006198       0x14 /opt/devkitpro/libnx/lib/libnx.a(svc.o)
                0x0000000000006198                svcWaitSynchronization
 .text.svcArbitrateLock
                0x00000000000061ac        0x8 /opt/devkitpro/libnx/lib/libnx.a(svc.o)
                0x00000000000061ac                svcArbitrateLock
 .text.svcArbitrateUnlock
                0x00000000000061b4        0x8 /opt/devkitpro/libnx/lib/libnx.a(svc.o)
                0x00000000000061b4                svcArbitrateUnlock
 .text.svcWaitProcessWideKeyAtomic
                0x00000000000061bc        0x8 /opt/devkitpro/libnx/lib/libnx.a(svc.o)
                0x00000000000061bc                svcWaitProcessWideKeyAtomic
 .text.svcSignalProcessWideKey
                0x00000000000061c4        0x8 /opt/devkitpro/libnx/lib/libnx.a(svc.o)
                0x00000000000061c4                svcSignalProcessWideKey
 .text.svcConnectToNamedPort
                0x00000000000061cc       0x14 /opt/devkitpro/libnx/lib/libnx.a(svc.o)
                0x00000000000061cc                svcConnectToNamedPort
 .text.svcSendSyncRequest
                0x00000000000061e0        0x8 /opt/devkitpro/libnx/lib/libnx.a(svc.o)
                0x00000000000061e0                svcSendSyncRequest
 .text.svcBreak
                0x00000000000061e8        0x8 /opt/devkitpro/libnx/lib/libnx.a(svc.o)
                0x00000000000061e8                svcBreak
 .text.svcReturnFromException
                0x00000000000061f0        0x8 /opt/devkitpro/libnx/lib/libnx.a(svc.o)
                0x00000000000061f0                svcReturnFromException
 .text.svcGetInfo
                0x00000000000061f8       0x14 /opt/devkitpro/libnx/lib/libnx.a(svc.o)
                0x00000000000061f8                svcGetInfo
 .text.svcUnmapTransferMemory
                0x000000000000620c        0x8 /opt/devkitpro/libnx/lib/libnx.a(svc.o)
                0x000000000000620c                svcUnmapTransferMemory
 *fill*         0x0000000000006214        0xc 
 .text.detectKernelVersion
                0x0000000000006220      0x17c /opt/devkitpro/libnx/lib/libnx.a(detect.o)
                0x0000000000006220                detectKernelVersion
 *fill*         0x000000000000639c        0x4 
 .text.detectDebugger
                0x00000000000063a0       0x30 /opt/devkitpro/libnx/lib/libnx.a(detect.o)
                0x00000000000063a0                detectDebugger
 .text.shmemLoadRemote
                0x00000000000063d0       0x14 /opt/devkitpro/libnx/lib/libnx.a(shmem.o)
                0x00000000000063d0                shmemLoadRemote
 *fill*         0x00000000000063e4        0xc 
 .text.shmemMap
                0x00000000000063f0       0x84 /opt/devkitpro/libnx/lib/libnx.a(shmem.o)
                0x00000000000063f0                shmemMap
 *fill*         0x0000000000006474        0xc 
 .text.shmemUnmap
                0x0000000000006480       0x58 /opt/devkitpro/libnx/lib/libnx.a(shmem.o)
                0x0000000000006480                shmemUnmap
 *fill*         0x00000000000064d8        0x8 
 .text.shmemClose
                0x00000000000064e0       0x44 /opt/devkitpro/libnx/lib/libnx.a(shmem.o)
                0x00000000000064e0                shmemClose
 *fill*         0x0000000000006524        0xc 
 .text._waitLoop
                0x0000000000006530      0x104 /opt/devkitpro/libnx/lib/libnx.a(wait.o)
 *fill*         0x0000000000006634        0xc 
 .text._waitObjectsImpl
                0x0000000000006640      0x328 /opt/devkitpro/libnx/lib/libnx.a(wait.o)
 *fill*         0x0000000000006968        0x8 
 .text.waitObjects
                0x0000000000006970        0xc /opt/devkitpro/libnx/lib/libnx.a(wait.o)
                0x0000000000006970                waitObjects
 *fill*         0x000000000000697c        0x4 
 .text.rwlockReadLock
                0x0000000000006980       0x98 /opt/devkitpro/libnx/lib/libnx.a(rwlock.o)
                0x0000000000006980                rwlockReadLock
 *fill*         0x0000000000006a18        0x8 
 .text.rwlockReadUnlock
                0x0000000000006a20       0xb4 /opt/devkitpro/libnx/lib/libnx.a(rwlock.o)
                0x0000000000006a20                rwlockReadUnlock
 *fill*         0x0000000000006ad4        0xc 
 .text.rwlockWriteLock
                0x0000000000006ae0       0xa4 /opt/devkitpro/libnx/lib/libnx.a(rwlock.o)
                0x0000000000006ae0                rwlockWriteLock
 *fill*         0x0000000000006b84        0xc 
 .text.rwlockWriteUnlock
                0x0000000000006b90       0x78 /opt/devkitpro/libnx/lib/libnx.a(rwlock.o)
                0x0000000000006b90                rwlockWriteUnlock
 *fill*         0x0000000000006c08        0x8 
 .text.tmemCreate
                0x0000000000006c10       0xa8 /opt/devkitpro/libnx/lib/libnx.a(tmem.o)
                0x0000000000006c10                tmemCreate
 *fill*         0x0000000000006cb8        0x8 
 .text.tmemUnmap
                0x0000000000006cc0       0x58 /opt/devkitpro/libnx/lib/libnx.a(tmem.o)
                0x0000000000006cc0                tmemUnmap
 *fill*         0x0000000000006d18        0x8 
 .text.tmemClose
                0x0000000000006d20       0x68 /opt/devkitpro/libnx/lib/libnx.a(tmem.o)
                0x0000000000006d20                tmemClose
 *fill*         0x0000000000006d88        0x8 
 .text.mutexLock
                0x0000000000006d90       0x8c /opt/devkitpro/libnx/lib/libnx.a(mutex.o)
                0x0000000000006d90                mutexLock
 *fill*         0x0000000000006e1c        0x4 
 .text.mutexUnlock
                0x0000000000006e20       0x30 /opt/devkitpro/libnx/lib/libnx.a(mutex.o)
                0x0000000000006e20                mutexUnlock
 .text.rmutexLock
                0x0000000000006e50       0x4c /opt/devkitpro/libnx/lib/libnx.a(mutex.o)
                0x0000000000006e50                rmutexLock
 *fill*         0x0000000000006e9c        0x4 
 .text.rmutexUnlock
                0x0000000000006ea0       0x1c /opt/devkitpro/libnx/lib/libnx.a(mutex.o)
                0x0000000000006ea0                rmutexUnlock
 *fill*         0x0000000000006ebc        0x4 
 .text._GetRegionFromInfo.isra.0
                0x0000000000006ec0       0x7c /opt/devkitpro/libnx/lib/libnx.a(virtmem.o)
 *fill*         0x0000000000006f3c        0x4 
 .text.virtmemSetup
                0x0000000000006f40      0x114 /opt/devkitpro/libnx/lib/libnx.a(virtmem.o)
                0x0000000000006f40                virtmemSetup
 *fill*         0x0000000000007054        0xc 
 .text.virtmemReserve
                0x0000000000007060      0x124 /opt/devkitpro/libnx/lib/libnx.a(virtmem.o)
                0x0000000000007060                virtmemReserve
 *fill*         0x0000000000007184        0xc 
 .text.virtmemFree
                0x0000000000007190        0x4 /opt/devkitpro/libnx/lib/libnx.a(virtmem.o)
                0x0000000000007190                virtmemFree
 *fill*         0x0000000000007194        0xc 
 .text.eventLoadRemote
                0x00000000000071a0        0xc /opt/devkitpro/libnx/lib/libnx.a(event.o)
                0x00000000000071a0                eventLoadRemote
 *fill*         0x00000000000071ac        0x4 
 .text.eventWait
                0x00000000000071b0       0x38 /opt/devkitpro/libnx/lib/libnx.a(event.o)
                0x00000000000071b0                eventWait
 *fill*         0x00000000000071e8        0x8 
 .text.eventClose
                0x00000000000071f0       0x50 /opt/devkitpro/libnx/lib/libnx.a(event.o)
                0x00000000000071f0                eventClose
 .text.condvarWaitTimeout
                0x0000000000007240       0x60 /opt/devkitpro/libnx/lib/libnx.a(condvar.o)
                0x0000000000007240                condvarWaitTimeout
 .text.framebufferMakeLinear
                0x00000000000072a0       0x80 /opt/devkitpro/libnx/lib/libnx.a(framebuffer.o)
                0x00000000000072a0                framebufferMakeLinear
 .text.framebufferClose
                0x0000000000007320       0x84 /opt/devkitpro/libnx/lib/libnx.a(framebuffer.o)
                0x0000000000007320                framebufferClose
 *fill*         0x00000000000073a4        0xc 
 .text.framebufferCreate
                0x00000000000073b0      0x29c /opt/devkitpro/libnx/lib/libnx.a(framebuffer.o)
                0x00000000000073b0                framebufferCreate
 *fill*         0x000000000000764c        0x4 
 .text.framebufferBegin
                0x0000000000007650       0x88 /opt/devkitpro/libnx/lib/libnx.a(framebuffer.o)
                0x0000000000007650                framebufferBegin
 *fill*         0x00000000000076d8        0x8 
 .text.framebufferEnd
                0x00000000000076e0      0x174 /opt/devkitpro/libnx/lib/libnx.a(framebuffer.o)
                0x00000000000076e0                framebufferEnd
 *fill*         0x0000000000007854        0xc 
 .text.nwindowGetDefault
                0x0000000000007860        0xc /opt/devkitpro/libnx/lib/libnx.a(default_window.o)
                0x0000000000007860                nwindowGetDefault
 *fill*         0x000000000000786c        0x4 
 .text.__nx_win_init
                0x0000000000007870       0xc0 /opt/devkitpro/libnx/lib/libnx.a(default_window.o)
                0x0000000000007870                __nx_win_init
 .text.__nx_win_exit
                0x0000000000007930       0x34 /opt/devkitpro/libnx/lib/libnx.a(default_window.o)
                0x0000000000007930                __nx_win_exit
 *fill*         0x0000000000007964        0xc 
 .text._nwindowConnect
                0x0000000000007970       0x54 /opt/devkitpro/libnx/lib/libnx.a(native_window.o)
 *fill*         0x00000000000079c4        0xc 
 .text._nwindowDisconnect
                0x00000000000079d0       0x40 /opt/devkitpro/libnx/lib/libnx.a(native_window.o)
 .text.nwindowIsValid
                0x0000000000007a10       0x24 /opt/devkitpro/libnx/lib/libnx.a(native_window.o)
                0x0000000000007a10                nwindowIsValid
 *fill*         0x0000000000007a34        0xc 
 .text.nwindowClose
                0x0000000000007a40       0x6c /opt/devkitpro/libnx/lib/libnx.a(native_window.o)
                0x0000000000007a40                nwindowClose
 *fill*         0x0000000000007aac        0x4 
 .text.nwindowCreate
                0x0000000000007ab0       0xd0 /opt/devkitpro/libnx/lib/libnx.a(native_window.o)
                0x0000000000007ab0                nwindowCreate
 .text.nwindowCreateFromLayer
                0x0000000000007b80       0x34 /opt/devkitpro/libnx/lib/libnx.a(native_window.o)
                0x0000000000007b80                nwindowCreateFromLayer
 *fill*         0x0000000000007bb4        0xc 
 .text.nwindowSetDimensions
                0x0000000000007bc0       0x88 /opt/devkitpro/libnx/lib/libnx.a(native_window.o)
                0x0000000000007bc0                nwindowSetDimensions
 *fill*         0x0000000000007c48        0x8 
 .text.nwindowConfigureBuffer
                0x0000000000007c50      0x154 /opt/devkitpro/libnx/lib/libnx.a(native_window.o)
                0x0000000000007c50                nwindowConfigureBuffer
 *fill*         0x0000000000007da4        0xc 
 .text.nwindowDequeueBuffer
                0x0000000000007db0      0x1e0 /opt/devkitpro/libnx/lib/libnx.a(native_window.o)
                0x0000000000007db0                nwindowDequeueBuffer
 .text.nwindowQueueBuffer
                0x0000000000007f90      0x144 /opt/devkitpro/libnx/lib/libnx.a(native_window.o)
                0x0000000000007f90                nwindowQueueBuffer
 *fill*         0x00000000000080d4        0xc 
 .text.nwindowReleaseBuffers
                0x00000000000080e0       0xac /opt/devkitpro/libnx/lib/libnx.a(native_window.o)
                0x00000000000080e0                nwindowReleaseBuffers
 *fill*         0x000000000000818c        0x4 
 .text.__nx_dynamic
                0x0000000000008190       0xa0 /opt/devkitpro/libnx/lib/libnx.a(dynamic.o)
                0x0000000000008190                __nx_dynamic
 .text.__libnx_initheap
                0x0000000000008230       0xd8 /opt/devkitpro/libnx/lib/libnx.a(init.o)
                0x0000000000008230                __libnx_initheap
 *fill*         0x0000000000008308        0x8 
 .text.__appInit
                0x0000000000008310       0xe8 /opt/devkitpro/libnx/lib/libnx.a(init.o)
                0x0000000000008310                __appInit
 *fill*         0x00000000000083f8        0x8 
 .text.__appExit
                0x0000000000008400       0x44 /opt/devkitpro/libnx/lib/libnx.a(init.o)
                0x0000000000008400                __appExit
 *fill*         0x0000000000008444        0xc 
 .text.__libnx_init
                0x0000000000008450       0x28 /opt/devkitpro/libnx/lib/libnx.a(init.o)
                0x0000000000008450                __libnx_init
 *fill*         0x0000000000008478        0x8 
 .text.__libnx_exit
                0x0000000000008480       0x20 /opt/devkitpro/libnx/lib/libnx.a(init.o)
                0x0000000000008480                __libnx_exit
 .text.__syscall_exit
                0x00000000000084a0       0x1c /opt/devkitpro/libnx/lib/libnx.a(newlib.o)
                0x00000000000084a0                __syscall_exit
 *fill*         0x00000000000084bc        0x4 
 .text.__syscall_getreent
                0x00000000000084c0       0x34 /opt/devkitpro/libnx/lib/libnx.a(newlib.o)
                0x00000000000084c0                __syscall_getreent
 *fill*         0x00000000000084f4        0xc 
 .text.__syscall_lock_acquire
                0x0000000000008500        0x4 /opt/devkitpro/libnx/lib/libnx.a(newlib.o)
                0x0000000000008500                __syscall_lock_acquire
 *fill*         0x0000000000008504        0xc 
 .text.__syscall_lock_release
                0x0000000000008510        0x4 /opt/devkitpro/libnx/lib/libnx.a(newlib.o)
                0x0000000000008510                __syscall_lock_release
 *fill*         0x0000000000008514        0xc 
 .text.__syscall_lock_acquire_recursive
                0x0000000000008520        0x4 /opt/devkitpro/libnx/lib/libnx.a(newlib.o)
                0x0000000000008520                __syscall_lock_acquire_recursive
 *fill*         0x0000000000008524        0xc 
 .text.__syscall_lock_release_recursive
                0x0000000000008530        0x4 /opt/devkitpro/libnx/lib/libnx.a(newlib.o)
                0x0000000000008530                __syscall_lock_release_recursive
 *fill*         0x0000000000008534        0xc 
 .text.__libnx_init_time
                0x0000000000008540      0x23c /opt/devkitpro/libnx/lib/libnx.a(newlib.o)
                0x0000000000008540                __libnx_init_time
 *fill*         0x000000000000877c        0x4 
 .text.newlibSetup
                0x0000000000008780       0x84 /opt/devkitpro/libnx/lib/libnx.a(newlib.o)
                0x0000000000008780                newlibSetup
 *fill*         0x0000000000008804        0xc 
 .text.argvSetup
                0x0000000000008810      0x328 /opt/devkitpro/libnx/lib/libnx.a(argv.o)
                0x0000000000008810                argvSetup
 *fill*         0x0000000000008b38        0x8 
 .text.fsdev_link
                0x0000000000008b40       0x14 /opt/devkitpro/libnx/lib/libnx.a(fs_dev.o)
 *fill*         0x0000000000008b54        0xc 
 .text.fsdev_dirreset
                0x0000000000008b60       0x14 /opt/devkitpro/libnx/lib/libnx.a(fs_dev.o)
 *fill*         0x0000000000008b74        0xc 
 .text.fsdev_chmod
                0x0000000000008b80       0x14 /opt/devkitpro/libnx/lib/libnx.a(fs_dev.o)
 *fill*         0x0000000000008b94        0xc 
 .text.error_cmp
                0x0000000000008ba0       0x1c /opt/devkitpro/libnx/lib/libnx.a(fs_dev.o)
 *fill*         0x0000000000008bbc        0x4 
 .text.fsdev_translate_error
                0x0000000000008bc0       0x5c /opt/devkitpro/libnx/lib/libnx.a(fs_dev.o)
 *fill*         0x0000000000008c1c        0x4 
 .text.fsdev_fsync
                0x0000000000008c20       0x40 /opt/devkitpro/libnx/lib/libnx.a(fs_dev.o)
 .text.fsdev_ftruncate
                0x0000000000008c60       0x58 /opt/devkitpro/libnx/lib/libnx.a(fs_dev.o)
 *fill*         0x0000000000008cb8        0x8 
 .text.fsdev_dirclose
                0x0000000000008cc0       0x20 /opt/devkitpro/libnx/lib/libnx.a(fs_dev.o)
 .text.fsdev_close
                0x0000000000008ce0       0x1c /opt/devkitpro/libnx/lib/libnx.a(fs_dev.o)
 *fill*         0x0000000000008cfc        0x4 
 .text.fsdev_converttimetoutc
                0x0000000000008d00       0x80 /opt/devkitpro/libnx/lib/libnx.a(fs_dev.o)
 .text.fsdev_fstat
                0x0000000000008d80       0xd0 /opt/devkitpro/libnx/lib/libnx.a(fs_dev.o)
 .text.fsdev_seek
                0x0000000000008e50       0xb0 /opt/devkitpro/libnx/lib/libnx.a(fs_dev.o)
 .text.fsdev_read_safe.isra.0
                0x0000000000008f00      0x10c /opt/devkitpro/libnx/lib/libnx.a(fs_dev.o)
 *fill*         0x000000000000900c        0x4 
 .text.fsdev_read
                0x0000000000009010       0xc4 /opt/devkitpro/libnx/lib/libnx.a(fs_dev.o)
 *fill*         0x00000000000090d4        0xc 
 .text.fsdev_write_safe.isra.0
                0x00000000000090e0       0xfc /opt/devkitpro/libnx/lib/libnx.a(fs_dev.o)
 *fill*         0x00000000000091dc        0x4 
 .text.fsdev_write
                0x00000000000091e0       0xe0 /opt/devkitpro/libnx/lib/libnx.a(fs_dev.o)
 .text.fsdevFindDevice.part.0
                0x00000000000092c0       0xb8 /opt/devkitpro/libnx/lib/libnx.a(fs_dev.o)
 *fill*         0x0000000000009378        0x8 
 .text.fsdev_getfspath
                0x0000000000009380      0x214 /opt/devkitpro/libnx/lib/libnx.a(fs_dev.o)
 *fill*         0x0000000000009594        0xc 
 .text.fsdev_rmdir
                0x00000000000095a0       0x78 /opt/devkitpro/libnx/lib/libnx.a(fs_dev.o)
 *fill*         0x0000000000009618        0x8 
 .text.fsdev_statvfs
                0x0000000000009620       0xcc /opt/devkitpro/libnx/lib/libnx.a(fs_dev.o)
 *fill*         0x00000000000096ec        0x4 
 .text.fsdev_diropen
                0x00000000000096f0       0xf0 /opt/devkitpro/libnx/lib/libnx.a(fs_dev.o)
 .text.fsdev_mkdir
                0x00000000000097e0       0x78 /opt/devkitpro/libnx/lib/libnx.a(fs_dev.o)
 *fill*         0x0000000000009858        0x8 
 .text.fsdev_rename
                0x0000000000009860      0x104 /opt/devkitpro/libnx/lib/libnx.a(fs_dev.o)
 *fill*         0x0000000000009964        0xc 
 .text.fsdev_chdir
                0x0000000000009970      0x114 /opt/devkitpro/libnx/lib/libnx.a(fs_dev.o)
 *fill*         0x0000000000009a84        0xc 
 .text.fsdev_unlink
                0x0000000000009a90       0x78 /opt/devkitpro/libnx/lib/libnx.a(fs_dev.o)
 *fill*         0x0000000000009b08        0x8 
 .text.fsdev_stat
                0x0000000000009b10      0x1c8 /opt/devkitpro/libnx/lib/libnx.a(fs_dev.o)
 *fill*         0x0000000000009cd8        0x8 
 .text.fsdev_open
                0x0000000000009ce0      0x190 /opt/devkitpro/libnx/lib/libnx.a(fs_dev.o)
 .text._fsdevUnmountDeviceStruct.part.0
                0x0000000000009e70       0xa8 /opt/devkitpro/libnx/lib/libnx.a(fs_dev.o)
 *fill*         0x0000000000009f18        0x8 
 .text.fsdev_dirnext
                0x0000000000009f20      0x180 /opt/devkitpro/libnx/lib/libnx.a(fs_dev.o)
 .text.fsdev_fchmod
                0x000000000000a0a0       0x14 /opt/devkitpro/libnx/lib/libnx.a(fs_dev.o)
 *fill*         0x000000000000a0b4        0xc 
 .text.fsdevMountDevice
                0x000000000000a0c0      0x1c8 /opt/devkitpro/libnx/lib/libnx.a(fs_dev.o)
                0x000000000000a0c0                fsdevMountDevice
 *fill*         0x000000000000a288        0x8 
 .text.fsdevMountSdmc
                0x000000000000a290       0x48 /opt/devkitpro/libnx/lib/libnx.a(fs_dev.o)
                0x000000000000a290                fsdevMountSdmc
 *fill*         0x000000000000a2d8        0x8 
 .text.__libnx_init_cwd
                0x000000000000a2e0       0xcc /opt/devkitpro/libnx/lib/libnx.a(fs_dev.o)
                0x000000000000a2e0                __libnx_init_cwd
 *fill*         0x000000000000a3ac        0x4 
 .text.fsdevUnmountAll
                0x000000000000a3b0       0x64 /opt/devkitpro/libnx/lib/libnx.a(fs_dev.o)
                0x000000000000a3b0                fsdevUnmountAll
 *fill*         0x000000000000a414        0xc 
 .text.decode_utf8
                0x000000000000a420      0x12c /opt/devkitpro/libnx/lib/libnx.a(decode_utf8.o)
                0x000000000000a420                decode_utf8
 .text.armDCacheFlush
                0x000000000000a54c       0x3c /opt/devkitpro/libnx/lib/libnx.a(cache.o)
                0x000000000000a54c                armDCacheFlush
 .text.__libnx_exception_entry
                0x000000000000a588      0x1c0 /opt/devkitpro/libnx/lib/libnx.a(exception.o)
                0x000000000000a588                __libnx_exception_entry
 .text.__libnx_exception_returnentry
                0x000000000000a748       0x18 /opt/devkitpro/libnx/lib/libnx.a(exception.o)
                0x000000000000a748                __libnx_exception_returnentry
 .text.__aarch64_read_tp
                0x000000000000a760        0xc /opt/devkitpro/libnx/lib/libnx.a(readtp.o)
                0x000000000000a760                __aarch64_read_tp
 *fill*         0x000000000000a76c        0x4 
 .text._nvSetClientPID
                0x000000000000a770       0xcc /opt/devkitpro/libnx/lib/libnx.a(nv.o)
 *fill*         0x000000000000a83c        0x4 
 .text._nvCleanup
                0x000000000000a840       0xd0 /opt/devkitpro/libnx/lib/libnx.a(nv.o)
 .text._nvCmdInitialize.constprop.0
                0x000000000000a910       0xdc /opt/devkitpro/libnx/lib/libnx.a(nv.o)
 *fill*         0x000000000000a9ec        0x4 
 .text.nvInitialize
                0x000000000000a9f0      0x248 /opt/devkitpro/libnx/lib/libnx.a(nv.o)
                0x000000000000a9f0                nvInitialize
 *fill*         0x000000000000ac38        0x8 
 .text.nvExit   0x000000000000ac40       0x44 /opt/devkitpro/libnx/lib/libnx.a(nv.o)
                0x000000000000ac40                nvExit
 *fill*         0x000000000000ac84        0xc 
 .text.nvConvertError
                0x000000000000ac90      0x140 /opt/devkitpro/libnx/lib/libnx.a(nv.o)
                0x000000000000ac90                nvConvertError
 .text.nvOpen   0x000000000000add0      0x110 /opt/devkitpro/libnx/lib/libnx.a(nv.o)
                0x000000000000add0                nvOpen
 .text.nvIoctl  0x000000000000aee0      0x24c /opt/devkitpro/libnx/lib/libnx.a(nv.o)
                0x000000000000aee0                nvIoctl
 *fill*         0x000000000000b12c        0x4 
 .text.nvClose  0x000000000000b130       0xd4 /opt/devkitpro/libnx/lib/libnx.a(nv.o)
                0x000000000000b130                nvClose
 *fill*         0x000000000000b204        0xc 
 .text.nvQueryEvent
                0x000000000000b210      0x104 /opt/devkitpro/libnx/lib/libnx.a(nv.o)
                0x000000000000b210                nvQueryEvent
 *fill*         0x000000000000b314        0xc 
 .text._timeCleanup
                0x000000000000b320      0x1c8 /opt/devkitpro/libnx/lib/libnx.a(time.o)
 *fill*         0x000000000000b4e8        0x8 
 .text._timeCmdNoInOutU64.isra.0.constprop.0
                0x000000000000b4f0       0xc4 /opt/devkitpro/libnx/lib/libnx.a(time.o)
 *fill*         0x000000000000b5b4        0xc 
 .text._timeCmdGetSession.constprop.0
                0x000000000000b5c0       0xe4 /opt/devkitpro/libnx/lib/libnx.a(time.o)
 *fill*         0x000000000000b6a4        0xc 
 .text.timeInitialize
                0x000000000000b6b0      0x1d0 /opt/devkitpro/libnx/lib/libnx.a(time.o)
                0x000000000000b6b0                timeInitialize
 .text.timeExit
                0x000000000000b880       0x44 /opt/devkitpro/libnx/lib/libnx.a(time.o)
                0x000000000000b880                timeExit
 *fill*         0x000000000000b8c4        0xc 
 .text.timeGetServiceSession_SystemClock
                0x000000000000b8d0       0x38 /opt/devkitpro/libnx/lib/libnx.a(time.o)
                0x000000000000b8d0                timeGetServiceSession_SystemClock
 *fill*         0x000000000000b908        0x8 
 .text.timeGetCurrentTime
                0x000000000000b910       0x38 /opt/devkitpro/libnx/lib/libnx.a(time.o)
                0x000000000000b910                timeGetCurrentTime
 *fill*         0x000000000000b948        0x8 
 .text.timeToCalendarTimeWithMyRule
                0x000000000000b950      0x114 /opt/devkitpro/libnx/lib/libnx.a(time.o)
                0x000000000000b950                timeToCalendarTimeWithMyRule
 *fill*         0x000000000000ba64        0xc 
 .text.timeToPosixTimeWithMyRule
                0x000000000000ba70      0x100 /opt/devkitpro/libnx/lib/libnx.a(time.o)
                0x000000000000ba70                timeToPosixTimeWithMyRule
 .text._viCleanup
                0x000000000000bb70      0x1dc /opt/devkitpro/libnx/lib/libnx.a(vi.o)
 *fill*         0x000000000000bd4c        0x4 
 .text._viCmdGetSessionNoParams.constprop.0
                0x000000000000bd50       0xe4 /opt/devkitpro/libnx/lib/libnx.a(vi.o)
 *fill*         0x000000000000be34        0xc 
 .text._viCmdGetSession.constprop.0
                0x000000000000be40       0xe0 /opt/devkitpro/libnx/lib/libnx.a(vi.o)
 .text.viInitialize
                0x000000000000bf20      0x260 /opt/devkitpro/libnx/lib/libnx.a(vi.o)
                0x000000000000bf20                viInitialize
 .text.viExit   0x000000000000c180       0x44 /opt/devkitpro/libnx/lib/libnx.a(vi.o)
                0x000000000000c180                viExit
 *fill*         0x000000000000c1c4        0xc 
 .text.viGetSession_IHOSBinderDriverRelay
                0x000000000000c1d0        0xc /opt/devkitpro/libnx/lib/libnx.a(vi.o)
                0x000000000000c1d0                viGetSession_IHOSBinderDriverRelay
 *fill*         0x000000000000c1dc        0x4 
 .text.viOpenDisplay
                0x000000000000c1e0      0x11c /opt/devkitpro/libnx/lib/libnx.a(vi.o)
                0x000000000000c1e0                viOpenDisplay
 *fill*         0x000000000000c2fc        0x4 
 .text.viCloseDisplay
                0x000000000000c300       0xf4 /opt/devkitpro/libnx/lib/libnx.a(vi.o)
                0x000000000000c300                viCloseDisplay
 *fill*         0x000000000000c3f4        0xc 
 .text.viCloseLayer
                0x000000000000c400       0xf4 /opt/devkitpro/libnx/lib/libnx.a(vi.o)
                0x000000000000c400                viCloseLayer
 *fill*         0x000000000000c4f4        0xc 
 .text.viCreateLayer
                0x000000000000c500      0x3a0 /opt/devkitpro/libnx/lib/libnx.a(vi.o)
                0x000000000000c500                viCreateLayer
 .text.viSetLayerScalingMode
                0x000000000000c8a0       0xd4 /opt/devkitpro/libnx/lib/libnx.a(vi.o)
                0x000000000000c8a0                viSetLayerScalingMode
 *fill*         0x000000000000c974        0xc 
 .text._setsysGetFirmwareVersionImpl
                0x000000000000c980       0xd0 /opt/devkitpro/libnx/lib/libnx.a(set.o)
 .text._setsysCleanup
                0x000000000000ca50       0x68 /opt/devkitpro/libnx/lib/libnx.a(set.o)
 *fill*         0x000000000000cab8        0x8 
 .text.setsysInitialize
                0x000000000000cac0       0xa0 /opt/devkitpro/libnx/lib/libnx.a(set.o)
                0x000000000000cac0                setsysInitialize
 .text.setsysExit
                0x000000000000cb60       0x44 /opt/devkitpro/libnx/lib/libnx.a(set.o)
                0x000000000000cb60                setsysExit
 *fill*         0x000000000000cba4        0xc 
 .text.setsysGetFirmwareVersion
                0x000000000000cbb0       0x44 /opt/devkitpro/libnx/lib/libnx.a(set.o)
                0x000000000000cbb0                setsysGetFirmwareVersion
 *fill*         0x000000000000cbf4        0xc 
 .text._fsCleanup
                0x000000000000cc00       0xb4 /opt/devkitpro/libnx/lib/libnx.a(fs.o)
 *fill*         0x000000000000ccb4        0xc 
 .text._fsCmdNoIO
                0x000000000000ccc0      0x1dc /opt/devkitpro/libnx/lib/libnx.a(fs.o)
 *fill*         0x000000000000ce9c        0x4 
 .text._fsFsCmdWithInPath
                0x000000000000cea0      0x1d4 /opt/devkitpro/libnx/lib/libnx.a(fs.o)
 *fill*         0x000000000000d074        0xc 
 .text._fsFsCmdWithTwoInPaths
                0x000000000000d080      0x1fc /opt/devkitpro/libnx/lib/libnx.a(fs.o)
 *fill*         0x000000000000d27c        0x4 
 .text._fsFsOpenCommon
                0x000000000000d280      0x22c /opt/devkitpro/libnx/lib/libnx.a(fs.o)
 *fill*         0x000000000000d4ac        0x4 
 .text._fsFsCmdWithInPathAndOutU64
                0x000000000000d4b0      0x1f0 /opt/devkitpro/libnx/lib/libnx.a(fs.o)
 .text._fsObjectClose
                0x000000000000d6a0       0xf4 /opt/devkitpro/libnx/lib/libnx.a(fs.o)
 *fill*         0x000000000000d794        0xc 
 .text._fsCmdGetSession.constprop.0
                0x000000000000d7a0      0x16c /opt/devkitpro/libnx/lib/libnx.a(fs.o)
 *fill*         0x000000000000d90c        0x4 
 .text.fsInitialize
                0x000000000000d910      0x30c /opt/devkitpro/libnx/lib/libnx.a(fs.o)
                0x000000000000d910                fsInitialize
 *fill*         0x000000000000dc1c        0x4 
 .text.fsExit   0x000000000000dc20       0x44 /opt/devkitpro/libnx/lib/libnx.a(fs.o)
                0x000000000000dc20                fsExit
 *fill*         0x000000000000dc64        0xc 
 .text.fsOpenSdCardFileSystem
                0x000000000000dc70        0x8 /opt/devkitpro/libnx/lib/libnx.a(fs.o)
                0x000000000000dc70                fsOpenSdCardFileSystem
 *fill*         0x000000000000dc78        0x8 
 .text.fsFsCreateFile
                0x000000000000dc80      0x1e4 /opt/devkitpro/libnx/lib/libnx.a(fs.o)
                0x000000000000dc80                fsFsCreateFile
 *fill*         0x000000000000de64        0xc 
 .text.fsFsDeleteFile
                0x000000000000de70        0x8 /opt/devkitpro/libnx/lib/libnx.a(fs.o)
                0x000000000000de70                fsFsDeleteFile
 *fill*         0x000000000000de78        0x8 
 .text.fsFsCreateDirectory
                0x000000000000de80        0x8 /opt/devkitpro/libnx/lib/libnx.a(fs.o)
                0x000000000000de80                fsFsCreateDirectory
 *fill*         0x000000000000de88        0x8 
 .text.fsFsDeleteDirectory
                0x000000000000de90        0x8 /opt/devkitpro/libnx/lib/libnx.a(fs.o)
                0x000000000000de90                fsFsDeleteDirectory
 *fill*         0x000000000000de98        0x8 
 .text.fsFsRenameFile
                0x000000000000dea0        0x8 /opt/devkitpro/libnx/lib/libnx.a(fs.o)
                0x000000000000dea0                fsFsRenameFile
 *fill*         0x000000000000dea8        0x8 
 .text.fsFsRenameDirectory
                0x000000000000deb0        0x8 /opt/devkitpro/libnx/lib/libnx.a(fs.o)
                0x000000000000deb0                fsFsRenameDirectory
 *fill*         0x000000000000deb8        0x8 
 .text.fsFsGetEntryType
                0x000000000000dec0      0x1e8 /opt/devkitpro/libnx/lib/libnx.a(fs.o)
                0x000000000000dec0                fsFsGetEntryType
 *fill*         0x000000000000e0a8        0x8 
 .text.fsFsOpenFile
                0x000000000000e0b0        0x8 /opt/devkitpro/libnx/lib/libnx.a(fs.o)
                0x000000000000e0b0                fsFsOpenFile
 *fill*         0x000000000000e0b8        0x8 
 .text.fsFsOpenDirectory
                0x000000000000e0c0        0x8 /opt/devkitpro/libnx/lib/libnx.a(fs.o)
                0x000000000000e0c0                fsFsOpenDirectory
 *fill*         0x000000000000e0c8        0x8 
 .text.fsFsGetFreeSpace
                0x000000000000e0d0        0x8 /opt/devkitpro/libnx/lib/libnx.a(fs.o)
                0x000000000000e0d0                fsFsGetFreeSpace
 *fill*         0x000000000000e0d8        0x8 
 .text.fsFsGetTotalSpace
                0x000000000000e0e0        0x8 /opt/devkitpro/libnx/lib/libnx.a(fs.o)
                0x000000000000e0e0                fsFsGetTotalSpace
 *fill*         0x000000000000e0e8        0x8 
 .text.fsFsGetFileTimeStampRaw
                0x000000000000e0f0      0x22c /opt/devkitpro/libnx/lib/libnx.a(fs.o)
                0x000000000000e0f0                fsFsGetFileTimeStampRaw
 *fill*         0x000000000000e31c        0x4 
 .text.fsFsClose
                0x000000000000e320        0x4 /opt/devkitpro/libnx/lib/libnx.a(fs.o)
                0x000000000000e320                fsFsClose
 *fill*         0x000000000000e324        0xc 
 .text.fsFileRead
                0x000000000000e330      0x218 /opt/devkitpro/libnx/lib/libnx.a(fs.o)
                0x000000000000e330                fsFileRead
 *fill*         0x000000000000e548        0x8 
 .text.fsFileWrite
                0x000000000000e550      0x208 /opt/devkitpro/libnx/lib/libnx.a(fs.o)
                0x000000000000e550                fsFileWrite
 *fill*         0x000000000000e758        0x8 
 .text.fsFileFlush
                0x000000000000e760        0x8 /opt/devkitpro/libnx/lib/libnx.a(fs.o)
                0x000000000000e760                fsFileFlush
 *fill*         0x000000000000e768        0x8 
 .text.fsFileSetSize
                0x000000000000e770      0x1e0 /opt/devkitpro/libnx/lib/libnx.a(fs.o)
                0x000000000000e770                fsFileSetSize
 .text.fsFileGetSize
                0x000000000000e950      0x1f0 /opt/devkitpro/libnx/lib/libnx.a(fs.o)
                0x000000000000e950                fsFileGetSize
 .text.fsFileClose
                0x000000000000eb40        0x4 /opt/devkitpro/libnx/lib/libnx.a(fs.o)
                0x000000000000eb40                fsFileClose
 *fill*         0x000000000000eb44        0xc 
 .text.fsDirClose
                0x000000000000eb50        0x4 /opt/devkitpro/libnx/lib/libnx.a(fs.o)
                0x000000000000eb50                fsDirClose
 *fill*         0x000000000000eb54        0xc 
 .text.fsDirRead
                0x000000000000eb60      0x200 /opt/devkitpro/libnx/lib/libnx.a(fs.o)
                0x000000000000eb60                fsDirRead
 .text._nvFenceEventWaitCommon
                0x000000000000ed60       0x60 /opt/devkitpro/libnx/lib/libnx.a(fence.o)
 .text.nvFenceInit
                0x000000000000edc0       0x5c /opt/devkitpro/libnx/lib/libnx.a(fence.o)
                0x000000000000edc0                nvFenceInit
 *fill*         0x000000000000ee1c        0x4 
 .text.nvFenceExit
                0x000000000000ee20       0xb0 /opt/devkitpro/libnx/lib/libnx.a(fence.o)
                0x000000000000ee20                nvFenceExit
 .text.nvFenceWait
                0x000000000000eed0      0x1cc /opt/devkitpro/libnx/lib/libnx.a(fence.o)
                0x000000000000eed0                nvFenceWait
 *fill*         0x000000000000f09c        0x4 
 .text.nvMultiFenceWait
                0x000000000000f0a0       0x74 /opt/devkitpro/libnx/lib/libnx.a(fence.o)
                0x000000000000f0a0                nvMultiFenceWait
 *fill*         0x000000000000f114        0xc 
 .text.nvMapInit
                0x000000000000f120       0x6c /opt/devkitpro/libnx/lib/libnx.a(map.o)
                0x000000000000f120                nvMapInit
 *fill*         0x000000000000f18c        0x4 
 .text.nvMapExit
                0x000000000000f190       0x68 /opt/devkitpro/libnx/lib/libnx.a(map.o)
                0x000000000000f190                nvMapExit
 *fill*         0x000000000000f1f8        0x8 
 .text.nvMapClose
                0x000000000000f200       0x80 /opt/devkitpro/libnx/lib/libnx.a(map.o)
                0x000000000000f200                nvMapClose
 .text.nvMapCreate
                0x000000000000f280      0x160 /opt/devkitpro/libnx/lib/libnx.a(map.o)
                0x000000000000f280                nvMapCreate
 .text.nvioctlNvhostCtrl_EventSignal
                0x000000000000f3e0       0x28 /opt/devkitpro/libnx/lib/libnx.a(nvhost-ctrl.o)
                0x000000000000f3e0                nvioctlNvhostCtrl_EventSignal
 *fill*         0x000000000000f408        0x8 
 .text.nvioctlNvhostCtrl_EventWait
                0x000000000000f410       0x44 /opt/devkitpro/libnx/lib/libnx.a(nvhost-ctrl.o)
                0x000000000000f410                nvioctlNvhostCtrl_EventWait
 *fill*         0x000000000000f454        0xc 
 .text.nvioctlNvhostCtrl_EventWaitAsync
                0x000000000000f460       0x30 /opt/devkitpro/libnx/lib/libnx.a(nvhost-ctrl.o)
                0x000000000000f460                nvioctlNvhostCtrl_EventWaitAsync
 .text.nvioctlNvhostCtrl_EventRegister
                0x000000000000f490       0x28 /opt/devkitpro/libnx/lib/libnx.a(nvhost-ctrl.o)
                0x000000000000f490                nvioctlNvhostCtrl_EventRegister
 *fill*         0x000000000000f4b8        0x8 
 .text.nvioctlNvhostCtrl_EventUnregister
                0x000000000000f4c0       0x28 /opt/devkitpro/libnx/lib/libnx.a(nvhost-ctrl.o)
                0x000000000000f4c0                nvioctlNvhostCtrl_EventUnregister
 *fill*         0x000000000000f4e8        0x8 
 .text.nvioctlNvmap_Create
                0x000000000000f4f0       0x40 /opt/devkitpro/libnx/lib/libnx.a(nvmap.o)
                0x000000000000f4f0                nvioctlNvmap_Create
 .text.nvioctlNvmap_Alloc
                0x000000000000f530       0x44 /opt/devkitpro/libnx/lib/libnx.a(nvmap.o)
                0x000000000000f530                nvioctlNvmap_Alloc
 *fill*         0x000000000000f574        0xc 
 .text.nvioctlNvmap_Free
                0x000000000000f580       0x30 /opt/devkitpro/libnx/lib/libnx.a(nvmap.o)
                0x000000000000f580                nvioctlNvmap_Free
 .text.nvioctlNvmap_GetId
                0x000000000000f5b0       0x40 /opt/devkitpro/libnx/lib/libnx.a(nvmap.o)
                0x000000000000f5b0                nvioctlNvmap_GetId
 .text.bqRequestBuffer
                0x000000000000f5f0       0xd8 /opt/devkitpro/libnx/lib/libnx.a(buffer_producer.o)
                0x000000000000f5f0                bqRequestBuffer
 *fill*         0x000000000000f6c8        0x8 
 .text.bqDequeueBuffer
                0x000000000000f6d0      0x168 /opt/devkitpro/libnx/lib/libnx.a(buffer_producer.o)
                0x000000000000f6d0                bqDequeueBuffer
 *fill*         0x000000000000f838        0x8 
 .text.bqDetachBuffer
                0x000000000000f840       0x9c /opt/devkitpro/libnx/lib/libnx.a(buffer_producer.o)
                0x000000000000f840                bqDetachBuffer
 *fill*         0x000000000000f8dc        0x4 
 .text.bqQueueBuffer
                0x000000000000f8e0       0xdc /opt/devkitpro/libnx/lib/libnx.a(buffer_producer.o)
                0x000000000000f8e0                bqQueueBuffer
 *fill*         0x000000000000f9bc        0x4 
 .text.bqCancelBuffer
                0x000000000000f9c0       0x94 /opt/devkitpro/libnx/lib/libnx.a(buffer_producer.o)
                0x000000000000f9c0                bqCancelBuffer
 *fill*         0x000000000000fa54        0xc 
 .text.bqConnect
                0x000000000000fa60       0xe8 /opt/devkitpro/libnx/lib/libnx.a(buffer_producer.o)
                0x000000000000fa60                bqConnect
 *fill*         0x000000000000fb48        0x8 
 .text.bqDisconnect
                0x000000000000fb50       0x9c /opt/devkitpro/libnx/lib/libnx.a(buffer_producer.o)
                0x000000000000fb50                bqDisconnect
 *fill*         0x000000000000fbec        0x4 
 .text.bqSetPreallocatedBuffer
                0x000000000000fbf0      0x174 /opt/devkitpro/libnx/lib/libnx.a(buffer_producer.o)
                0x000000000000fbf0                bqSetPreallocatedBuffer
 *fill*         0x000000000000fd64        0xc 
 .text.binderCreate
                0x000000000000fd70       0x18 /opt/devkitpro/libnx/lib/libnx.a(binder.o)
                0x000000000000fd70                binderCreate
 *fill*         0x000000000000fd88        0x8 
 .text.binderTransactParcel
                0x000000000000fd90      0x39c /opt/devkitpro/libnx/lib/libnx.a(binder.o)
                0x000000000000fd90                binderTransactParcel
 *fill*         0x000000000001012c        0x4 
 .text.binderConvertErrorCode
                0x0000000000010130      0x124 /opt/devkitpro/libnx/lib/libnx.a(binder.o)
                0x0000000000010130                binderConvertErrorCode
 *fill*         0x0000000000010254        0xc 
 .text.binderAdjustRefcount
                0x0000000000010260      0x120 /opt/devkitpro/libnx/lib/libnx.a(binder.o)
                0x0000000000010260                binderAdjustRefcount
 .text.binderInitSession
                0x0000000000010380       0x98 /opt/devkitpro/libnx/lib/libnx.a(binder.o)
                0x0000000000010380                binderInitSession
 *fill*         0x0000000000010418        0x8 
 .text.binderClose
                0x0000000000010420       0x68 /opt/devkitpro/libnx/lib/libnx.a(binder.o)
                0x0000000000010420                binderClose
 *fill*         0x0000000000010488        0x8 
 .text.binderGetNativeHandle
                0x0000000000010490      0x154 /opt/devkitpro/libnx/lib/libnx.a(binder.o)
                0x0000000000010490                binderGetNativeHandle
 *fill*         0x00000000000105e4        0xc 
 .text.parcelCreate
                0x00000000000105f0       0x30 /opt/devkitpro/libnx/lib/libnx.a(parcel.o)
                0x00000000000105f0                parcelCreate
 .text.parcelTransact
                0x0000000000010620      0x19c /opt/devkitpro/libnx/lib/libnx.a(parcel.o)
                0x0000000000010620                parcelTransact
 *fill*         0x00000000000107bc        0x4 
 .text.parcelWriteData
                0x00000000000107c0       0x88 /opt/devkitpro/libnx/lib/libnx.a(parcel.o)
                0x00000000000107c0                parcelWriteData
 *fill*         0x0000000000010848        0x8 
 .text.parcelReadData
                0x0000000000010850       0x98 /opt/devkitpro/libnx/lib/libnx.a(parcel.o)
                0x0000000000010850                parcelReadData
 *fill*         0x00000000000108e8        0x8 
 .text.parcelWriteInt32
                0x00000000000108f0       0x20 /opt/devkitpro/libnx/lib/libnx.a(parcel.o)
                0x00000000000108f0                parcelWriteInt32
 .text.parcelWriteUInt32
                0x0000000000010910       0x20 /opt/devkitpro/libnx/lib/libnx.a(parcel.o)
                0x0000000000010910                parcelWriteUInt32
 .text.parcelWriteString16
                0x0000000000010930       0x7c /opt/devkitpro/libnx/lib/libnx.a(parcel.o)
                0x0000000000010930                parcelWriteString16
 *fill*         0x00000000000109ac        0x4 
 .text.parcelWriteInterfaceToken
                0x00000000000109b0       0x30 /opt/devkitpro/libnx/lib/libnx.a(parcel.o)
                0x00000000000109b0                parcelWriteInterfaceToken
 .text.parcelReadInt32
                0x00000000000109e0       0x24 /opt/devkitpro/libnx/lib/libnx.a(parcel.o)
                0x00000000000109e0                parcelReadInt32
 *fill*         0x0000000000010a04        0xc 
 .text.parcelReadFlattenedObject
                0x0000000000010a10       0x68 /opt/devkitpro/libnx/lib/libnx.a(parcel.o)
                0x0000000000010a10                parcelReadFlattenedObject
 *fill*         0x0000000000010a78        0x8 
 .text.parcelWriteFlattenedObject
                0x0000000000010a80       0x4c /opt/devkitpro/libnx/lib/libnx.a(parcel.o)
                0x0000000000010a80                parcelWriteFlattenedObject
 *fill*         0x0000000000010acc        0x4 
 .text.nxlinkSetup
                0x0000000000010ad0       0xc4 /opt/devkitpro/libnx/lib/libnx.a(nxlink.o)
                0x0000000000010ad0                nxlinkSetup
 *fill*         0x0000000000010b94        0xc 
 .text.sessionmgrCreate
                0x0000000000010ba0      0x180 /opt/devkitpro/libnx/lib/libnx.a(sessionmgr.o)
                0x0000000000010ba0                sessionmgrCreate
 .text.sessionmgrClose
                0x0000000000010d20       0x84 /opt/devkitpro/libnx/lib/libnx.a(sessionmgr.o)
                0x0000000000010d20                sessionmgrClose
 *fill*         0x0000000000010da4        0xc 
 .text.sessionmgrAttachClient
                0x0000000000010db0       0xa4 /opt/devkitpro/libnx/lib/libnx.a(sessionmgr.o)
                0x0000000000010db0                sessionmgrAttachClient
 *fill*         0x0000000000010e54        0xc 
 .text.sessionmgrDetachClient
                0x0000000000010e60       0x74 /opt/devkitpro/libnx/lib/libnx.a(sessionmgr.o)
                0x0000000000010e60                sessionmgrDetachClient
 *fill*         0x0000000000010ed4        0x4 
 .text.aligned_alloc
                0x0000000000010ed8       0x3c /opt/devkitpro/devkitA64/lib/gcc/aarch64-none-elf/9.2.0/../../../../aarch64-none-elf/lib/pic/libg.a(lib_a-aligned_alloc.o)
                0x0000000000010ed8                aligned_alloc
 *fill*         0x0000000000010f14        0x4 
 .text.bsearch  0x0000000000010f18       0xb8 /opt/devkitpro/devkitA64/lib/gcc/aarch64-none-elf/9.2.0/../../../../aarch64-none-elf/lib/pic/libg.a(lib_a-bsearch.o)
                0x0000000000010f18                bsearch
 .text.calloc   0x0000000000010fd0       0x2c /opt/devkitpro/devkitA64/lib/gcc/aarch64-none-elf/9.2.0/../../../../aarch64-none-elf/lib/pic/libg.a(lib_a-calloc.o)
                0x0000000000010fd0                calloc
 *fill*         0x0000000000010ffc        0x4 
 .text._calloc_r
                0x0000000000011000       0x94 /opt/devkitpro/devkitA64/lib/gcc/aarch64-none-elf/9.2.0/../../../../aarch64-none-elf/lib/pic/libg.a(lib_a-callocr.o)
                0x0000000000011000                _calloc_r
 *fill*         0x0000000000011094        0x4 
 .text.__errno  0x0000000000011098       0x14 /opt/devkitpro/devkitA64/lib/gcc/aarch64-none-elf/9.2.0/../../../../aarch64-none-elf/lib/pic/libg.a(lib_a-errno.o)
                0x0000000000011098                __errno
 *fill*         0x00000000000110ac        0x4 
 .text.__libc_fini_array
                0x00000000000110b0       0x4c /opt/devkitpro/devkitA64/lib/gcc/aarch64-none-elf/9.2.0/../../../../aarch64-none-elf/lib/pic/libg.a(lib_a-fini.o)
                0x00000000000110b0                __libc_fini_array
 *fill*         0x00000000000110fc        0x4 
 .text.gmtime   0x0000000000011100       0x2c /opt/devkitpro/devkitA64/lib/gcc/aarch64-none-elf/9.2.0/../../../../aarch64-none-elf/lib/pic/libg.a(lib_a-gmtime.o)
                0x0000000000011100                gmtime
 *fill*         0x000000000001112c        0x4 
 .text.gmtime_r
                0x0000000000011130      0x29c /opt/devkitpro/devkitA64/lib/gcc/aarch64-none-elf/9.2.0/../../../../aarch64-none-elf/lib/pic/libg.a(lib_a-gmtime_r.o)
                0x0000000000011130                gmtime_r
 *fill*         0x00000000000113cc        0x4 
 .text.__libc_init_array
                0x00000000000113d0       0x9c /opt/devkitpro/devkitA64/lib/gcc/aarch64-none-elf/9.2.0/../../../../aarch64-none-elf/lib/pic/libg.a(lib_a-init.o)
                0x00000000000113d0                __libc_init_array
 *fill*         0x000000000001146c        0x4 
 .text.memalign
                0x0000000000011470       0x2c /opt/devkitpro/devkitA64/lib/gcc/aarch64-none-elf/9.2.0/../../../../aarch64-none-elf/lib/pic/libg.a(lib_a-malign.o)
                0x0000000000011470                memalign
 *fill*         0x000000000001149c        0x4 
 .text._memalign_r
                0x00000000000114a0      0x1a0 /opt/devkitpro/devkitA64/lib/gcc/aarch64-none-elf/9.2.0/../../../../aarch64-none-elf/lib/pic/libg.a(lib_a-malignr.o)
                0x00000000000114a0                _memalign_r
 .text.malloc   0x0000000000011640       0x24 /opt/devkitpro/devkitA64/lib/gcc/aarch64-none-elf/9.2.0/../../../../aarch64-none-elf/lib/pic/libg.a(lib_a-malloc.o)
                0x0000000000011640                malloc
 *fill*         0x0000000000011664        0x4 
 .text.free     0x0000000000011668       0x24 /opt/devkitpro/devkitA64/lib/gcc/aarch64-none-elf/9.2.0/../../../../aarch64-none-elf/lib/pic/libg.a(lib_a-malloc.o)
                0x0000000000011668                free
 *fill*         0x000000000001168c        0x4 
 .text._malloc_r
                0x0000000000011690      0x874 /opt/devkitpro/devkitA64/lib/gcc/aarch64-none-elf/9.2.0/../../../../aarch64-none-elf/lib/pic/libg.a(lib_a-mallocr.o)
                0x0000000000011690                _malloc_r
 .text          0x0000000000011f04       0xd8 /opt/devkitpro/devkitA64/lib/gcc/aarch64-none-elf/9.2.0/../../../../aarch64-none-elf/lib/pic/libg.a(lib_a-memchr.o)
                0x0000000000011f04                memchr
 *fill*         0x0000000000011fdc       0x24 
 .text          0x0000000000012000      0x16c /opt/devkitpro/devkitA64/lib/gcc/aarch64-none-elf/9.2.0/../../../../aarch64-none-elf/lib/pic/libg.a(lib_a-memcpy.o)
                0x0000000000012000                memcpy
 *fill*         0x000000000001216c       0x14 
 .text          0x0000000000012180      0x1dc /opt/devkitpro/devkitA64/lib/gcc/aarch64-none-elf/9.2.0/../../../../aarch64-none-elf/lib/pic/libg.a(lib_a-memset.o)
                0x0000000000012180                memset
 *fill*         0x000000000001235c        0x4 
 .text.__malloc_lock
                0x0000000000012360        0xc /opt/devkitpro/devkitA64/lib/gcc/aarch64-none-elf/9.2.0/../../../../aarch64-none-elf/lib/pic/libg.a(lib_a-mlock.o)
                0x0000000000012360                __malloc_lock
 *fill*         0x000000000001236c        0x4 
 .text.__malloc_unlock
                0x0000000000012370        0xc /opt/devkitpro/devkitA64/lib/gcc/aarch64-none-elf/9.2.0/../../../../aarch64-none-elf/lib/pic/libg.a(lib_a-mlock.o)
                0x0000000000012370                __malloc_unlock
 *fill*         0x000000000001237c        0x4 
 .text._puts_r  0x0000000000012380       0xd0 /opt/devkitpro/devkitA64/lib/gcc/aarch64-none-elf/9.2.0/../../../../aarch64-none-elf/lib/pic/libg.a(lib_a-puts.o)
                0x0000000000012380                _puts_r
 .text.puts     0x0000000000012450       0x24 /opt/devkitpro/devkitA64/lib/gcc/aarch64-none-elf/9.2.0/../../../../aarch64-none-elf/lib/pic/libg.a(lib_a-puts.o)
                0x0000000000012450                puts
 *fill*         0x0000000000012474        0x4 
 .text.setenv   0x0000000000012478       0x3c /opt/devkitpro/devkitA64/lib/gcc/aarch64-none-elf/9.2.0/../../../../aarch64-none-elf/lib/pic/libg.a(lib_a-setenv.o)
                0x0000000000012478                setenv
 *fill*         0x00000000000124b4        0x4 
 .text._setenv_r
                0x00000000000124b8      0x268 /opt/devkitpro/devkitA64/lib/gcc/aarch64-none-elf/9.2.0/../../../../aarch64-none-elf/lib/pic/libg.a(lib_a-setenv_r.o)
                0x00000000000124b8                _setenv_r
 .text.setvbuf  0x0000000000012720      0x278 /opt/devkitpro/devkitA64/lib/gcc/aarch64-none-elf/9.2.0/../../../../aarch64-none-elf/lib/pic/libg.a(lib_a-setvbuf.o)
                0x0000000000012720                setvbuf
 .text.sscanf   0x0000000000012998       0xc0 /opt/devkitpro/devkitA64/lib/gcc/aarch64-none-elf/9.2.0/../../../../aarch64-none-elf/lib/pic/libg.a(lib_a-sscanf.o)
                0x0000000000012998                sscanf
 .text.__sread  0x0000000000012a58       0x50 /opt/devkitpro/devkitA64/lib/gcc/aarch64-none-elf/9.2.0/../../../../aarch64-none-elf/lib/pic/libg.a(lib_a-stdio.o)
                0x0000000000012a58                __sread
 .text.__seofread
                0x0000000000012aa8        0x8 /opt/devkitpro/devkitA64/lib/gcc/aarch64-none-elf/9.2.0/../../../../aarch64-none-elf/lib/pic/libg.a(lib_a-stdio.o)
                0x0000000000012aa8                __seofread
 .text.__swrite
                0x0000000000012ab0       0x6c /opt/devkitpro/devkitA64/lib/gcc/aarch64-none-elf/9.2.0/../../../../aarch64-none-elf/lib/pic/libg.a(lib_a-stdio.o)
                0x0000000000012ab0                __swrite
 *fill*         0x0000000000012b1c        0x4 
 .text.__sseek  0x0000000000012b20       0x50 /opt/devkitpro/devkitA64/lib/gcc/aarch64-none-elf/9.2.0/../../../../aarch64-none-elf/lib/pic/libg.a(lib_a-stdio.o)
                0x0000000000012b20                __sseek
 .text.__sclose
                0x0000000000012b70        0x8 /opt/devkitpro/devkitA64/lib/gcc/aarch64-none-elf/9.2.0/../../../../aarch64-none-elf/lib/pic/libg.a(lib_a-stdio.o)
                0x0000000000012b70                __sclose
 .text          0x0000000000012b78       0xdc /opt/devkitpro/devkitA64/lib/gcc/aarch64-none-elf/9.2.0/../../../../aarch64-none-elf/lib/pic/libg.a(lib_a-strchr.o)
                0x0000000000012b78                strchr
 *fill*         0x0000000000012c54       0x2c 
 .text          0x0000000000012c80       0xe4 /opt/devkitpro/devkitA64/lib/gcc/aarch64-none-elf/9.2.0/../../../../aarch64-none-elf/lib/pic/libg.a(lib_a-strcmp.o)
                0x0000000000012c80                strcmp
 *fill*         0x0000000000012d64       0x1c 
 .text          0x0000000000012d80      0x140 /opt/devkitpro/devkitA64/lib/gcc/aarch64-none-elf/9.2.0/../../../../aarch64-none-elf/lib/pic/libg.a(lib_a-strlen.o)
                0x0000000000012d80                strlen
 .text.strncat  0x0000000000012ec0       0x84 /opt/devkitpro/devkitA64/lib/gcc/aarch64-none-elf/9.2.0/../../../../aarch64-none-elf/lib/pic/libg.a(lib_a-strncat.o)
                0x0000000000012ec0                strncat
 *fill*         0x0000000000012f44       0x3c 
 .text          0x0000000000012f80      0x1d4 /opt/devkitpro/devkitA64/lib/gcc/aarch64-none-elf/9.2.0/../../../../aarch64-none-elf/lib/pic/libg.a(lib_a-strncmp.o)
                0x0000000000012f9c                strncmp
 *fill*         0x0000000000013154        0x4 
 .text.strncpy  0x0000000000013158       0x9c /opt/devkitpro/devkitA64/lib/gcc/aarch64-none-elf/9.2.0/../../../../aarch64-none-elf/lib/pic/libg.a(lib_a-strncpy.o)
                0x0000000000013158                strncpy
 *fill*         0x00000000000131f4        0xc 
 .text          0x0000000000013200       0xe0 /opt/devkitpro/devkitA64/lib/gcc/aarch64-none-elf/9.2.0/../../../../aarch64-none-elf/lib/pic/libg.a(lib_a-strnlen.o)
                0x0000000000013224                strnlen
 .text._strtoul_l.isra.0
                0x00000000000132e0      0x1ac /opt/devkitpro/devkitA64/lib/gcc/aarch64-none-elf/9.2.0/../../../../aarch64-none-elf/lib/pic/libg.a(lib_a-strtoul.o)
 *fill*         0x000000000001348c        0x4 
 .text._strtoul_r
                0x0000000000013490       0x44 /opt/devkitpro/devkitA64/lib/gcc/aarch64-none-elf/9.2.0/../../../../aarch64-none-elf/lib/pic/libg.a(lib_a-strtoul.o)
                0x0000000000013490                _strtoul_r
 *fill*         0x00000000000134d4        0x4 
 .text.strtoul  0x00000000000134d8       0x48 /opt/devkitpro/devkitA64/lib/gcc/aarch64-none-elf/9.2.0/../../../../aarch64-none-elf/lib/pic/libg.a(lib_a-strtoul.o)
                0x00000000000134d8                strtoul
 .text.get_arg  0x0000000000013520       0x74 /opt/devkitpro/devkitA64/lib/gcc/aarch64-none-elf/9.2.0/../../../../aarch64-none-elf/lib/pic/libg.a(lib_a-svfscanf.o)
 .text.__ssvfscanf_r
                0x0000000000013594     0x3204 /opt/devkitpro/devkitA64/lib/gcc/aarch64-none-elf/9.2.0/../../../../aarch64-none-elf/lib/pic/libg.a(lib_a-svfscanf.o)
                0x0000000000013594                __ssvfscanf_r
 .text._wcrtomb_r
                0x0000000000016798       0xd0 /opt/devkitpro/devkitA64/lib/gcc/aarch64-none-elf/9.2.0/../../../../aarch64-none-elf/lib/pic/libg.a(lib_a-wcrtomb.o)
                0x0000000000016798                _wcrtomb_r
 .text._wcsrtombs_r
                0x0000000000016868       0x10 /opt/devkitpro/devkitA64/lib/gcc/aarch64-none-elf/9.2.0/../../../../aarch64-none-elf/lib/pic/libg.a(lib_a-wcsrtombs.o)
                0x0000000000016868                _wcsrtombs_r
 .text.__swsetup_r
                0x0000000000016878      0x138 /opt/devkitpro/devkitA64/lib/gcc/aarch64-none-elf/9.2.0/../../../../aarch64-none-elf/lib/pic/libg.a(lib_a-wsetup.o)
                0x0000000000016878                __swsetup_r
 .text.__call_exitprocs
                0x00000000000169b0      0x12c /opt/devkitpro/devkitA64/lib/gcc/aarch64-none-elf/9.2.0/../../../../aarch64-none-elf/lib/pic/libg.a(lib_a-__call_atexit.o)
                0x00000000000169b0                __call_exitprocs
 *fill*         0x0000000000016adc        0x4 
 .text.quorem   0x0000000000016ae0      0x19c /opt/devkitpro/devkitA64/lib/gcc/aarch64-none-elf/9.2.0/../../../../aarch64-none-elf/lib/pic/libg.a(lib_a-dtoa.o)
 *fill*         0x0000000000016c7c        0x4 
 .text._dtoa_r  0x0000000000016c80     0x1124 /opt/devkitpro/devkitA64/lib/gcc/aarch64-none-elf/9.2.0/../../../../aarch64-none-elf/lib/pic/libg.a(lib_a-dtoa.o)
                0x0000000000016c80                _dtoa_r
 *fill*         0x0000000000017da4        0x4 
 .text.__env_lock
                0x0000000000017da8        0xc /opt/devkitpro/devkitA64/lib/gcc/aarch64-none-elf/9.2.0/../../../../aarch64-none-elf/lib/pic/libg.a(lib_a-envlock.o)
                0x0000000000017da8                __env_lock
 *fill*         0x0000000000017db4        0x4 
 .text.__env_unlock
                0x0000000000017db8        0xc /opt/devkitpro/devkitA64/lib/gcc/aarch64-none-elf/9.2.0/../../../../aarch64-none-elf/lib/pic/libg.a(lib_a-envlock.o)
                0x0000000000017db8                __env_unlock
 *fill*         0x0000000000017dc4        0x4 
 .text.__sflush_r
                0x0000000000017dc8      0x214 /opt/devkitpro/devkitA64/lib/gcc/aarch64-none-elf/9.2.0/../../../../aarch64-none-elf/lib/pic/libg.a(lib_a-fflush.o)
                0x0000000000017dc8                __sflush_r
 *fill*         0x0000000000017fdc        0x4 
 .text._fflush_r
                0x0000000000017fe0       0xb8 /opt/devkitpro/devkitA64/lib/gcc/aarch64-none-elf/9.2.0/../../../../aarch64-none-elf/lib/pic/libg.a(lib_a-fflush.o)
                0x0000000000017fe0                _fflush_r
 .text.std      0x0000000000018098       0x80 /opt/devkitpro/devkitA64/lib/gcc/aarch64-none-elf/9.2.0/../../../../aarch64-none-elf/lib/pic/libg.a(lib_a-findfp.o)
 .text._cleanup_r
                0x0000000000018118        0xc /opt/devkitpro/devkitA64/lib/gcc/aarch64-none-elf/9.2.0/../../../../aarch64-none-elf/lib/pic/libg.a(lib_a-findfp.o)
                0x0000000000018118                _cleanup_r
 *fill*         0x0000000000018124        0x4 
 .text.__sfp_lock_acquire
                0x0000000000018128        0xc /opt/devkitpro/devkitA64/lib/gcc/aarch64-none-elf/9.2.0/../../../../aarch64-none-elf/lib/pic/libg.a(lib_a-findfp.o)
                0x0000000000018128                __sfp_lock_acquire
 *fill*         0x0000000000018134        0x4 
 .text.__sfp_lock_release
                0x0000000000018138        0xc /opt/devkitpro/devkitA64/lib/gcc/aarch64-none-elf/9.2.0/../../../../aarch64-none-elf/lib/pic/libg.a(lib_a-findfp.o)
                0x0000000000018138                __sfp_lock_release
 *fill*         0x0000000000018144        0x4 
 .text.__sinit_lock_acquire
                0x0000000000018148        0xc /opt/devkitpro/devkitA64/lib/gcc/aarch64-none-elf/9.2.0/../../../../aarch64-none-elf/lib/pic/libg.a(lib_a-findfp.o)
                0x0000000000018148                __sinit_lock_acquire
 *fill*         0x0000000000018154        0x4 
 .text.__sinit_lock_release
                0x0000000000018158        0xc /opt/devkitpro/devkitA64/lib/gcc/aarch64-none-elf/9.2.0/../../../../aarch64-none-elf/lib/pic/libg.a(lib_a-findfp.o)
                0x0000000000018158                __sinit_lock_release
 *fill*         0x0000000000018164        0x4 
 .text.__sinit  0x0000000000018168       0x80 /opt/devkitpro/devkitA64/lib/gcc/aarch64-none-elf/9.2.0/../../../../aarch64-none-elf/lib/pic/libg.a(lib_a-findfp.o)
                0x0000000000018168                __sinit
 .text._malloc_trim_r
                0x00000000000181e8      0x118 /opt/devkitpro/devkitA64/lib/gcc/aarch64-none-elf/9.2.0/../../../../aarch64-none-elf/lib/pic/libg.a(lib_a-freer.o)
                0x00000000000181e8                _malloc_trim_r
 .text._free_r  0x0000000000018300      0x300 /opt/devkitpro/devkitA64/lib/gcc/aarch64-none-elf/9.2.0/../../../../aarch64-none-elf/lib/pic/libg.a(lib_a-freer.o)
                0x0000000000018300                _free_r
 .text.__sfvwrite_r
                0x0000000000018600      0x4b8 /opt/devkitpro/devkitA64/lib/gcc/aarch64-none-elf/9.2.0/../../../../aarch64-none-elf/lib/pic/libg.a(lib_a-fvwrite.o)
                0x0000000000018600                __sfvwrite_r
 .text._fwalk_reent
                0x0000000000018ab8       0xa4 /opt/devkitpro/devkitA64/lib/gcc/aarch64-none-elf/9.2.0/../../../../aarch64-none-elf/lib/pic/libg.a(lib_a-fwalk.o)
                0x0000000000018ab8                _fwalk_reent
 *fill*         0x0000000000018b5c        0x4 
 .text._findenv_r
                0x0000000000018b60      0x100 /opt/devkitpro/devkitA64/lib/gcc/aarch64-none-elf/9.2.0/../../../../aarch64-none-elf/lib/pic/libg.a(lib_a-getenv_r.o)
                0x0000000000018b60                _findenv_r
 .text.iswspace
                0x0000000000018c60        0x8 /opt/devkitpro/devkitA64/lib/gcc/aarch64-none-elf/9.2.0/../../../../aarch64-none-elf/lib/pic/libg.a(lib_a-iswspace.o)
                0x0000000000018c60                iswspace
 .text.__localeconv_l
                0x0000000000018c68        0x8 /opt/devkitpro/devkitA64/lib/gcc/aarch64-none-elf/9.2.0/../../../../aarch64-none-elf/lib/pic/libg.a(lib_a-localeconv.o)
                0x0000000000018c68                __localeconv_l
 .text._localeconv_r
                0x0000000000018c70       0x28 /opt/devkitpro/devkitA64/lib/gcc/aarch64-none-elf/9.2.0/../../../../aarch64-none-elf/lib/pic/libg.a(lib_a-localeconv.o)
                0x0000000000018c70                _localeconv_r
 .text.__locale_mb_cur_max
                0x0000000000018c98       0x2c /opt/devkitpro/devkitA64/lib/gcc/aarch64-none-elf/9.2.0/../../../../aarch64-none-elf/lib/pic/libg.a(lib_a-locale.o)
                0x0000000000018c98                __locale_mb_cur_max
 *fill*         0x0000000000018cc4        0x4 
 .text.__swhatbuf_r
                0x0000000000018cc8       0xa4 /opt/devkitpro/devkitA64/lib/gcc/aarch64-none-elf/9.2.0/../../../../aarch64-none-elf/lib/pic/libg.a(lib_a-makebuf.o)
                0x0000000000018cc8                __swhatbuf_r
 *fill*         0x0000000000018d6c        0x4 
 .text.__smakebuf_r
                0x0000000000018d70      0x10c /opt/devkitpro/devkitA64/lib/gcc/aarch64-none-elf/9.2.0/../../../../aarch64-none-elf/lib/pic/libg.a(lib_a-makebuf.o)
                0x0000000000018d70                __smakebuf_r
 *fill*         0x0000000000018e7c        0x4 
 .text._mbrtowc_r
                0x0000000000018e80       0xe8 /opt/devkitpro/devkitA64/lib/gcc/aarch64-none-elf/9.2.0/../../../../aarch64-none-elf/lib/pic/libg.a(lib_a-mbrtowc.o)
                0x0000000000018e80                _mbrtowc_r
 .text.__utf8_mbtowc
                0x0000000000018f68      0x2c8 /opt/devkitpro/devkitA64/lib/gcc/aarch64-none-elf/9.2.0/../../../../aarch64-none-elf/lib/pic/libg.a(lib_a-mbtowc_r.o)
                0x0000000000018f68                __utf8_mbtowc
 *fill*         0x0000000000019230       0x10 
 .text          0x0000000000019240       0xac /opt/devkitpro/devkitA64/lib/gcc/aarch64-none-elf/9.2.0/../../../../aarch64-none-elf/lib/pic/libg.a(lib_a-memmove.o)
                0x0000000000019240                memmove
 *fill*         0x00000000000192ec        0x4 
 .text._Balloc  0x00000000000192f0       0x90 /opt/devkitpro/devkitA64/lib/gcc/aarch64-none-elf/9.2.0/../../../../aarch64-none-elf/lib/pic/libg.a(lib_a-mprec.o)
                0x00000000000192f0                _Balloc
 .text._Bfree   0x0000000000019380       0x1c /opt/devkitpro/devkitA64/lib/gcc/aarch64-none-elf/9.2.0/../../../../aarch64-none-elf/lib/pic/libg.a(lib_a-mprec.o)
                0x0000000000019380                _Bfree
 *fill*         0x000000000001939c        0x4 
 .text.__multadd
                0x00000000000193a0       0xd8 /opt/devkitpro/devkitA64/lib/gcc/aarch64-none-elf/9.2.0/../../../../aarch64-none-elf/lib/pic/libg.a(lib_a-mprec.o)
                0x00000000000193a0                __multadd
 .text.__s2b    0x0000000000019478      0x12c /opt/devkitpro/devkitA64/lib/gcc/aarch64-none-elf/9.2.0/../../../../aarch64-none-elf/lib/pic/libg.a(lib_a-mprec.o)
                0x0000000000019478                __s2b
 *fill*         0x00000000000195a4        0x4 
 .text.__hi0bits
                0x00000000000195a8       0x5c /opt/devkitpro/devkitA64/lib/gcc/aarch64-none-elf/9.2.0/../../../../aarch64-none-elf/lib/pic/libg.a(lib_a-mprec.o)
                0x00000000000195a8                __hi0bits
 *fill*         0x0000000000019604        0x4 
 .text.__lo0bits
                0x0000000000019608       0xa0 /opt/devkitpro/devkitA64/lib/gcc/aarch64-none-elf/9.2.0/../../../../aarch64-none-elf/lib/pic/libg.a(lib_a-mprec.o)
                0x0000000000019608                __lo0bits
 .text.__i2b    0x00000000000196a8       0x2c /opt/devkitpro/devkitA64/lib/gcc/aarch64-none-elf/9.2.0/../../../../aarch64-none-elf/lib/pic/libg.a(lib_a-mprec.o)
                0x00000000000196a8                __i2b
 *fill*         0x00000000000196d4        0x4 
 .text.__multiply
                0x00000000000196d8      0x1dc /opt/devkitpro/devkitA64/lib/gcc/aarch64-none-elf/9.2.0/../../../../aarch64-none-elf/lib/pic/libg.a(lib_a-mprec.o)
                0x00000000000196d8                __multiply
 *fill*         0x00000000000198b4        0x4 
 .text.__pow5mult
                0x00000000000198b8      0x100 /opt/devkitpro/devkitA64/lib/gcc/aarch64-none-elf/9.2.0/../../../../aarch64-none-elf/lib/pic/libg.a(lib_a-mprec.o)
                0x00000000000198b8                __pow5mult
 .text.__lshift
                0x00000000000199b8      0x154 /opt/devkitpro/devkitA64/lib/gcc/aarch64-none-elf/9.2.0/../../../../aarch64-none-elf/lib/pic/libg.a(lib_a-mprec.o)
                0x00000000000199b8                __lshift
 *fill*         0x0000000000019b0c        0x4 
 .text.__mcmp   0x0000000000019b10       0x50 /opt/devkitpro/devkitA64/lib/gcc/aarch64-none-elf/9.2.0/../../../../aarch64-none-elf/lib/pic/libg.a(lib_a-mprec.o)
                0x0000000000019b10                __mcmp
 .text.__mdiff  0x0000000000019b60      0x17c /opt/devkitpro/devkitA64/lib/gcc/aarch64-none-elf/9.2.0/../../../../aarch64-none-elf/lib/pic/libg.a(lib_a-mprec.o)
                0x0000000000019b60                __mdiff
 *fill*         0x0000000000019cdc        0x4 
 .text.__ulp    0x0000000000019ce0       0x68 /opt/devkitpro/devkitA64/lib/gcc/aarch64-none-elf/9.2.0/../../../../aarch64-none-elf/lib/pic/libg.a(lib_a-mprec.o)
                0x0000000000019ce0                __ulp
 .text.__b2d    0x0000000000019d48      0x150 /opt/devkitpro/devkitA64/lib/gcc/aarch64-none-elf/9.2.0/../../../../aarch64-none-elf/lib/pic/libg.a(lib_a-mprec.o)
                0x0000000000019d48                __b2d
 .text.__d2b    0x0000000000019e98      0x138 /opt/devkitpro/devkitA64/lib/gcc/aarch64-none-elf/9.2.0/../../../../aarch64-none-elf/lib/pic/libg.a(lib_a-mprec.o)
                0x0000000000019e98                __d2b
 .text.__ratio  0x0000000000019fd0       0xa0 /opt/devkitpro/devkitA64/lib/gcc/aarch64-none-elf/9.2.0/../../../../aarch64-none-elf/lib/pic/libg.a(lib_a-mprec.o)
                0x0000000000019fd0                __ratio
 .text.__copybits
                0x000000000001a070       0x68 /opt/devkitpro/devkitA64/lib/gcc/aarch64-none-elf/9.2.0/../../../../aarch64-none-elf/lib/pic/libg.a(lib_a-mprec.o)
                0x000000000001a070                __copybits
 .text.__any_on
                0x000000000001a0d8       0x6c /opt/devkitpro/devkitA64/lib/gcc/aarch64-none-elf/9.2.0/../../../../aarch64-none-elf/lib/pic/libg.a(lib_a-mprec.o)
                0x000000000001a0d8                __any_on
 *fill*         0x000000000001a144        0x4 
 .text.realloc  0x000000000001a148       0x2c /opt/devkitpro/devkitA64/lib/gcc/aarch64-none-elf/9.2.0/../../../../aarch64-none-elf/lib/pic/libg.a(lib_a-realloc.o)
                0x000000000001a148                realloc
 *fill*         0x000000000001a174        0x4 
 .text._realloc_r
                0x000000000001a178      0x56c /opt/devkitpro/devkitA64/lib/gcc/aarch64-none-elf/9.2.0/../../../../aarch64-none-elf/lib/pic/libg.a(lib_a-reallocr.o)
                0x000000000001a178                _realloc_r
 *fill*         0x000000000001a6e4        0x4 
 .text.__sccl   0x000000000001a6e8       0xd4 /opt/devkitpro/devkitA64/lib/gcc/aarch64-none-elf/9.2.0/../../../../aarch64-none-elf/lib/pic/libg.a(lib_a-sccl.o)
                0x000000000001a6e8                __sccl
 *fill*         0x000000000001a7bc        0x4 
 .text.nanf     0x000000000001a7c0        0xc /opt/devkitpro/devkitA64/lib/gcc/aarch64-none-elf/9.2.0/../../../../aarch64-none-elf/lib/pic/libg.a(lib_a-sf_nan.o)
                0x000000000001a7c0                nanf
 *fill*         0x000000000001a7cc        0x4 
 .text.frexp    0x000000000001a7d0       0x7c /opt/devkitpro/devkitA64/lib/gcc/aarch64-none-elf/9.2.0/../../../../aarch64-none-elf/lib/pic/libg.a(lib_a-s_frexp.o)
                0x000000000001a7d0                frexp
 *fill*         0x000000000001a84c        0x4 
 .text.sprintf  0x000000000001a850       0xac /opt/devkitpro/devkitA64/lib/gcc/aarch64-none-elf/9.2.0/../../../../aarch64-none-elf/lib/pic/libg.a(lib_a-sprintf.o)
                0x000000000001a850                sprintf
 *fill*         0x000000000001a8fc        0x4 
 .text.stpncpy  0x000000000001a900       0x98 /opt/devkitpro/devkitA64/lib/gcc/aarch64-none-elf/9.2.0/../../../../aarch64-none-elf/lib/pic/libg.a(lib_a-stpncpy.o)
                0x000000000001a900                stpncpy
 .text.sulp     0x000000000001a998       0x54 /opt/devkitpro/devkitA64/lib/gcc/aarch64-none-elf/9.2.0/../../../../aarch64-none-elf/lib/pic/libg.a(lib_a-strtod.o)
 *fill*         0x000000000001a9ec        0x4 
 .text._strtod_l
                0x000000000001a9f0     0x112c /opt/devkitpro/devkitA64/lib/gcc/aarch64-none-elf/9.2.0/../../../../aarch64-none-elf/lib/pic/libg.a(lib_a-strtod.o)
                0x000000000001a9f0                _strtod_l
 *fill*         0x000000000001bb1c        0x4 
 .text._strtod_r
                0x000000000001bb20       0x54 /opt/devkitpro/devkitA64/lib/gcc/aarch64-none-elf/9.2.0/../../../../aarch64-none-elf/lib/pic/libg.a(lib_a-strtod.o)
                0x000000000001bb20                _strtod_r
 *fill*         0x000000000001bb74        0x4 
 .text._strtoll_l.isra.0
                0x000000000001bb78      0x19c /opt/devkitpro/devkitA64/lib/gcc/aarch64-none-elf/9.2.0/../../../../aarch64-none-elf/lib/pic/libg.a(lib_a-strtoll.o)
 *fill*         0x000000000001bd14        0x4 
 .text._strtoll_r
                0x000000000001bd18       0x44 /opt/devkitpro/devkitA64/lib/gcc/aarch64-none-elf/9.2.0/../../../../aarch64-none-elf/lib/pic/libg.a(lib_a-strtoll.o)
                0x000000000001bd18                _strtoll_r
 *fill*         0x000000000001bd5c        0x4 
 .text._strtol_l.isra.0
                0x000000000001bd60      0x19c /opt/devkitpro/devkitA64/lib/gcc/aarch64-none-elf/9.2.0/../../../../aarch64-none-elf/lib/pic/libg.a(lib_a-strtol.o)
 *fill*         0x000000000001befc        0x4 
 .text._strtol_r
                0x000000000001bf00       0x44 /opt/devkitpro/devkitA64/lib/gcc/aarch64-none-elf/9.2.0/../../../../aarch64-none-elf/lib/pic/libg.a(lib_a-strtol.o)
                0x000000000001bf00                _strtol_r
 *fill*         0x000000000001bf44        0x4 
 .text._strtoull_l.isra.0
                0x000000000001bf48      0x1ac /opt/devkitpro/devkitA64/lib/gcc/aarch64-none-elf/9.2.0/../../../../aarch64-none-elf/lib/pic/libg.a(lib_a-strtoull.o)
 *fill*         0x000000000001c0f4        0x4 
 .text._strtoull_r